
Merging program properties


As-needed library included to satisfy reference by file (symbol)

libarsal.so                   /home/jose/catkin_ws/build/parrot_arsdk/arsdk/src/ARSDKBuildUtils/out/arsdk-native/build/libARController/obj/Sources/ARCONTROLLER_StreamQueue.c.o (ARSAL_Sem_Wait)
libardiscovery.so             /home/jose/catkin_ws/build/parrot_arsdk/arsdk/src/ARSDKBuildUtils/out/arsdk-native/build/libARController/obj/Sources/ARCONTROLLER_Network.c.o (ARDISCOVERY_Device_WifiSetDeviceToControllerPort)
libarcommands.so              /home/jose/catkin_ws/build/parrot_arsdk/arsdk/src/ARSDKBuildUtils/out/arsdk-native/build/libARController/obj/Sources/ARCONTROLLER_Network.c.o (ARCOMMANDS_Decoder_DescribeBuffer)
libarstream.so                /home/jose/catkin_ws/build/parrot_arsdk/arsdk/src/ARSDKBuildUtils/out/arsdk-native/build/libARController/obj/Sources/ARCONTROLLER_Stream1.c.o (ARSTREAM_Reader_New)
libarstream2.so               /home/jose/catkin_ws/build/parrot_arsdk/arsdk/src/ARSDKBuildUtils/out/arsdk-native/build/libARController/obj/Sources/ARCONTROLLER_Stream2.c.o (ARSTREAM2_StreamReceiver_RunAppOutputThread)
libarnetworkal.so             /home/jose/catkin_ws/build/parrot_arsdk/arsdk/src/ARSDKBuildUtils/out/arsdk-native/build/libARController/obj/Sources/ARCONTROLLER_Network.c.o (ARNETWORKAL_Error_ToString)
libarnetwork.so               /home/jose/catkin_ws/build/parrot_arsdk/arsdk/src/ARSDKBuildUtils/out/arsdk-native/build/libARController/obj/Sources/ARCONTROLLER_Network.c.o (ARNETWORK_Manager_ReceivingThreadRun)
librtsp.so                    /home/jose/catkin_ws/build/parrot_arsdk/arsdk/src/ARSDKBuildUtils/out/arsdk-native/build/libARController/obj/gen/Sources/ARCONTROLLER_Device.c.o (rtsp_client_connect)
libsdp.so                     /home/jose/catkin_ws/build/parrot_arsdk/arsdk/src/ARSDKBuildUtils/out/arsdk-native/build/libARController/obj/gen/Sources/ARCONTROLLER_Device.c.o (sdp_description_read)
libpomp.so                    /home/jose/catkin_ws/build/parrot_arsdk/arsdk/src/ARSDKBuildUtils/out/arsdk-native/build/libARController/obj/gen/Sources/ARCONTROLLER_Device.c.o (pomp_loop_wakeup)
libmux.so                     /home/jose/catkin_ws/build/parrot_arsdk/arsdk/src/ARSDKBuildUtils/out/arsdk-native/build/libARController/obj/Sources/ARCONTROLLER_Stream2.c.o (mux_ref)
libjson-c.so                  /home/jose/catkin_ws/build/parrot_arsdk/arsdk/src/ARSDKBuildUtils/out/arsdk-native/build/libARController/obj/Sources/ARCONTROLLER_Stream2.c.o (json_object_new_int)
libpthread.so.0               /home/jose/catkin_ws/build/parrot_arsdk/arsdk/src/ARSDKBuildUtils/out/arsdk-native/build/libARController/obj/Sources/ARCONTROLLER_Network.c.o (__errno_location@@GLIBC_2.2.5)
libc.so.6                     /home/jose/catkin_ws/build/parrot_arsdk/arsdk/src/ARSDKBuildUtils/out/arsdk-native/build/libARController/obj/Sources/ARCONTROLLER_Dictionary.c.o (exit@@GLIBC_2.2.5)

Discarded input sections

 .text          0x0000000000000000        0x0 /usr/lib/gcc/x86_64-linux-gnu/9/../../../x86_64-linux-gnu/crti.o
 .data          0x0000000000000000        0x0 /usr/lib/gcc/x86_64-linux-gnu/9/../../../x86_64-linux-gnu/crti.o
 .bss           0x0000000000000000        0x0 /usr/lib/gcc/x86_64-linux-gnu/9/../../../x86_64-linux-gnu/crti.o
 .note.GNU-stack
                0x0000000000000000        0x0 /usr/lib/gcc/x86_64-linux-gnu/9/../../../x86_64-linux-gnu/crti.o
 .data          0x0000000000000000        0x0 /usr/lib/gcc/x86_64-linux-gnu/9/crtbeginS.o
 .note.GNU-stack
                0x0000000000000000        0x0 /usr/lib/gcc/x86_64-linux-gnu/9/crtbeginS.o
 .note.gnu.property
                0x0000000000000000       0x20 /usr/lib/gcc/x86_64-linux-gnu/9/crtbeginS.o
 .text          0x0000000000000000        0x0 /home/jose/catkin_ws/build/parrot_arsdk/arsdk/src/ARSDKBuildUtils/out/arsdk-native/build/libARController/obj/Sources/ARCONTROLLER_Dictionary.c.o
 .data          0x0000000000000000        0x0 /home/jose/catkin_ws/build/parrot_arsdk/arsdk/src/ARSDKBuildUtils/out/arsdk-native/build/libARController/obj/Sources/ARCONTROLLER_Dictionary.c.o
 .bss           0x0000000000000000        0x0 /home/jose/catkin_ws/build/parrot_arsdk/arsdk/src/ARSDKBuildUtils/out/arsdk-native/build/libARController/obj/Sources/ARCONTROLLER_Dictionary.c.o
 .note.GNU-stack
                0x0000000000000000        0x0 /home/jose/catkin_ws/build/parrot_arsdk/arsdk/src/ARSDKBuildUtils/out/arsdk-native/build/libARController/obj/Sources/ARCONTROLLER_Dictionary.c.o
 .note.gnu.property
                0x0000000000000000       0x20 /home/jose/catkin_ws/build/parrot_arsdk/arsdk/src/ARSDKBuildUtils/out/arsdk-native/build/libARController/obj/Sources/ARCONTROLLER_Dictionary.c.o
 .text          0x0000000000000000        0x0 /home/jose/catkin_ws/build/parrot_arsdk/arsdk/src/ARSDKBuildUtils/out/arsdk-native/build/libARController/obj/Sources/ARCONTROLLER_Frame.c.o
[...]
Memory Configuration

Name             Origin             Length             Attributes
*default*        0x0000000000000000 0xffffffffffffffff

Linker script and memory map

LOAD /usr/lib/gcc/x86_64-linux-gnu/9/../../../x86_64-linux-gnu/crti.o
LOAD /usr/lib/gcc/x86_64-linux-gnu/9/crtbeginS.o
LOAD /home/jose/catkin_ws/build/parrot_arsdk/arsdk/src/ARSDKBuildUtils/out/arsdk-native/build/libARController/obj/Sources/ARCONTROLLER_Dictionary.c.o
LOAD /home/jose/catkin_ws/build/parrot_arsdk/arsdk/src/ARSDKBuildUtils/out/arsdk-native/build/libARController/obj/Sources/ARCONTROLLER_Frame.c.o
LOAD /home/jose/catkin_ws/build/parrot_arsdk/arsdk/src/ARSDKBuildUtils/out/arsdk-native/build/libARController/obj/Sources/ARCONTROLLER_Network.c.o
LOAD /home/jose/catkin_ws/build/parrot_arsdk/arsdk/src/ARSDKBuildUtils/out/arsdk-native/build/libARController/obj/Sources/ARCONTROLLER_Stream.c.o
LOAD /home/jose/catkin_ws/build/parrot_arsdk/arsdk/src/ARSDKBuildUtils/out/arsdk-native/build/libARController/obj/Sources/ARCONTROLLER_StreamPool.c.o
LOAD /home/jose/catkin_ws/build/parrot_arsdk/arsdk/src/ARSDKBuildUtils/out/arsdk-native/build/libARController/obj/Sources/ARCONTROLLER_StreamQueue.c.o
LOAD /home/jose/catkin_ws/build/parrot_arsdk/arsdk/src/ARSDKBuildUtils/out/arsdk-native/build/libARController/obj/Sources/ARCONTROLLER_Stream1.c.o
LOAD /home/jose/catkin_ws/build/parrot_arsdk/arsdk/src/ARSDKBuildUtils/out/arsdk-native/build/libARController/obj/Sources/ARCONTROLLER_Stream2.c.o
LOAD /home/jose/catkin_ws/build/parrot_arsdk/arsdk/src/ARSDKBuildUtils/out/arsdk-native/build/libARController/obj/Sources/ARCONTROLLER_StreamSender.c.o
LOAD /home/jose/catkin_ws/build/parrot_arsdk/arsdk/src/ARSDKBuildUtils/out/arsdk-native/build/libARController/obj/Sources/ARCONTROLLER_NAckCbs.c.o
LOAD /home/jose/catkin_ws/build/parrot_arsdk/arsdk/src/ARSDKBuildUtils/out/arsdk-native/build/libARController/obj/gen/Sources/ARCONTROLLER_Device.c.o
LOAD /home/jose/catkin_ws/build/parrot_arsdk/arsdk/src/ARSDKBuildUtils/out/arsdk-native/build/libARController/obj/gen/Sources/ARCONTROLLER_DICTIONARY_Key.c.o
LOAD /home/jose/catkin_ws/build/parrot_arsdk/arsdk/src/ARSDKBuildUtils/out/arsdk-native/build/libARController/obj/gen/Sources/ARCONTROLLER_Error.c.o
LOAD /home/jose/catkin_ws/build/parrot_arsdk/arsdk/src/ARSDKBuildUtils/out/arsdk-native/build/libARController/obj/gen/Sources/ARCONTROLLER_Feature.c.o
LOAD /home/jose/catkin_ws/build/parrot_arsdk/arsdk/src/ARSDKBuildUtils/out/arsdk-native/staging/usr/lib/libarsal.so
LOAD /home/jose/catkin_ws/build/parrot_arsdk/arsdk/src/ARSDKBuildUtils/out/arsdk-native/staging/usr/lib/libardiscovery.so
LOAD /home/jose/catkin_ws/build/parrot_arsdk/arsdk/src/ARSDKBuildUtils/out/arsdk-native/staging/usr/lib/libarcommands.so
LOAD /home/jose/catkin_ws/build/parrot_arsdk/arsdk/src/ARSDKBuildUtils/out/arsdk-native/staging/usr/lib/libarutils.so
LOAD /home/jose/catkin_ws/build/parrot_arsdk/arsdk/src/ARSDKBuildUtils/out/arsdk-native/staging/usr/lib/libarstream.so
LOAD /home/jose/catkin_ws/build/parrot_arsdk/arsdk/src/ARSDKBuildUtils/out/arsdk-native/staging/usr/lib/libarstream2.so
LOAD /home/jose/catkin_ws/build/parrot_arsdk/arsdk/src/ARSDKBuildUtils/out/arsdk-native/staging/usr/lib/libarnetworkal.so
LOAD /home/jose/catkin_ws/build/parrot_arsdk/arsdk/src/ARSDKBuildUtils/out/arsdk-native/staging/usr/lib/libarnetwork.so
LOAD /home/jose/catkin_ws/build/parrot_arsdk/arsdk/src/ARSDKBuildUtils/out/arsdk-native/staging/usr/lib/librtsp.so
LOAD /home/jose/catkin_ws/build/parrot_arsdk/arsdk/src/ARSDKBuildUtils/out/arsdk-native/staging/usr/lib/libsdp.so
LOAD /home/jose/catkin_ws/build/parrot_arsdk/arsdk/src/ARSDKBuildUtils/out/arsdk-native/staging/usr/lib/libfutils.so
LOAD /home/jose/catkin_ws/build/parrot_arsdk/arsdk/src/ARSDKBuildUtils/out/arsdk-native/staging/usr/lib/libpomp.so
LOAD /home/jose/catkin_ws/build/parrot_arsdk/arsdk/src/ARSDKBuildUtils/out/arsdk-native/staging/usr/lib/libmux.so
LOAD /home/jose/catkin_ws/build/parrot_arsdk/arsdk/src/ARSDKBuildUtils/out/arsdk-native/staging/usr/lib/libjson-c.so
LOAD /usr/lib/gcc/x86_64-linux-gnu/9/../../../x86_64-linux-gnu/librt.so
LOAD /usr/lib/gcc/x86_64-linux-gnu/9/libstdc++.so
LOAD /usr/lib/gcc/x86_64-linux-gnu/9/../../../x86_64-linux-gnu/libm.so
START GROUP
LOAD /lib/x86_64-linux-gnu/libm.so.6
LOAD /lib/x86_64-linux-gnu/libmvec.so.1
END GROUP
LOAD /usr/lib/gcc/x86_64-linux-gnu/9/libgcc_s.so
START GROUP
LOAD /usr/lib/gcc/x86_64-linux-gnu/9/../../../x86_64-linux-gnu/libgcc_s.so.1
LOAD /usr/lib/gcc/x86_64-linux-gnu/9/libgcc.a
END GROUP
LOAD /usr/lib/gcc/x86_64-linux-gnu/9/../../../x86_64-linux-gnu/libpthread.so
LOAD /usr/lib/gcc/x86_64-linux-gnu/9/../../../x86_64-linux-gnu/libc.so
START GROUP
LOAD /lib/x86_64-linux-gnu/libc.so.6
LOAD /usr/lib/x86_64-linux-gnu/libc_nonshared.a
LOAD /lib/x86_64-linux-gnu/ld-linux-x86-64.so.2
END GROUP
LOAD /usr/lib/gcc/x86_64-linux-gnu/9/libgcc_s.so
START GROUP
LOAD /usr/lib/gcc/x86_64-linux-gnu/9/../../../x86_64-linux-gnu/libgcc_s.so.1
LOAD /usr/lib/gcc/x86_64-linux-gnu/9/libgcc.a
END GROUP
LOAD /usr/lib/gcc/x86_64-linux-gnu/9/crtendS.o
LOAD /usr/lib/gcc/x86_64-linux-gnu/9/../../../x86_64-linux-gnu/crtn.o
                0x00000000000002a8                . = (SEGMENT_START ("text-segment", 0x0) + SIZEOF_HEADERS)

.note.gnu.property
                0x00000000000002a8       0x20
 .note.gnu.property
                0x00000000000002a8       0x20 /usr/lib/gcc/x86_64-linux-gnu/9/../../../x86_64-linux-gnu/crti.o

.note.gnu.build-id
                0x00000000000002c8       0x24
 *(.note.gnu.build-id)
 .note.gnu.build-id
                0x00000000000002c8       0x24 /usr/lib/gcc/x86_64-linux-gnu/9/../../../x86_64-linux-gnu/crti.o

.hash
 *(.hash)

.gnu.hash       0x00000000000002f0     0x4848
 *(.gnu.hash)
 .gnu.hash      0x00000000000002f0     0x4848 /usr/lib/gcc/x86_64-linux-gnu/9/../../../x86_64-linux-gnu/crti.o

.dynsym         0x0000000000004b38    0x104d0
 *(.dynsym)
 .dynsym        0x0000000000004b38    0x104d0 /usr/lib/gcc/x86_64-linux-gnu/9/../../../x86_64-linux-gnu/crti.o

.dynstr         0x0000000000015008    0x2aafd
 *(.dynstr)
 .dynstr        0x0000000000015008    0x2aafd /usr/lib/gcc/x86_64-linux-gnu/9/../../../x86_64-linux-gnu/crti.o

.gnu.version    0x000000000003fb06     0x15bc
 *(.gnu.version)
 .gnu.version   0x000000000003fb06     0x15bc /usr/lib/gcc/x86_64-linux-gnu/9/../../../x86_64-linux-gnu/crti.o

.gnu.version_d  0x00000000000410c8        0x0
 *(.gnu.version_d)
 .gnu.version_d
                0x00000000000410c8        0x0 /usr/lib/gcc/x86_64-linux-gnu/9/../../../x86_64-linux-gnu/crti.o

.gnu.version_r  0x00000000000410c8       0x70
 *(.gnu.version_r)
 .gnu.version_r
                0x00000000000410c8       0x70 /usr/lib/gcc/x86_64-linux-gnu/9/../../../x86_64-linux-gnu/crti.o

.rela.dyn       0x0000000000041138     0xc318
 *(.rela.init)
 *(.rela.text .rela.text.* .rela.gnu.linkonce.t.*)
 .rela.text     0x0000000000041138        0x0 /usr/lib/gcc/x86_64-linux-gnu/9/../../../x86_64-linux-gnu/crti.o
 *(.rela.fini)
 *(.rela.rodata .rela.rodata.* .rela.gnu.linkonce.r.*)
 *(.rela.data .rela.data.* .rela.gnu.linkonce.d.*)
 .rela.data.rel.local
                0x0000000000041138     0x4188 /usr/lib/gcc/x86_64-linux-gnu/9/../../../x86_64-linux-gnu/crti.o
 *(.rela.tdata .rela.tdata.* .rela.gnu.linkonce.td.*)
 *(.rela.tbss .rela.tbss.* .rela.gnu.linkonce.tb.*)
 *(.rela.ctors)
 *(.rela.dtors)
 *(.rela.got)
 .rela.got      0x00000000000452c0     0x8160 /usr/lib/gcc/x86_64-linux-gnu/9/../../../x86_64-linux-gnu/crti.o
 *(.rela.bss .rela.bss.* .rela.gnu.linkonce.b.*)
 *(.rela.ldata .rela.ldata.* .rela.gnu.linkonce.l.*)
 *(.rela.lbss .rela.lbss.* .rela.gnu.linkonce.lb.*)
 *(.rela.lrodata .rela.lrodata.* .rela.gnu.linkonce.lr.*)
 *(.rela.ifunc)
 .rela.ifunc    0x000000000004d420        0x0 /usr/lib/gcc/x86_64-linux-gnu/9/../../../x86_64-linux-gnu/crti.o
 .rela.fini_array
                0x000000000004d420       0x18 /usr/lib/gcc/x86_64-linux-gnu/9/../../../x86_64-linux-gnu/crti.o
 .rela.init_array
                0x000000000004d438       0x18 /usr/lib/gcc/x86_64-linux-gnu/9/../../../x86_64-linux-gnu/crti.o

.rela.plt       0x000000000004d450     0x7ed8
 *(.rela.plt)
 .rela.plt      0x000000000004d450     0x7ed8 /usr/lib/gcc/x86_64-linux-gnu/9/../../../x86_64-linux-gnu/crti.o
 *(.rela.iplt)
                0x0000000000056000                . = ALIGN (CONSTANT (MAXPAGESIZE))

.init           0x0000000000056000       0x1b
 *(SORT_NONE(.init))
 .init          0x0000000000056000       0x16 /usr/lib/gcc/x86_64-linux-gnu/9/../../../x86_64-linux-gnu/crti.o
                0x0000000000056000                _init
 .init          0x0000000000056016        0x5 /usr/lib/gcc/x86_64-linux-gnu/9/../../../x86_64-linux-gnu/crtn.o

.plt            0x0000000000056020     0x54a0
 *(.plt)
 .plt           0x0000000000056020     0x54a0 /usr/lib/gcc/x86_64-linux-gnu/9/../../../x86_64-linux-gnu/crti.o
 *(.iplt)

.plt.got        0x000000000005b4c0       0x20
 *(.plt.got)
 .plt.got       0x000000000005b4c0       0x20 /usr/lib/gcc/x86_64-linux-gnu/9/../../../x86_64-linux-gnu/crti.o

.plt.sec        0x000000000005b4e0     0x5490
 *(.plt.sec)
 .plt.sec       0x000000000005b4e0     0x5490 /usr/lib/gcc/x86_64-linux-gnu/9/../../../x86_64-linux-gnu/crti.o

.text           0x0000000000060970   0x194a63
 *(.text.unlikely .text.*_unlikely .text.unlikely.*)
 *(.text.exit .text.exit.*)
 *(.text.startup .text.startup.*)
 *(.text.hot .text.hot.*)
 *(SORT_BY_NAME(.text.sorted.*))
 *(.text .stub .text.* .gnu.linkonce.t.*)
 .text          0x0000000000060970       0xb9 /usr/lib/gcc/x86_64-linux-gnu/9/crtbeginS.o
 *fill*         0x0000000000060a29        0x7 
 .text.ARCONTROLLER_Dictionary_DeleteCallbackList
                0x0000000000060a30       0x94 /home/jose/catkin_ws/build/parrot_arsdk/arsdk/src/ARSDKBuildUtils/out/arsdk-native/build/libARController/obj/Sources/ARCONTROLLER_Dictionary.c.o
                0x0000000000060a30                ARCONTROLLER_Dictionary_DeleteCallbackList
 *fill*         0x0000000000060ac4        0xc 
 .text.ARCONTROLLER_Dictionary_Delete
                0x0000000000060ad0       0x41 /home/jose/catkin_ws/build/parrot_arsdk/arsdk/src/ARSDKBuildUtils/out/arsdk-native/build/libARController/obj/Sources/ARCONTROLLER_Dictionary.c.o
                0x0000000000060ad0                ARCONTROLLER_Dictionary_Delete
 *fill*         0x0000000000060b11        0xf 
 .text.ARCONTROLLER_Dictionary_New
                0x0000000000060b20       0x74 /home/jose/catkin_ws/build/parrot_arsdk/arsdk/src/ARSDKBuildUtils/out/arsdk-native/build/libARController/obj/Sources/ARCONTROLLER_Dictionary.c.o
                0x0000000000060b20                ARCONTROLLER_Dictionary_New
 *fill*         0x0000000000060b94        0xc 
 .text.ARCONTROLLER_Dictionary_AddCallbackInList
                0x0000000000060ba0       0x75 /home/jose/catkin_ws/build/parrot_arsdk/arsdk/src/ARSDKBuildUtils/out/arsdk-native/build/libARController/obj/Sources/ARCONTROLLER_Dictionary.c.o
                0x0000000000060ba0                ARCONTROLLER_Dictionary_AddCallbackInList
 *fill*         0x0000000000060c15        0xb 
 .text.ARCONTROLLER_Dictionary_DeleteDictionary
                0x0000000000060c20      0x1c7 /home/jose/catkin_ws/build/parrot_arsdk/arsdk/src/ARSDKBuildUtils/out/arsdk-native/build/libARController/obj/Sources/ARCONTROLLER_Dictionary.c.o
                0x0000000000060c20                ARCONTROLLER_Dictionary_DeleteDictionary
 *fill*         0x0000000000060de7        0x9 
 .text.ARCONTROLLER_DICTIONARY_NotifyAllCallbackInList
                0x0000000000060df0       0x45 /home/jose/catkin_ws/build/parrot_arsdk/arsdk/src/ARSDKBuildUtils/out/arsdk-native/build/libARController/obj/Sources/ARCONTROLLER_Dictionary.c.o
                0x0000000000060df0                ARCONTROLLER_DICTIONARY_NotifyAllCallbackInList
 *fill*         0x0000000000060e35        0xb 
 .text.ARCONTROLLER_Dictionary_Notify
                0x0000000000060e40      0x116 /home/jose/catkin_ws/build/parrot_arsdk/arsdk/src/ARSDKBuildUtils/out/arsdk-native/build/libARController/obj/Sources/ARCONTROLLER_Dictionary.c.o
                0x0000000000060e40                ARCONTROLLER_Dictionary_Notify
 *fill*         0x0000000000060f56        0xa 
 .text.ARCONTROLLER_DICTIONARY_ElementCompare
                0x0000000000060f60       0x27 /home/jose/catkin_ws/build/parrot_arsdk/arsdk/src/ARSDKBuildUtils/out/arsdk-native/build/libARController/obj/Sources/ARCONTROLLER_Dictionary.c.o
                0x0000000000060f60                ARCONTROLLER_DICTIONARY_ElementCompare
 *fill*         0x0000000000060f87        0x9 
 .text.ARCONTROLLER_Dictionary_AddCallback
                0x0000000000060f90       0xae /home/jose/catkin_ws/build/parrot_arsdk/arsdk/src/ARSDKBuildUtils/out/arsdk-native/build/libARController/obj/Sources/ARCONTROLLER_Dictionary.c.o
                0x0000000000060f90                ARCONTROLLER_Dictionary_AddCallback
 *fill*         0x000000000006103e        0x2 
 .text.ARCONTROLLER_Dictionary_AddDictionaryElement
                0x0000000000061040      0x496 /home/jose/catkin_ws/build/parrot_arsdk/arsdk/src/ARSDKBuildUtils/out/arsdk-native/build/libARController/obj/Sources/ARCONTROLLER_Dictionary.c.o
                0x0000000000061040                ARCONTROLLER_Dictionary_AddDictionaryElement
 *fill*         0x00000000000614d6        0xa 
 .text.ARCONTROLLER_Dictionary_RemoveCallbackFromList
                0x00000000000614e0       0xea /home/jose/catkin_ws/build/parrot_arsdk/arsdk/src/ARSDKBuildUtils/out/arsdk-native/build/libARController/obj/Sources/ARCONTROLLER_Dictionary.c.o
                0x00000000000614e0                ARCONTROLLER_Dictionary_RemoveCallbackFromList
 *fill*         0x00000000000615ca        0x6 
 .text.ARCONTROLLER_Dictionary_RemoveCallback
                0x00000000000615d0       0x26 /home/jose/catkin_ws/build/parrot_arsdk/arsdk/src/ARSDKBuildUtils/out/arsdk-native/build/libARController/obj/Sources/ARCONTROLLER_Dictionary.c.o
                0x00000000000615d0                ARCONTROLLER_Dictionary_RemoveCallback
 *fill*         0x00000000000615f6        0xa 
 .text.ARCONTROLLER_Dictionary_RemoveDictionaryElement
                0x0000000000061600      0x149 /home/jose/catkin_ws/build/parrot_arsdk/arsdk/src/ARSDKBuildUtils/out/arsdk-native/build/libARController/obj/Sources/ARCONTROLLER_Dictionary.c.o
                0x0000000000061600                ARCONTROLLER_Dictionary_RemoveDictionaryElement
 *fill*         0x0000000000061749        0x7 
 .text.ARCONTROLLER_Frame_NewWithCapacity
                0x0000000000061750       0xc4 /home/jose/catkin_ws/build/parrot_arsdk/arsdk/src/ARSDKBuildUtils/out/arsdk-native/build/libARController/obj/Sources/ARCONTROLLER_Frame.c.o
                0x0000000000061750                ARCONTROLLER_Frame_NewWithCapacity
 *fill*         0x0000000000061814        0xc 
 .text.ARCONTROLLER_Frame_New
                0x0000000000061820       0x11 /home/jose/catkin_ws/build/parrot_arsdk/arsdk/src/ARSDKBuildUtils/out/arsdk-native/build/libARController/obj/Sources/ARCONTROLLER_Frame.c.o
                0x0000000000061820                ARCONTROLLER_Frame_New
 *fill*         0x0000000000061831        0xf 
 .text.ARCONTROLLER_Frame_Delete
                0x0000000000061840       0x51 /home/jose/catkin_ws/build/parrot_arsdk/arsdk/src/ARSDKBuildUtils/out/arsdk-native/build/libARController/obj/Sources/ARCONTROLLER_Frame.c.o
                0x0000000000061840                ARCONTROLLER_Frame_Delete
 *fill*         0x0000000000061891        0xf 
 .text.ARCONTROLLER_Frame_ensureCapacityIsAtLeast
                0x00000000000618a0       0x76 /home/jose/catkin_ws/build/parrot_arsdk/arsdk/src/ARSDKBuildUtils/out/arsdk-native/build/libARController/obj/Sources/ARCONTROLLER_Frame.c.o
                0x00000000000618a0                ARCONTROLLER_Frame_ensureCapacityIsAtLeast
 *fill*         0x0000000000061916        0xa 
 .text.ARCONTROLLER_Frame_SetFree
                0x0000000000061920       0x47 /home/jose/catkin_ws/build/parrot_arsdk/arsdk/src/ARSDKBuildUtils/out/arsdk-native/build/libARController/obj/Sources/ARCONTROLLER_Frame.c.o
                0x0000000000061920                ARCONTROLLER_Frame_SetFree
 *fill*         0x0000000000061967        0x9 
 .text.ARCONTROLLER_Network_OnDisconnectNetwork
                0x0000000000061970       0x21 /home/jose/catkin_ws/build/parrot_arsdk/arsdk/src/ARSDKBuildUtils/out/arsdk-native/build/libARController/obj/Sources/ARCONTROLLER_Network.c.o
                0x0000000000061970                ARCONTROLLER_Network_OnDisconnectNetwork
 *fill*         0x0000000000061991        0xf 
 .text.ARCONTROLLER_Network_ReaderRun
                0x00000000000619a0      0x217 /home/jose/catkin_ws/build/parrot_arsdk/arsdk/src/ARSDKBuildUtils/out/arsdk-native/build/libARController/obj/Sources/ARCONTROLLER_Network.c.o
                0x00000000000619a0                ARCONTROLLER_Network_ReaderRun
 *fill*         0x0000000000061bb7        0x9 
 .text.ARCONTROLLER_Network_SendingCallback
                0x0000000000061bc0       0x9c /home/jose/catkin_ws/build/parrot_arsdk/arsdk/src/ARSDKBuildUtils/out/arsdk-native/build/libARController/obj/Sources/ARCONTROLLER_Network.c.o
                0x0000000000061bc0                ARCONTROLLER_Network_SendingCallback
 *fill*         0x0000000000061c5c        0x4 
 .text.ARCONTROLLER_Network_OnSendJson
                0x0000000000061c60       0x66 /home/jose/catkin_ws/build/parrot_arsdk/arsdk/src/ARSDKBuildUtils/out/arsdk-native/build/libARController/obj/Sources/ARCONTROLLER_Network.c.o
                0x0000000000061c60                ARCONTROLLER_Network_OnSendJson
 *fill*         0x0000000000061cc6        0xa 
 .text.ARCONTROLLER_Network_OnReceiveJson
                0x0000000000061cd0       0xb6 /home/jose/catkin_ws/build/parrot_arsdk/arsdk/src/ARSDKBuildUtils/out/arsdk-native/build/libARController/obj/Sources/ARCONTROLLER_Network.c.o
                0x0000000000061cd0                ARCONTROLLER_Network_OnReceiveJson
 *fill*         0x0000000000061d86        0xa 
 .text.ARCONTROLLER_Network_Pause
                0x0000000000061d90       0xc8 /home/jose/catkin_ws/build/parrot_arsdk/arsdk/src/ARSDKBuildUtils/out/arsdk-native/build/libARController/obj/Sources/ARCONTROLLER_Network.c.o
                0x0000000000061d90                ARCONTROLLER_Network_Pause
 *fill*         0x0000000000061e58        0x8 
 .text.ARCONTROLLER_Network_Resume
                0x0000000000061e60       0xd8 /home/jose/catkin_ws/build/parrot_arsdk/arsdk/src/ARSDKBuildUtils/out/arsdk-native/build/libARController/obj/Sources/ARCONTROLLER_Network.c.o
                0x0000000000061e60                ARCONTROLLER_Network_Resume
 *fill*         0x0000000000061f38        0x8 
 .text.ARCONTROLLER_Network_SetVideoReceiveCallback
                0x0000000000061f40       0x90 /home/jose/catkin_ws/build/parrot_arsdk/arsdk/src/ARSDKBuildUtils/out/arsdk-native/build/libARController/obj/Sources/ARCONTROLLER_Network.c.o
                0x0000000000061f40                ARCONTROLLER_Network_SetVideoReceiveCallback
 .text.ARCONTROLLER_Network_StartVideoStream
                0x0000000000061fd0       0x78 /home/jose/catkin_ws/build/parrot_arsdk/arsdk/src/ARSDKBuildUtils/out/arsdk-native/build/libARController/obj/Sources/ARCONTROLLER_Network.c.o
                0x0000000000061fd0                ARCONTROLLER_Network_StartVideoStream
 *fill*         0x0000000000062048        0x8 
 .text.ARCONTROLLER_Network_StopVideoStream
                0x0000000000062050       0x70 /home/jose/catkin_ws/build/parrot_arsdk/arsdk/src/ARSDKBuildUtils/out/arsdk-native/build/libARController/obj/Sources/ARCONTROLLER_Network.c.o
                0x0000000000062050                ARCONTROLLER_Network_StopVideoStream
 .text.ARCONTROLLER_Network_SetVideoStreamMP4Compliant
                0x00000000000620c0       0x80 /home/jose/catkin_ws/build/parrot_arsdk/arsdk/src/ARSDKBuildUtils/out/arsdk-native/build/libARController/obj/Sources/ARCONTROLLER_Network.c.o
                0x00000000000620c0                ARCONTROLLER_Network_SetVideoStreamMP4Compliant
 .text.ARCONTROLLER_Network_SetAudioReceiveCallback
                0x0000000000062140       0x90 /home/jose/catkin_ws/build/parrot_arsdk/arsdk/src/ARSDKBuildUtils/out/arsdk-native/build/libARController/obj/Sources/ARCONTROLLER_Network.c.o
                0x0000000000062140                ARCONTROLLER_Network_SetAudioReceiveCallback
 .text.ARCONTROLLER_Network_StartAudioStream
                0x00000000000621d0       0x98 /home/jose/catkin_ws/build/parrot_arsdk/arsdk/src/ARSDKBuildUtils/out/arsdk-native/build/libARController/obj/Sources/ARCONTROLLER_Network.c.o
                0x00000000000621d0                ARCONTROLLER_Network_StartAudioStream
 *fill*         0x0000000000062268        0x8 
 .text.ARCONTROLLER_Network_StopAudioStream
                0x0000000000062270       0x89 /home/jose/catkin_ws/build/parrot_arsdk/arsdk/src/ARSDKBuildUtils/out/arsdk-native/build/libARController/obj/Sources/ARCONTROLLER_Network.c.o
                0x0000000000062270                ARCONTROLLER_Network_StopAudioStream
 *fill*         0x00000000000622f9        0x7 
 .text.ARCONTROLLER_Network_SendData
                0x0000000000062300      0x1a1 /home/jose/catkin_ws/build/parrot_arsdk/arsdk/src/ARSDKBuildUtils/out/arsdk-native/build/libARController/obj/Sources/ARCONTROLLER_Network.c.o
                0x0000000000062300                ARCONTROLLER_Network_SendData
 *fill*         0x00000000000624a1        0xf 
 .text.ARCONTROLLER_Network_SendAudioFrame
                0x00000000000624b0       0x36 /home/jose/catkin_ws/build/parrot_arsdk/arsdk/src/ARSDKBuildUtils/out/arsdk-native/build/libARController/obj/Sources/ARCONTROLLER_Network.c.o
                0x00000000000624b0                ARCONTROLLER_Network_SendAudioFrame
 *fill*         0x00000000000624e6        0xa 
 .text.ARCONTROLLER_Network_CreateNetworkThreads
                0x00000000000624f0       0x93 /home/jose/catkin_ws/build/parrot_arsdk/arsdk/src/ARSDKBuildUtils/out/arsdk-native/build/libARController/obj/Sources/ARCONTROLLER_Network.c.o
                0x00000000000624f0                ARCONTROLLER_Network_CreateNetworkThreads
 *fill*         0x0000000000062583        0xd 
 .text.ARCONTROLLER_Network_StopNetworkThreads
                0x0000000000062590       0x90 /home/jose/catkin_ws/build/parrot_arsdk/arsdk/src/ARSDKBuildUtils/out/arsdk-native/build/libARController/obj/Sources/ARCONTROLLER_Network.c.o
                0x0000000000062590                ARCONTROLLER_Network_StopNetworkThreads
 .text.ARCONTROLLER_Network_CreateReaderThreads
                0x0000000000062620      0x157 /home/jose/catkin_ws/build/parrot_arsdk/arsdk/src/ARSDKBuildUtils/out/arsdk-native/build/libARController/obj/Sources/ARCONTROLLER_Network.c.o
                0x0000000000062620                ARCONTROLLER_Network_CreateReaderThreads
 *fill*         0x0000000000062777        0x9 
 .text.ARCONTROLLER_Network_StopReaderThreads
                0x0000000000062780       0xbb /home/jose/catkin_ws/build/parrot_arsdk/arsdk/src/ARSDKBuildUtils/out/arsdk-native/build/libARController/obj/Sources/ARCONTROLLER_Network.c.o
                0x0000000000062780                ARCONTROLLER_Network_StopReaderThreads
 *fill*         0x000000000006283b        0x5 
 .text.ARCONTROLLER_Network_Delete
                0x0000000000062840      0x11e /home/jose/catkin_ws/build/parrot_arsdk/arsdk/src/ARSDKBuildUtils/out/arsdk-native/build/libARController/obj/Sources/ARCONTROLLER_Network.c.o
                0x0000000000062840                ARCONTROLLER_Network_Delete
 *fill*         0x000000000006295e        0x2 
 .text.ARCONTROLLER_Network_New
                0x0000000000062960      0x7f0 /home/jose/catkin_ws/build/parrot_arsdk/arsdk/src/ARSDKBuildUtils/out/arsdk-native/build/libARController/obj/Sources/ARCONTROLLER_Network.c.o
                0x0000000000062960                ARCONTROLLER_Network_New
 .text.ARCONTROLLER_Stream_SetMP4Compliant
                0x0000000000063150       0x3e /home/jose/catkin_ws/build/parrot_arsdk/arsdk/src/ARSDKBuildUtils/out/arsdk-native/build/libARController/obj/Sources/ARCONTROLLER_Stream.c.o
                0x0000000000063150                ARCONTROLLER_Stream_SetMP4Compliant
 *fill*         0x000000000006318e        0x2 
 .text.ARCONTROLLER_Stream_Stop
                0x0000000000063190       0x86 /home/jose/catkin_ws/build/parrot_arsdk/arsdk/src/ARSDKBuildUtils/out/arsdk-native/build/libARController/obj/Sources/ARCONTROLLER_Stream.c.o
                0x0000000000063190                ARCONTROLLER_Stream_Stop
 *fill*         0x0000000000063216        0xa 
 .text.ARCONTROLLER_Stream_Delete
                0x0000000000063220       0x49 /home/jose/catkin_ws/build/parrot_arsdk/arsdk/src/ARSDKBuildUtils/out/arsdk-native/build/libARController/obj/Sources/ARCONTROLLER_Stream.c.o
                0x0000000000063220                ARCONTROLLER_Stream_Delete
 *fill*         0x0000000000063269        0x7 
 .text.ARCONTROLLER_Stream_New
                0x0000000000063270       0xf8 /home/jose/catkin_ws/build/parrot_arsdk/arsdk/src/ARSDKBuildUtils/out/arsdk-native/build/libARController/obj/Sources/ARCONTROLLER_Stream.c.o
                0x0000000000063270                ARCONTROLLER_Stream_New
 *fill*         0x0000000000063368        0x8 
 .text.ARCONTROLLER_Stream_video_New
                0x0000000000063370       0x89 /home/jose/catkin_ws/build/parrot_arsdk/arsdk/src/ARSDKBuildUtils/out/arsdk-native/build/libARController/obj/Sources/ARCONTROLLER_Stream.c.o
                0x0000000000063370                ARCONTROLLER_Stream_video_New
 *fill*         0x00000000000633f9        0x7 
 .text.ARCONTROLLER_Stream_audio_New
                0x0000000000063400       0x11 /home/jose/catkin_ws/build/parrot_arsdk/arsdk/src/ARSDKBuildUtils/out/arsdk-native/build/libARController/obj/Sources/ARCONTROLLER_Stream.c.o
                0x0000000000063400                ARCONTROLLER_Stream_audio_New
 *fill*         0x0000000000063411        0xf 
 .text.ARCONTROLLER_Stream_Start
                0x0000000000063420       0x7e /home/jose/catkin_ws/build/parrot_arsdk/arsdk/src/ARSDKBuildUtils/out/arsdk-native/build/libARController/obj/Sources/ARCONTROLLER_Stream.c.o
                0x0000000000063420                ARCONTROLLER_Stream_Start
 *fill*         0x000000000006349e        0x2 
 .text.ARCONTROLLER_Stream_SetReceiveFrameCallback
                0x00000000000634a0       0x66 /home/jose/catkin_ws/build/parrot_arsdk/arsdk/src/ARSDKBuildUtils/out/arsdk-native/build/libARController/obj/Sources/ARCONTROLLER_Stream.c.o
                0x00000000000634a0                ARCONTROLLER_Stream_SetReceiveFrameCallback
 *fill*         0x0000000000063506        0xa 
 .text.ARCONTROLLER_Stream_OnSendJson
                0x0000000000063510       0x26 /home/jose/catkin_ws/build/parrot_arsdk/arsdk/src/ARSDKBuildUtils/out/arsdk-native/build/libARController/obj/Sources/ARCONTROLLER_Stream.c.o
                0x0000000000063510                ARCONTROLLER_Stream_OnSendJson
 *fill*         0x0000000000063536        0xa 
 .text.ARCONTROLLER_Stream_OnReceiveJson
                0x0000000000063540       0x4a /home/jose/catkin_ws/build/parrot_arsdk/arsdk/src/ARSDKBuildUtils/out/arsdk-native/build/libARController/obj/Sources/ARCONTROLLER_Stream.c.o
                0x0000000000063540                ARCONTROLLER_Stream_OnReceiveJson
 *fill*         0x000000000006358a        0x6 
 .text.ARCONTROLLER_StreamPool_Delete
                0x0000000000063590       0x79 /home/jose/catkin_ws/build/parrot_arsdk/arsdk/src/ARSDKBuildUtils/out/arsdk-native/build/libARController/obj/Sources/ARCONTROLLER_StreamPool.c.o
                0x0000000000063590                ARCONTROLLER_StreamPool_Delete
 *fill*         0x0000000000063609        0x7 
 .text.ARCONTROLLER_StreamPool_New
                0x0000000000063610      0x124 /home/jose/catkin_ws/build/parrot_arsdk/arsdk/src/ARSDKBuildUtils/out/arsdk-native/build/libARController/obj/Sources/ARCONTROLLER_StreamPool.c.o
                0x0000000000063610                ARCONTROLLER_StreamPool_New
 *fill*         0x0000000000063734        0xc 
 .text.ARCONTROLLER_StreamPool_GetNextFreeFrame
                0x0000000000063740       0x6a /home/jose/catkin_ws/build/parrot_arsdk/arsdk/src/ARSDKBuildUtils/out/arsdk-native/build/libARController/obj/Sources/ARCONTROLLER_StreamPool.c.o
                0x0000000000063740                ARCONTROLLER_StreamPool_GetNextFreeFrame
 *fill*         0x00000000000637aa        0x6 
 .text.ARCONTROLLER_StreamPool_GetFrameFromData
                0x00000000000637b0       0x5a /home/jose/catkin_ws/build/parrot_arsdk/arsdk/src/ARSDKBuildUtils/out/arsdk-native/build/libARController/obj/Sources/ARCONTROLLER_StreamPool.c.o
                0x00000000000637b0                ARCONTROLLER_StreamPool_GetFrameFromData
 *fill*         0x000000000006380a        0x6 
 .text.ARCONTROLLER_StreamQueue_New
                0x0000000000063810       0x73 /home/jose/catkin_ws/build/parrot_arsdk/arsdk/src/ARSDKBuildUtils/out/arsdk-native/build/libARController/obj/Sources/ARCONTROLLER_StreamQueue.c.o
                0x0000000000063810                ARCONTROLLER_StreamQueue_New
 *fill*         0x0000000000063883        0xd 
 .text.ARCONTROLLER_StreamQueue_LocalPopFrame
                0x0000000000063890       0x94 /home/jose/catkin_ws/build/parrot_arsdk/arsdk/src/ARSDKBuildUtils/out/arsdk-native/build/libARController/obj/Sources/ARCONTROLLER_StreamQueue.c.o
                0x0000000000063890                ARCONTROLLER_StreamQueue_LocalPopFrame
 *fill*         0x0000000000063924        0xc 
 .text.ARCONTROLLER_StreamQueue_Pop
                0x0000000000063930       0x61 /home/jose/catkin_ws/build/parrot_arsdk/arsdk/src/ARSDKBuildUtils/out/arsdk-native/build/libARController/obj/Sources/ARCONTROLLER_StreamQueue.c.o
                0x0000000000063930                ARCONTROLLER_StreamQueue_Pop
 *fill*         0x0000000000063991        0xf 
 .text.ARCONTROLLER_StreamQueue_PopWithTimeout
                0x00000000000639a0       0xbe /home/jose/catkin_ws/build/parrot_arsdk/arsdk/src/ARSDKBuildUtils/out/arsdk-native/build/libARController/obj/Sources/ARCONTROLLER_StreamQueue.c.o
                0x00000000000639a0                ARCONTROLLER_StreamQueue_PopWithTimeout
 *fill*         0x0000000000063a5e        0x2 
 .text.ARCONTROLLER_StreamQueue_LocalTryPop
                0x0000000000063a60       0x49 /home/jose/catkin_ws/build/parrot_arsdk/arsdk/src/ARSDKBuildUtils/out/arsdk-native/build/libARController/obj/Sources/ARCONTROLLER_StreamQueue.c.o
                0x0000000000063a60                ARCONTROLLER_StreamQueue_LocalTryPop
 *fill*         0x0000000000063aa9        0x7 
 .text.ARCONTROLLER_StreamQueue_TryPop
                0x0000000000063ab0       0x67 /home/jose/catkin_ws/build/parrot_arsdk/arsdk/src/ARSDKBuildUtils/out/arsdk-native/build/libARController/obj/Sources/ARCONTROLLER_StreamQueue.c.o
                0x0000000000063ab0                ARCONTROLLER_StreamQueue_TryPop
 *fill*         0x0000000000063b17        0x9 
 .text.ARCONTROLLER_StreamQueue_LocalFlush
                0x0000000000063b20       0xcf /home/jose/catkin_ws/build/parrot_arsdk/arsdk/src/ARSDKBuildUtils/out/arsdk-native/build/libARController/obj/Sources/ARCONTROLLER_StreamQueue.c.o
                0x0000000000063b20                ARCONTROLLER_StreamQueue_LocalFlush
 *fill*         0x0000000000063bef        0x1 
 .text.ARCONTROLLER_StreamQueue_Push
                0x0000000000063bf0       0xda /home/jose/catkin_ws/build/parrot_arsdk/arsdk/src/ARSDKBuildUtils/out/arsdk-native/build/libARController/obj/Sources/ARCONTROLLER_StreamQueue.c.o
                0x0000000000063bf0                ARCONTROLLER_StreamQueue_Push
 *fill*         0x0000000000063cca        0x6 
 .text.ARCONTROLLER_StreamQueue_Flush
                0x0000000000063cd0       0x16 /home/jose/catkin_ws/build/parrot_arsdk/arsdk/src/ARSDKBuildUtils/out/arsdk-native/build/libARController/obj/Sources/ARCONTROLLER_StreamQueue.c.o
                0x0000000000063cd0                ARCONTROLLER_StreamQueue_Flush
 *fill*         0x0000000000063ce6        0xa 
 .text.ARCONTROLLER_StreamQueue_Delete
                0x0000000000063cf0       0x49 /home/jose/catkin_ws/build/parrot_arsdk/arsdk/src/ARSDKBuildUtils/out/arsdk-native/build/libARController/obj/Sources/ARCONTROLLER_StreamQueue.c.o
                0x0000000000063cf0                ARCONTROLLER_StreamQueue_Delete
 *fill*         0x0000000000063d39        0x7 
 .text.ARCONTROLLER_Stream1_FrameCompleteCallback
                0x0000000000063d40      0x26f /home/jose/catkin_ws/build/parrot_arsdk/arsdk/src/ARSDKBuildUtils/out/arsdk-native/build/libARController/obj/Sources/ARCONTROLLER_Stream1.c.o
                0x0000000000063d40                ARCONTROLLER_Stream1_FrameCompleteCallback
 *fill*         0x0000000000063faf        0x1 
 .text.ARCONTROLLER_Stream1_Stop
                0x0000000000063fb0       0xb0 /home/jose/catkin_ws/build/parrot_arsdk/arsdk/src/ARSDKBuildUtils/out/arsdk-native/build/libARController/obj/Sources/ARCONTROLLER_Stream1.c.o
                0x0000000000063fb0                ARCONTROLLER_Stream1_Stop
 .text.ARCONTROLLER_Stream1_Delete
                0x0000000000064060       0x49 /home/jose/catkin_ws/build/parrot_arsdk/arsdk/src/ARSDKBuildUtils/out/arsdk-native/build/libARController/obj/Sources/ARCONTROLLER_Stream1.c.o
                0x0000000000064060                ARCONTROLLER_Stream1_Delete
 *fill*         0x00000000000640a9        0x7 
 .text.ARCONTROLLER_Stream1_New
                0x00000000000640b0      0x173 /home/jose/catkin_ws/build/parrot_arsdk/arsdk/src/ARSDKBuildUtils/out/arsdk-native/build/libARController/obj/Sources/ARCONTROLLER_Stream1.c.o
                0x00000000000640b0                ARCONTROLLER_Stream1_New
 *fill*         0x0000000000064223        0xd 
 .text.ARCONTROLLER_Stream1_Start
                0x0000000000064230      0x234 /home/jose/catkin_ws/build/parrot_arsdk/arsdk/src/ARSDKBuildUtils/out/arsdk-native/build/libARController/obj/Sources/ARCONTROLLER_Stream1.c.o
                0x0000000000064230                ARCONTROLLER_Stream1_Start
 *fill*         0x0000000000064464        0xc 
 .text.ARCONTROLLER_Stream1_SetCallbacks
                0x0000000000064470       0x25 /home/jose/catkin_ws/build/parrot_arsdk/arsdk/src/ARSDKBuildUtils/out/arsdk-native/build/libARController/obj/Sources/ARCONTROLLER_Stream1.c.o
                0x0000000000064470                ARCONTROLLER_Stream1_SetCallbacks
 *fill*         0x0000000000064495        0xb 
 .text.ARCONTROLLER_Stream1_IsRunning
                0x00000000000644a0       0x29 /home/jose/catkin_ws/build/parrot_arsdk/arsdk/src/ARSDKBuildUtils/out/arsdk-native/build/libARController/obj/Sources/ARCONTROLLER_Stream1.c.o
                0x00000000000644a0                ARCONTROLLER_Stream1_IsRunning
 *fill*         0x00000000000644c9        0x7 
 .text.ARCONTROLLER_Stream1_SetMP4Compliant
                0x00000000000644d0       0x26 /home/jose/catkin_ws/build/parrot_arsdk/arsdk/src/ARSDKBuildUtils/out/arsdk-native/build/libARController/obj/Sources/ARCONTROLLER_Stream1.c.o
                0x00000000000644d0                ARCONTROLLER_Stream1_SetMP4Compliant
 *fill*         0x00000000000644f6        0xa 
 .text.ARCONTROLLER_Stream1_GetFrame
                0x0000000000064500       0x77 /home/jose/catkin_ws/build/parrot_arsdk/arsdk/src/ARSDKBuildUtils/out/arsdk-native/build/libARController/obj/Sources/ARCONTROLLER_Stream1.c.o
                0x0000000000064500                ARCONTROLLER_Stream1_GetFrame
 *fill*         0x0000000000064577        0x9 
 .text.ARCONTROLLER_Stream1_TryGetFrame
                0x0000000000064580       0x77 /home/jose/catkin_ws/build/parrot_arsdk/arsdk/src/ARSDKBuildUtils/out/arsdk-native/build/libARController/obj/Sources/ARCONTROLLER_Stream1.c.o
                0x0000000000064580                ARCONTROLLER_Stream1_TryGetFrame
 *fill*         0x00000000000645f7        0x9 
 .text.ARCONTROLLER_Stream1_GetFrameWithTimeout
                0x0000000000064600       0x77 /home/jose/catkin_ws/build/parrot_arsdk/arsdk/src/ARSDKBuildUtils/out/arsdk-native/build/libARController/obj/Sources/ARCONTROLLER_Stream1.c.o
                0x0000000000064600                ARCONTROLLER_Stream1_GetFrameWithTimeout
 *fill*         0x0000000000064677        0x9 
 .text.ARCONTROLLER_Stream1_IdToIndex
                0x0000000000064680       0x36 /home/jose/catkin_ws/build/parrot_arsdk/arsdk/src/ARSDKBuildUtils/out/arsdk-native/build/libARController/obj/Sources/ARCONTROLLER_Stream1.c.o
                0x0000000000064680                ARCONTROLLER_Stream1_IdToIndex
 *fill*         0x00000000000646b6        0xa 
 .text.ARCONTROLLER_Stream1_InitStream1Buffers
                0x00000000000646c0      0x10e /home/jose/catkin_ws/build/parrot_arsdk/arsdk/src/ARSDKBuildUtils/out/arsdk-native/build/libARController/obj/Sources/ARCONTROLLER_Stream1.c.o
                0x00000000000646c0                ARCONTROLLER_Stream1_InitStream1Buffers
 *fill*         0x00000000000647ce        0x2 
 .text.ARCONTROLLER_Stream1_OnReceiveJson
                0x00000000000647d0      0x12c /home/jose/catkin_ws/build/parrot_arsdk/arsdk/src/ARSDKBuildUtils/out/arsdk-native/build/libARController/obj/Sources/ARCONTROLLER_Stream1.c.o
                0x00000000000647d0                ARCONTROLLER_Stream1_OnReceiveJson
 *fill*         0x00000000000648fc        0x4 
 .text.ARCONTROLLER_Stream1_GetSpsPpsFromIFrame
                0x0000000000064900      0x138 /home/jose/catkin_ws/build/parrot_arsdk/arsdk/src/ARSDKBuildUtils/out/arsdk-native/build/libARController/obj/Sources/ARCONTROLLER_Stream1.c.o
                0x0000000000064900                ARCONTROLLER_Stream1_GetSpsPpsFromIFrame
 *fill*         0x0000000000064a38        0x8 
 .text.ARCONTROLLER_Stream1_ReaderThreadRun
                0x0000000000064a40      0x3d0 /home/jose/catkin_ws/build/parrot_arsdk/arsdk/src/ARSDKBuildUtils/out/arsdk-native/build/libARController/obj/Sources/ARCONTROLLER_Stream1.c.o
                0x0000000000064a40                ARCONTROLLER_Stream1_ReaderThreadRun
 .text.ARCONTROLLER_Stream2_SpsPpsCallback
                0x0000000000064e10       0x63 /home/jose/catkin_ws/build/parrot_arsdk/arsdk/src/ARSDKBuildUtils/out/arsdk-native/build/libARController/obj/Sources/ARCONTROLLER_Stream2.c.o
 *fill*         0x0000000000064e73        0xd 
 .text.ARCONTROLLER_Stream2_AuReadyCallback
                0x0000000000064e80      0x13a /home/jose/catkin_ws/build/parrot_arsdk/arsdk/src/ARSDKBuildUtils/out/arsdk-native/build/libARController/obj/Sources/ARCONTROLLER_Stream2.c.o
 *fill*         0x0000000000064fba        0x6 
 .text.ARCONTROLLER_Stream2_StopStream
                0x0000000000064fc0       0x6e /home/jose/catkin_ws/build/parrot_arsdk/arsdk/src/ARSDKBuildUtils/out/arsdk-native/build/libARController/obj/Sources/ARCONTROLLER_Stream2.c.o
 *fill*         0x000000000006502e        0x2 
 .text.ARCONTROLLER_Stream2_Open_Socket
                0x0000000000065030      0x2e8 /home/jose/catkin_ws/build/parrot_arsdk/arsdk/src/ARSDKBuildUtils/out/arsdk-native/build/libARController/obj/Sources/ARCONTROLLER_Stream2.c.o
 *fill*         0x0000000000065318        0x8 
 .text.ARCONTROLLER_Stream2_StartStream
                0x0000000000065320      0x2b2 /home/jose/catkin_ws/build/parrot_arsdk/arsdk/src/ARSDKBuildUtils/out/arsdk-native/build/libARController/obj/Sources/ARCONTROLLER_Stream2.c.o
 *fill*         0x00000000000655d2        0xe 
 .text.ARCONTROLLER_Stream2_RestartRun
                0x00000000000655e0       0x2b /home/jose/catkin_ws/build/parrot_arsdk/arsdk/src/ARSDKBuildUtils/out/arsdk-native/build/libARController/obj/Sources/ARCONTROLLER_Stream2.c.o
 *fill*         0x000000000006560b        0x5 
 .text.ARCONTROLLER_Stream2_GetAuBufferCallback
                0x0000000000065610       0xab /home/jose/catkin_ws/build/parrot_arsdk/arsdk/src/ARSDKBuildUtils/out/arsdk-native/build/libARController/obj/Sources/ARCONTROLLER_Stream2.c.o
 *fill*         0x00000000000656bb        0x5 
 .text.ARCONTROLLER_Stream2_Stop
                0x00000000000656c0       0x2c /home/jose/catkin_ws/build/parrot_arsdk/arsdk/src/ARSDKBuildUtils/out/arsdk-native/build/libARController/obj/Sources/ARCONTROLLER_Stream2.c.o
                0x00000000000656c0                ARCONTROLLER_Stream2_Stop
 *fill*         0x00000000000656ec        0x4 
 .text.ARCONTROLLER_Stream2_Delete
                0x00000000000656f0       0x71 /home/jose/catkin_ws/build/parrot_arsdk/arsdk/src/ARSDKBuildUtils/out/arsdk-native/build/libARController/obj/Sources/ARCONTROLLER_Stream2.c.o
                0x00000000000656f0                ARCONTROLLER_Stream2_Delete
 *fill*         0x0000000000065761        0xf 
 .text.ARCONTROLLER_Stream2_New
                0x0000000000065770      0x1c7 /home/jose/catkin_ws/build/parrot_arsdk/arsdk/src/ARSDKBuildUtils/out/arsdk-native/build/libARController/obj/Sources/ARCONTROLLER_Stream2.c.o
                0x0000000000065770                ARCONTROLLER_Stream2_New
 *fill*         0x0000000000065937        0x9 
 .text.ARCONTROLLER_Stream2_SetCallbacks
                0x0000000000065940       0x24 /home/jose/catkin_ws/build/parrot_arsdk/arsdk/src/ARSDKBuildUtils/out/arsdk-native/build/libARController/obj/Sources/ARCONTROLLER_Stream2.c.o
                0x0000000000065940                ARCONTROLLER_Stream2_SetCallbacks
 *fill*         0x0000000000065964        0xc 
 .text.ARCONTROLLER_Stream2_IsRunning
                0x0000000000065970       0x21 /home/jose/catkin_ws/build/parrot_arsdk/arsdk/src/ARSDKBuildUtils/out/arsdk-native/build/libARController/obj/Sources/ARCONTROLLER_Stream2.c.o
                0x0000000000065970                ARCONTROLLER_Stream2_IsRunning
 *fill*         0x0000000000065991        0xf 
 .text.ARCONTROLLER_Stream2_SetMP4Compliant
                0x00000000000659a0       0x15 /home/jose/catkin_ws/build/parrot_arsdk/arsdk/src/ARSDKBuildUtils/out/arsdk-native/build/libARController/obj/Sources/ARCONTROLLER_Stream2.c.o
                0x00000000000659a0                ARCONTROLLER_Stream2_SetMP4Compliant
 *fill*         0x00000000000659b5        0xb 
 .text.ARCONTROLLER_Stream2_OnSendJson
                0x00000000000659c0       0x85 /home/jose/catkin_ws/build/parrot_arsdk/arsdk/src/ARSDKBuildUtils/out/arsdk-native/build/libARController/obj/Sources/ARCONTROLLER_Stream2.c.o
                0x00000000000659c0                ARCONTROLLER_Stream2_OnSendJson
 *fill*         0x0000000000065a45        0xb 
 .text.ARCONTROLLER_Stream2_OnReceiveJson
                0x0000000000065a50      0x10d /home/jose/catkin_ws/build/parrot_arsdk/arsdk/src/ARSDKBuildUtils/out/arsdk-native/build/libARController/obj/Sources/ARCONTROLLER_Stream2.c.o
                0x0000000000065a50                ARCONTROLLER_Stream2_OnReceiveJson
 *fill*         0x0000000000065b5d        0x3 
 .text.ARCONTROLLER_Stream2_JsonContainsStream2Param
                0x0000000000065b60       0x81 /home/jose/catkin_ws/build/parrot_arsdk/arsdk/src/ARSDKBuildUtils/out/arsdk-native/build/libARController/obj/Sources/ARCONTROLLER_Stream2.c.o
                0x0000000000065b60                ARCONTROLLER_Stream2_JsonContainsStream2Param
 *fill*         0x0000000000065be1        0xf 
 .text.ARCONTROLLER_Stream2_IsInitilized
                0x0000000000065bf0       0x16 /home/jose/catkin_ws/build/parrot_arsdk/arsdk/src/ARSDKBuildUtils/out/arsdk-native/build/libARController/obj/Sources/ARCONTROLLER_Stream2.c.o
                0x0000000000065bf0                ARCONTROLLER_Stream2_IsInitilized
 *fill*         0x0000000000065c06        0xa 
 .text.ARCONTROLLER_Stream2_Start
                0x0000000000065c10       0xb2 /home/jose/catkin_ws/build/parrot_arsdk/arsdk/src/ARSDKBuildUtils/out/arsdk-native/build/libARController/obj/Sources/ARCONTROLLER_Stream2.c.o
                0x0000000000065c10                ARCONTROLLER_Stream2_Start
 *fill*         0x0000000000065cc2        0xe 
 .text.ARCONTROLLER_StreamSender_FrameUpdateCallback
                0x0000000000065cd0       0x66 /home/jose/catkin_ws/build/parrot_arsdk/arsdk/src/ARSDKBuildUtils/out/arsdk-native/build/libARController/obj/Sources/ARCONTROLLER_StreamSender.c.o
 *fill*         0x0000000000065d36        0xa 
 .text.ARCONTROLLER_StreamSender_Stop
                0x0000000000065d40       0x7c /home/jose/catkin_ws/build/parrot_arsdk/arsdk/src/ARSDKBuildUtils/out/arsdk-native/build/libARController/obj/Sources/ARCONTROLLER_StreamSender.c.o
                0x0000000000065d40                ARCONTROLLER_StreamSender_Stop
 *fill*         0x0000000000065dbc        0x4 
 .text.ARCONTROLLER_StreamSender_Delete
                0x0000000000065dc0       0x41 /home/jose/catkin_ws/build/parrot_arsdk/arsdk/src/ARSDKBuildUtils/out/arsdk-native/build/libARController/obj/Sources/ARCONTROLLER_StreamSender.c.o
                0x0000000000065dc0                ARCONTROLLER_StreamSender_Delete
 *fill*         0x0000000000065e01        0xf 
 .text.ARCONTROLLER_StreamSender_New
                0x0000000000065e10      0x10b /home/jose/catkin_ws/build/parrot_arsdk/arsdk/src/ARSDKBuildUtils/out/arsdk-native/build/libARController/obj/Sources/ARCONTROLLER_StreamSender.c.o
                0x0000000000065e10                ARCONTROLLER_StreamSender_New
 *fill*         0x0000000000065f1b        0x5 
 .text.ARCONTROLLER_StreamSender_Start
                0x0000000000065f20      0x18e /home/jose/catkin_ws/build/parrot_arsdk/arsdk/src/ARSDKBuildUtils/out/arsdk-native/build/libARController/obj/Sources/ARCONTROLLER_StreamSender.c.o
                0x0000000000065f20                ARCONTROLLER_StreamSender_Start
 *fill*         0x00000000000660ae        0x2 
 .text.ARCONTROLLER_StreamSender_SendAudioFrame
                0x00000000000660b0      0x202 /home/jose/catkin_ws/build/parrot_arsdk/arsdk/src/ARSDKBuildUtils/out/arsdk-native/build/libARController/obj/Sources/ARCONTROLLER_StreamSender.c.o
                0x00000000000660b0                ARCONTROLLER_StreamSender_SendAudioFrame
 *fill*         0x00000000000662b2        0xe 
 .text.ARCONTROLLER_StreamSender_OnReceiveJson
                0x00000000000662c0      0x1a4 /home/jose/catkin_ws/build/parrot_arsdk/arsdk/src/ARSDKBuildUtils/out/arsdk-native/build/libARController/obj/Sources/ARCONTROLLER_StreamSender.c.o
                0x00000000000662c0                ARCONTROLLER_StreamSender_OnReceiveJson
 *fill*         0x0000000000066464        0xc 
 .text.cameraStateDefaultOrientationCb
                0x0000000000066470       0x33 /home/jose/catkin_ws/build/parrot_arsdk/arsdk/src/ARSDKBuildUtils/out/arsdk-native/build/libARController/obj/Sources/ARCONTROLLER_NAckCbs.c.o
 *fill*         0x00000000000664a3        0xd 
 .text.ARCONTROLLER_NAckCbs_ARDrone3CameraOrientationInit
                0x00000000000664b0        0x7 /home/jose/catkin_ws/build/parrot_arsdk/arsdk/src/ARSDKBuildUtils/out/arsdk-native/build/libARController/obj/Sources/ARCONTROLLER_NAckCbs.c.o
                0x00000000000664b0                ARCONTROLLER_NAckCbs_ARDrone3CameraOrientationInit
 *fill*         0x00000000000664b7        0x9 
 .text.ARCONTROLLER_NAckCbs_ARDrone3CameraOrientationDeInit
                0x00000000000664c0        0x7 /home/jose/catkin_ws/build/parrot_arsdk/arsdk/src/ARSDKBuildUtils/out/arsdk-native/build/libARController/obj/Sources/ARCONTROLLER_NAckCbs.c.o
                0x00000000000664c0                ARCONTROLLER_NAckCbs_ARDrone3CameraOrientationDeInit
 *fill*         0x00000000000664c7        0x9 
 .text.ARCONTROLLER_NAckCbs_ARDrone3CameraOrientationChanged
                0x00000000000664d0       0x61 /home/jose/catkin_ws/build/parrot_arsdk/arsdk/src/ARSDKBuildUtils/out/arsdk-native/build/libARController/obj/Sources/ARCONTROLLER_NAckCbs.c.o
                0x00000000000664d0                ARCONTROLLER_NAckCbs_ARDrone3CameraOrientationChanged
 *fill*         0x0000000000066531        0xf 
 .text.ARCONTROLLER_NAckCbs_ARDrone3CameraOrientationMustBeSent
                0x0000000000066540       0x5b /home/jose/catkin_ws/build/parrot_arsdk/arsdk/src/ARSDKBuildUtils/out/arsdk-native/build/libARController/obj/Sources/ARCONTROLLER_NAckCbs.c.o
                0x0000000000066540                ARCONTROLLER_NAckCbs_ARDrone3CameraOrientationMustBeSent
 *fill*         0x000000000006659b        0x5 
 .text.ARCONTROLLER_NAckCbs_ARDrone3CameraOrientationV2Init
                0x00000000000665a0       0x94 /home/jose/catkin_ws/build/parrot_arsdk/arsdk/src/ARSDKBuildUtils/out/arsdk-native/build/libARController/obj/Sources/ARCONTROLLER_NAckCbs.c.o
                0x00000000000665a0                ARCONTROLLER_NAckCbs_ARDrone3CameraOrientationV2Init
 *fill*         0x0000000000066634        0xc 
 .text.ARCONTROLLER_NAckCbs_ARDrone3CameraOrientationV2DeInit
                0x0000000000066640       0x9d /home/jose/catkin_ws/build/parrot_arsdk/arsdk/src/ARSDKBuildUtils/out/arsdk-native/build/libARController/obj/Sources/ARCONTROLLER_NAckCbs.c.o
                0x0000000000066640                ARCONTROLLER_NAckCbs_ARDrone3CameraOrientationV2DeInit
 *fill*         0x00000000000666dd        0x3 
 .text.ARCONTROLLER_NAckCbs_ARDrone3CameraOrientationV2Changed
                0x00000000000666e0       0x57 /home/jose/catkin_ws/build/parrot_arsdk/arsdk/src/ARSDKBuildUtils/out/arsdk-native/build/libARController/obj/Sources/ARCONTROLLER_NAckCbs.c.o
                0x00000000000666e0                ARCONTROLLER_NAckCbs_ARDrone3CameraOrientationV2Changed
 *fill*         0x0000000000066737        0x9 
 .text.ARCONTROLLER_NAckCbs_ARDrone3CameraOrientationV2MustBeSent
                0x0000000000066740       0x5b /home/jose/catkin_ws/build/parrot_arsdk/arsdk/src/ARSDKBuildUtils/out/arsdk-native/build/libARController/obj/Sources/ARCONTROLLER_NAckCbs.c.o
                0x0000000000066740                ARCONTROLLER_NAckCbs_ARDrone3CameraOrientationV2MustBeSent
 *fill*         0x000000000006679b        0x5 
 .text.ARCONTROLLER_NAckCbs_ARDrone3CameraVelocityInit
                0x00000000000667a0       0x59 /home/jose/catkin_ws/build/parrot_arsdk/arsdk/src/ARSDKBuildUtils/out/arsdk-native/build/libARController/obj/Sources/ARCONTROLLER_NAckCbs.c.o
                0x00000000000667a0                ARCONTROLLER_NAckCbs_ARDrone3CameraVelocityInit
 *fill*         0x00000000000667f9        0x7 
 .text.ARCONTROLLER_NAckCbs_ARDrone3CameraVelocityDeInit
                0x0000000000066800       0x55 /home/jose/catkin_ws/build/parrot_arsdk/arsdk/src/ARSDKBuildUtils/out/arsdk-native/build/libARController/obj/Sources/ARCONTROLLER_NAckCbs.c.o
                0x0000000000066800                ARCONTROLLER_NAckCbs_ARDrone3CameraVelocityDeInit
 *fill*         0x0000000000066855        0xb 
 .text.ARCONTROLLER_NAckCbs_ARDrone3CameraVelocityChanged
                0x0000000000066860       0x4c /home/jose/catkin_ws/build/parrot_arsdk/arsdk/src/ARSDKBuildUtils/out/arsdk-native/build/libARController/obj/Sources/ARCONTROLLER_NAckCbs.c.o
                0x0000000000066860                ARCONTROLLER_NAckCbs_ARDrone3CameraVelocityChanged
 *fill*         0x00000000000668ac        0x4 
 .text.ARCONTROLLER_NAckCbs_ARDrone3CameraVelocityMustBeSent
                0x00000000000668b0       0x54 /home/jose/catkin_ws/build/parrot_arsdk/arsdk/src/ARSDKBuildUtils/out/arsdk-native/build/libARController/obj/Sources/ARCONTROLLER_NAckCbs.c.o
                0x00000000000668b0                ARCONTROLLER_NAckCbs_ARDrone3CameraVelocityMustBeSent
 *fill*         0x0000000000066904        0xc 
 .text.ARCONTROLLER_NAckCbs_ControllerInfoGpsInit
                0x0000000000066910       0x4c /home/jose/catkin_ws/build/parrot_arsdk/arsdk/src/ARSDKBuildUtils/out/arsdk-native/build/libARController/obj/Sources/ARCONTROLLER_NAckCbs.c.o
                0x0000000000066910                ARCONTROLLER_NAckCbs_ControllerInfoGpsInit
 *fill*         0x000000000006695c        0x4 
 .text.ARCONTROLLER_NAckCbs_ControllerInfoGpsDeInit
                0x0000000000066960       0x4d /home/jose/catkin_ws/build/parrot_arsdk/arsdk/src/ARSDKBuildUtils/out/arsdk-native/build/libARController/obj/Sources/ARCONTROLLER_NAckCbs.c.o
                0x0000000000066960                ARCONTROLLER_NAckCbs_ControllerInfoGpsDeInit
 *fill*         0x00000000000669ad        0x3 
 .text.ARCONTROLLER_NAckCbs_ControllerInfoGpsChanged
                0x00000000000669b0       0x28 /home/jose/catkin_ws/build/parrot_arsdk/arsdk/src/ARSDKBuildUtils/out/arsdk-native/build/libARController/obj/Sources/ARCONTROLLER_NAckCbs.c.o
                0x00000000000669b0                ARCONTROLLER_NAckCbs_ControllerInfoGpsChanged
 *fill*         0x00000000000669d8        0x8 
 .text.ARCONTROLLER_NAckCbs_ControllerInfoGpsMustBeSent
                0x00000000000669e0       0x33 /home/jose/catkin_ws/build/parrot_arsdk/arsdk/src/ARSDKBuildUtils/out/arsdk-native/build/libARController/obj/Sources/ARCONTROLLER_NAckCbs.c.o
                0x00000000000669e0                ARCONTROLLER_NAckCbs_ControllerInfoGpsMustBeSent
 *fill*         0x0000000000066a13        0xd 
 .text.ARCONTROLLER_NAckCbs_ControllerInfoBarometerInit
                0x0000000000066a20       0x4c /home/jose/catkin_ws/build/parrot_arsdk/arsdk/src/ARSDKBuildUtils/out/arsdk-native/build/libARController/obj/Sources/ARCONTROLLER_NAckCbs.c.o
                0x0000000000066a20                ARCONTROLLER_NAckCbs_ControllerInfoBarometerInit
 *fill*         0x0000000000066a6c        0x4 
 .text.ARCONTROLLER_NAckCbs_ControllerInfoBarometerDeInit
                0x0000000000066a70       0x4d /home/jose/catkin_ws/build/parrot_arsdk/arsdk/src/ARSDKBuildUtils/out/arsdk-native/build/libARController/obj/Sources/ARCONTROLLER_NAckCbs.c.o
                0x0000000000066a70                ARCONTROLLER_NAckCbs_ControllerInfoBarometerDeInit
 *fill*         0x0000000000066abd        0x3 
 .text.ARCONTROLLER_NAckCbs_ControllerInfoBarometerChanged
                0x0000000000066ac0       0x28 /home/jose/catkin_ws/build/parrot_arsdk/arsdk/src/ARSDKBuildUtils/out/arsdk-native/build/libARController/obj/Sources/ARCONTROLLER_NAckCbs.c.o
                0x0000000000066ac0                ARCONTROLLER_NAckCbs_ControllerInfoBarometerChanged
 *fill*         0x0000000000066ae8        0x8 
 .text.ARCONTROLLER_NAckCbs_ControllerInfoBarometerMustBeSent
                0x0000000000066af0       0x33 /home/jose/catkin_ws/build/parrot_arsdk/arsdk/src/ARSDKBuildUtils/out/arsdk-native/build/libARController/obj/Sources/ARCONTROLLER_NAckCbs.c.o
                0x0000000000066af0                ARCONTROLLER_NAckCbs_ControllerInfoBarometerMustBeSent
 *fill*         0x0000000000066b23        0xd 
 .text.ARCONTROLLER_Device_ReceiveJsonCallback
                0x0000000000066b30       0x26 /home/jose/catkin_ws/build/parrot_arsdk/arsdk/src/ARSDKBuildUtils/out/arsdk-native/build/libARController/obj/gen/Sources/ARCONTROLLER_Device.c.o
                0x0000000000066b30                ARCONTROLLER_Device_ReceiveJsonCallback
 *fill*         0x0000000000066b56        0xa 
 .text.ARCONTROLLER_Device_PompLoopThread
                0x0000000000066b60       0x53 /home/jose/catkin_ws/build/parrot_arsdk/arsdk/src/ARSDKBuildUtils/out/arsdk-native/build/libARController/obj/gen/Sources/ARCONTROLLER_Device.c.o
 *fill*         0x0000000000066bb3        0xd 
 .text.ARCONTROLLER_Device_SendJsonCallback
                0x0000000000066bc0       0x66 /home/jose/catkin_ws/build/parrot_arsdk/arsdk/src/ARSDKBuildUtils/out/arsdk-native/build/libARController/obj/gen/Sources/ARCONTROLLER_Device.c.o
                0x0000000000066bc0                ARCONTROLLER_Device_SendJsonCallback
 *fill*         0x0000000000066c26        0xa 
 .text.ARCONTROLLER_Device_ControllerLooperThread
                0x0000000000066c30      0x433 /home/jose/catkin_ws/build/parrot_arsdk/arsdk/src/ARSDKBuildUtils/out/arsdk-native/build/libARController/obj/gen/Sources/ARCONTROLLER_Device.c.o
                0x0000000000066c30                ARCONTROLLER_Device_ControllerLooperThread
 *fill*         0x0000000000067063        0xd 
 .text.ARCONTROLLER_Device_RegisterCallbacks
                0x0000000000067070     0x2c7a /home/jose/catkin_ws/build/parrot_arsdk/arsdk/src/ARSDKBuildUtils/out/arsdk-native/build/libARController/obj/gen/Sources/ARCONTROLLER_Device.c.o
                0x0000000000067070                ARCONTROLLER_Device_RegisterCallbacks
 *fill*         0x0000000000069cea        0x6 
 .text.ARCONTROLLER_Device_UnregisterCallbacks
                0x0000000000069cf0     0x1fed /home/jose/catkin_ws/build/parrot_arsdk/arsdk/src/ARSDKBuildUtils/out/arsdk-native/build/libARController/obj/gen/Sources/ARCONTROLLER_Device.c.o
                0x0000000000069cf0                ARCONTROLLER_Device_UnregisterCallbacks
 *fill*         0x000000000006bcdd        0x3 
 .text.ARCONTROLLER_Device_SetVideoStreamCallbacks
                0x000000000006bce0       0xa0 /home/jose/catkin_ws/build/parrot_arsdk/arsdk/src/ARSDKBuildUtils/out/arsdk-native/build/libARController/obj/gen/Sources/ARCONTROLLER_Device.c.o
                0x000000000006bce0                ARCONTROLLER_Device_SetVideoStreamCallbacks
 .text.ARCONTROLLER_Device_SetVideoStreamMP4Compliant
                0x000000000006bd80       0x68 /home/jose/catkin_ws/build/parrot_arsdk/arsdk/src/ARSDKBuildUtils/out/arsdk-native/build/libARController/obj/gen/Sources/ARCONTROLLER_Device.c.o
                0x000000000006bd80                ARCONTROLLER_Device_SetVideoStreamMP4Compliant
 *fill*         0x000000000006bde8        0x8 
 .text.ARCONTROLLER_Device_SetAudioStreamCallbacks
                0x000000000006bdf0       0xa0 /home/jose/catkin_ws/build/parrot_arsdk/arsdk/src/ARSDKBuildUtils/out/arsdk-native/build/libARController/obj/gen/Sources/ARCONTROLLER_Device.c.o
                0x000000000006bdf0                ARCONTROLLER_Device_SetAudioStreamCallbacks
 .text.ARCONTROLLER_Device_AddCommandReceivedCallback
                0x000000000006be90       0x77 /home/jose/catkin_ws/build/parrot_arsdk/arsdk/src/ARSDKBuildUtils/out/arsdk-native/build/libARController/obj/gen/Sources/ARCONTROLLER_Device.c.o
                0x000000000006be90                ARCONTROLLER_Device_AddCommandReceivedCallback
 *fill*         0x000000000006bf07        0x9 
 .text.ARCONTROLLER_Device_RemoveCommandReceivedCallback
                0x000000000006bf10       0x77 /home/jose/catkin_ws/build/parrot_arsdk/arsdk/src/ARSDKBuildUtils/out/arsdk-native/build/libARController/obj/gen/Sources/ARCONTROLLER_Device.c.o
                0x000000000006bf10                ARCONTROLLER_Device_RemoveCommandReceivedCallback
 *fill*         0x000000000006bf87        0x9 
 .text.ARCONTROLLER_Device_GetCommandElements
                0x000000000006bf90      0x3be /home/jose/catkin_ws/build/parrot_arsdk/arsdk/src/ARSDKBuildUtils/out/arsdk-native/build/libARController/obj/gen/Sources/ARCONTROLLER_Device.c.o
                0x000000000006bf90                ARCONTROLLER_Device_GetCommandElements
 *fill*         0x000000000006c34e        0x2 
 .text.ARCONTROLLER_Device_SendStreamFrame
                0x000000000006c350       0x94 /home/jose/catkin_ws/build/parrot_arsdk/arsdk/src/ARSDKBuildUtils/out/arsdk-native/build/libARController/obj/gen/Sources/ARCONTROLLER_Device.c.o
                0x000000000006c350                ARCONTROLLER_Device_SendStreamFrame
 *fill*         0x000000000006c3e4        0xc 
 .text.ARCONTROLLER_Device_GetState
                0x000000000006c3f0       0x6d /home/jose/catkin_ws/build/parrot_arsdk/arsdk/src/ARSDKBuildUtils/out/arsdk-native/build/libARController/obj/gen/Sources/ARCONTROLLER_Device.c.o
                0x000000000006c3f0                ARCONTROLLER_Device_GetState
 *fill*         0x000000000006c45d        0x3 
 .text.ARCONTROLLER_Device_GetExtensionState
                0x000000000006c460       0x6d /home/jose/catkin_ws/build/parrot_arsdk/arsdk/src/ARSDKBuildUtils/out/arsdk-native/build/libARController/obj/gen/Sources/ARCONTROLLER_Device.c.o
                0x000000000006c460                ARCONTROLLER_Device_GetExtensionState
 *fill*         0x000000000006c4cd        0x3 
 .text.ARCONTROLLER_Device_GetExtensionName
                0x000000000006c4d0       0xa8 /home/jose/catkin_ws/build/parrot_arsdk/arsdk/src/ARSDKBuildUtils/out/arsdk-native/build/libARController/obj/gen/Sources/ARCONTROLLER_Device.c.o
                0x000000000006c4d0                ARCONTROLLER_Device_GetExtensionName
 *fill*         0x000000000006c578        0x8 
 .text.ARCONTROLLER_Device_GetExtensionProduct
                0x000000000006c580       0x6d /home/jose/catkin_ws/build/parrot_arsdk/arsdk/src/ARSDKBuildUtils/out/arsdk-native/build/libARController/obj/gen/Sources/ARCONTROLLER_Device.c.o
                0x000000000006c580                ARCONTROLLER_Device_GetExtensionProduct
 *fill*         0x000000000006c5ed        0x3 
 .text.ARCONTROLLER_Device_HasOutputVideoStream
                0x000000000006c5f0       0x68 /home/jose/catkin_ws/build/parrot_arsdk/arsdk/src/ARSDKBuildUtils/out/arsdk-native/build/libARController/obj/gen/Sources/ARCONTROLLER_Device.c.o
                0x000000000006c5f0                ARCONTROLLER_Device_HasOutputVideoStream
 *fill*         0x000000000006c658        0x8 
 .text.ARCONTROLLER_Device_HasOutputAudioStream
                0x000000000006c660       0x57 /home/jose/catkin_ws/build/parrot_arsdk/arsdk/src/ARSDKBuildUtils/out/arsdk-native/build/libARController/obj/gen/Sources/ARCONTROLLER_Device.c.o
                0x000000000006c660                ARCONTROLLER_Device_HasOutputAudioStream
 *fill*         0x000000000006c6b7        0x9 
 .text.ARCONTROLLER_Device_HasInputAudioStream
                0x000000000006c6c0       0x57 /home/jose/catkin_ws/build/parrot_arsdk/arsdk/src/ARSDKBuildUtils/out/arsdk-native/build/libARController/obj/gen/Sources/ARCONTROLLER_Device.c.o
                0x000000000006c6c0                ARCONTROLLER_Device_HasInputAudioStream
 *fill*         0x000000000006c717        0x9 
 .text.ARCONTROLLER_Device_StartVideoStream
                0x000000000006c720      0x2fa /home/jose/catkin_ws/build/parrot_arsdk/arsdk/src/ARSDKBuildUtils/out/arsdk-native/build/libARController/obj/gen/Sources/ARCONTROLLER_Device.c.o
                0x000000000006c720                ARCONTROLLER_Device_StartVideoStream
 *fill*         0x000000000006ca1a        0x6 
 .text.ARCONTROLLER_Device_StopVideoStream
                0x000000000006ca20      0x139 /home/jose/catkin_ws/build/parrot_arsdk/arsdk/src/ARSDKBuildUtils/out/arsdk-native/build/libARController/obj/gen/Sources/ARCONTROLLER_Device.c.o
                0x000000000006ca20                ARCONTROLLER_Device_StopVideoStream
 *fill*         0x000000000006cb59        0x7 
 .text.ARCONTROLLER_Device_StopNetwork
                0x000000000006cb60      0x67b /home/jose/catkin_ws/build/parrot_arsdk/arsdk/src/ARSDKBuildUtils/out/arsdk-native/build/libARController/obj/gen/Sources/ARCONTROLLER_Device.c.o
                0x000000000006cb60                ARCONTROLLER_Device_StopNetwork
 *fill*         0x000000000006d1db        0x5 
 .text.ARCONTROLLER_Device_SetNetworkControllerToFeatures
                0x000000000006d1e0      0x92d /home/jose/catkin_ws/build/parrot_arsdk/arsdk/src/ARSDKBuildUtils/out/arsdk-native/build/libARController/obj/gen/Sources/ARCONTROLLER_Device.c.o
                0x000000000006d1e0                ARCONTROLLER_Device_SetNetworkControllerToFeatures
 *fill*         0x000000000006db0d        0x3 
 .text.ARCONTROLLER_Device_StartNetwork
                0x000000000006db10      0x7a2 /home/jose/catkin_ws/build/parrot_arsdk/arsdk/src/ARSDKBuildUtils/out/arsdk-native/build/libARController/obj/gen/Sources/ARCONTROLLER_Device.c.o
                0x000000000006db10                ARCONTROLLER_Device_StartNetwork
 *fill*         0x000000000006e2b2        0xe 
 .text.ARCONTROLLER_Device_StartControllerLooperThread
                0x000000000006e2c0       0x73 /home/jose/catkin_ws/build/parrot_arsdk/arsdk/src/ARSDKBuildUtils/out/arsdk-native/build/libARController/obj/gen/Sources/ARCONTROLLER_Device.c.o
                0x000000000006e2c0                ARCONTROLLER_Device_StartControllerLooperThread
 *fill*         0x000000000006e333        0xd 
 .text.ARCONTROLLER_Device_StopControllerLooperThread
                0x000000000006e340       0x70 /home/jose/catkin_ws/build/parrot_arsdk/arsdk/src/ARSDKBuildUtils/out/arsdk-native/build/libARController/obj/gen/Sources/ARCONTROLLER_Device.c.o
                0x000000000006e340                ARCONTROLLER_Device_StopControllerLooperThread
 .text.ARCONTROLLER_Device_SetInitialDate
                0x000000000006e3b0      0x15a /home/jose/catkin_ws/build/parrot_arsdk/arsdk/src/ARSDKBuildUtils/out/arsdk-native/build/libARController/obj/gen/Sources/ARCONTROLLER_Device.c.o
                0x000000000006e3b0                ARCONTROLLER_Device_SetInitialDate
 *fill*         0x000000000006e50a        0x6 
 .text.ARCONTROLLER_Device_GetInitialSettings
                0x000000000006e510       0x75 /home/jose/catkin_ws/build/parrot_arsdk/arsdk/src/ARSDKBuildUtils/out/arsdk-native/build/libARController/obj/gen/Sources/ARCONTROLLER_Device.c.o
                0x000000000006e510                ARCONTROLLER_Device_GetInitialSettings
 *fill*         0x000000000006e585        0xb 
 .text.ARCONTROLLER_Device_GetInitialStates
                0x000000000006e590       0x75 /home/jose/catkin_ws/build/parrot_arsdk/arsdk/src/ARSDKBuildUtils/out/arsdk-native/build/libARController/obj/gen/Sources/ARCONTROLLER_Device.c.o
                0x000000000006e590                ARCONTROLLER_Device_GetInitialStates
 *fill*         0x000000000006e605        0xb 
 .text.ARCONTROLLER_Device_OnStart
                0x000000000006e610       0xa9 /home/jose/catkin_ws/build/parrot_arsdk/arsdk/src/ARSDKBuildUtils/out/arsdk-native/build/libARController/obj/gen/Sources/ARCONTROLLER_Device.c.o
                0x000000000006e610                ARCONTROLLER_Device_OnStart
 *fill*         0x000000000006e6b9        0x7 
 .text.ARCONTROLLER_Device_OnAllStatesEnd
                0x000000000006e6c0       0x29 /home/jose/catkin_ws/build/parrot_arsdk/arsdk/src/ARSDKBuildUtils/out/arsdk-native/build/libARController/obj/gen/Sources/ARCONTROLLER_Device.c.o
                0x000000000006e6c0                ARCONTROLLER_Device_OnAllStatesEnd
 *fill*         0x000000000006e6e9        0x7 
 .text.ARCONTROLLER_Device_OnAllSettingsEnd
                0x000000000006e6f0        0x9 /home/jose/catkin_ws/build/parrot_arsdk/arsdk/src/ARSDKBuildUtils/out/arsdk-native/build/libARController/obj/gen/Sources/ARCONTROLLER_Device.c.o
                0x000000000006e6f0                ARCONTROLLER_Device_OnAllSettingsEnd
 *fill*         0x000000000006e6f9        0x7 
 .text.ARCONTROLLER_Device_OnARDrone3VideoEnableChanged
                0x000000000006e700      0x6b1 /home/jose/catkin_ws/build/parrot_arsdk/arsdk/src/ARSDKBuildUtils/out/arsdk-native/build/libARController/obj/gen/Sources/ARCONTROLLER_Device.c.o
                0x000000000006e700                ARCONTROLLER_Device_OnARDrone3VideoEnableChanged
 *fill*         0x000000000006edb1        0xf 
 .text.ARCONTROLLER_Device_OnJumpingSumoVideoEnableChanged
                0x000000000006edc0      0x6b1 /home/jose/catkin_ws/build/parrot_arsdk/arsdk/src/ARSDKBuildUtils/out/arsdk-native/build/libARController/obj/gen/Sources/ARCONTROLLER_Device.c.o
                0x000000000006edc0                ARCONTROLLER_Device_OnJumpingSumoVideoEnableChanged
 *fill*         0x000000000006f471        0xf 
 .text.ARCONTROLLER_Device_OnPowerUpVideoEnableChanged
                0x000000000006f480      0x6b1 /home/jose/catkin_ws/build/parrot_arsdk/arsdk/src/ARSDKBuildUtils/out/arsdk-native/build/libARController/obj/gen/Sources/ARCONTROLLER_Device.c.o
                0x000000000006f480                ARCONTROLLER_Device_OnPowerUpVideoEnableChanged
 *fill*         0x000000000006fb31        0xf 
 .text.ARCONTROLLER_Device_OnAudioStreamStateChanged
                0x000000000006fb40      0x66e /home/jose/catkin_ws/build/parrot_arsdk/arsdk/src/ARSDKBuildUtils/out/arsdk-native/build/libARController/obj/gen/Sources/ARCONTROLLER_Device.c.o
                0x000000000006fb40                ARCONTROLLER_Device_OnAudioStreamStateChanged
 *fill*         0x00000000000701ae        0x2 
 .text.ARCONTROLLER_Device_AddCallbackInList
                0x00000000000701b0       0x75 /home/jose/catkin_ws/build/parrot_arsdk/arsdk/src/ARSDKBuildUtils/out/arsdk-native/build/libARController/obj/gen/Sources/ARCONTROLLER_Device.c.o
                0x00000000000701b0                ARCONTROLLER_Device_AddCallbackInList
 *fill*         0x0000000000070225        0xb 
 .text.ARCONTROLLER_Device_AddStateChangedCallback
                0x0000000000070230       0x77 /home/jose/catkin_ws/build/parrot_arsdk/arsdk/src/ARSDKBuildUtils/out/arsdk-native/build/libARController/obj/gen/Sources/ARCONTROLLER_Device.c.o
                0x0000000000070230                ARCONTROLLER_Device_AddStateChangedCallback
 *fill*         0x00000000000702a7        0x9 
 .text.ARCONTROLLER_Device_AddExtensionCallbackInList
                0x00000000000702b0       0x75 /home/jose/catkin_ws/build/parrot_arsdk/arsdk/src/ARSDKBuildUtils/out/arsdk-native/build/libARController/obj/gen/Sources/ARCONTROLLER_Device.c.o
                0x00000000000702b0                ARCONTROLLER_Device_AddExtensionCallbackInList
 *fill*         0x0000000000070325        0xb 
 .text.ARCONTROLLER_Device_AddExtensionStateChangedCallback
                0x0000000000070330       0x77 /home/jose/catkin_ws/build/parrot_arsdk/arsdk/src/ARSDKBuildUtils/out/arsdk-native/build/libARController/obj/gen/Sources/ARCONTROLLER_Device.c.o
                0x0000000000070330                ARCONTROLLER_Device_AddExtensionStateChangedCallback
 *fill*         0x00000000000703a7        0x9 
 .text.ARCONTROLLER_Device_RemoveCallbackFromList
                0x00000000000703b0       0x9a /home/jose/catkin_ws/build/parrot_arsdk/arsdk/src/ARSDKBuildUtils/out/arsdk-native/build/libARController/obj/gen/Sources/ARCONTROLLER_Device.c.o
                0x00000000000703b0                ARCONTROLLER_Device_RemoveCallbackFromList
 *fill*         0x000000000007044a        0x6 
 .text.ARCONTROLLER_Device_RemoveStateChangedCallback
                0x0000000000070450       0x77 /home/jose/catkin_ws/build/parrot_arsdk/arsdk/src/ARSDKBuildUtils/out/arsdk-native/build/libARController/obj/gen/Sources/ARCONTROLLER_Device.c.o
                0x0000000000070450                ARCONTROLLER_Device_RemoveStateChangedCallback
 *fill*         0x00000000000704c7        0x9 
 .text.ARCONTROLLER_Device_RemoveExtensionCallbackFromList
                0x00000000000704d0       0x9a /home/jose/catkin_ws/build/parrot_arsdk/arsdk/src/ARSDKBuildUtils/out/arsdk-native/build/libARController/obj/gen/Sources/ARCONTROLLER_Device.c.o
                0x00000000000704d0                ARCONTROLLER_Device_RemoveExtensionCallbackFromList
 *fill*         0x000000000007056a        0x6 
 .text.ARCONTROLLER_Device_DeleteCallbackList
                0x0000000000070570       0x79 /home/jose/catkin_ws/build/parrot_arsdk/arsdk/src/ARSDKBuildUtils/out/arsdk-native/build/libARController/obj/gen/Sources/ARCONTROLLER_Device.c.o
                0x0000000000070570                ARCONTROLLER_Device_DeleteCallbackList
 *fill*         0x00000000000705e9        0x7 
 .text.ARCONTROLLER_Device_DeleteExtensionCallbackList
                0x00000000000705f0       0x79 /home/jose/catkin_ws/build/parrot_arsdk/arsdk/src/ARSDKBuildUtils/out/arsdk-native/build/libARController/obj/gen/Sources/ARCONTROLLER_Device.c.o
                0x00000000000705f0                ARCONTROLLER_Device_DeleteExtensionCallbackList
 *fill*         0x0000000000070669        0x7 
 .text.ARCONTROLLER_Device_DeleteExtension
                0x0000000000070670      0x2f0 /home/jose/catkin_ws/build/parrot_arsdk/arsdk/src/ARSDKBuildUtils/out/arsdk-native/build/libARController/obj/gen/Sources/ARCONTROLLER_Device.c.o
                0x0000000000070670                ARCONTROLLER_Device_DeleteExtension
 .text.ARCONTROLLER_Device_Delete
                0x0000000000070960      0x37b /home/jose/catkin_ws/build/parrot_arsdk/arsdk/src/ARSDKBuildUtils/out/arsdk-native/build/libARController/obj/gen/Sources/ARCONTROLLER_Device.c.o
                0x0000000000070960                ARCONTROLLER_Device_Delete
 *fill*         0x0000000000070cdb        0x5 
 .text.ARCONTROLLER_Device_New
                0x0000000000070ce0      0x99f /home/jose/catkin_ws/build/parrot_arsdk/arsdk/src/ARSDKBuildUtils/out/arsdk-native/build/libARController/obj/gen/Sources/ARCONTROLLER_Device.c.o
                0x0000000000070ce0                ARCONTROLLER_Device_New
 *fill*         0x000000000007167f        0x1 
 .text.ARCONTROLLER_Device_NotifyAllCallbackInList
                0x0000000000071680       0x3c /home/jose/catkin_ws/build/parrot_arsdk/arsdk/src/ARSDKBuildUtils/out/arsdk-native/build/libARController/obj/gen/Sources/ARCONTROLLER_Device.c.o
                0x0000000000071680                ARCONTROLLER_Device_NotifyAllCallbackInList
 *fill*         0x00000000000716bc        0x4 
 .text.ARCONTROLLER_Device_NotifyAllExtensionCallbackInList
                0x00000000000716c0       0x4e /home/jose/catkin_ws/build/parrot_arsdk/arsdk/src/ARSDKBuildUtils/out/arsdk-native/build/libARController/obj/gen/Sources/ARCONTROLLER_Device.c.o
                0x00000000000716c0                ARCONTROLLER_Device_NotifyAllExtensionCallbackInList
 *fill*         0x000000000007170e        0x2 
 .text.ARCONTROLLER_Device_SetState
                0x0000000000071710       0x5c /home/jose/catkin_ws/build/parrot_arsdk/arsdk/src/ARSDKBuildUtils/out/arsdk-native/build/libARController/obj/gen/Sources/ARCONTROLLER_Device.c.o
                0x0000000000071710                ARCONTROLLER_Device_SetState
 *fill*         0x000000000007176c        0x4 
 .text.ARCONTROLLER_Device_Start
                0x0000000000071770       0xe6 /home/jose/catkin_ws/build/parrot_arsdk/arsdk/src/ARSDKBuildUtils/out/arsdk-native/build/libARController/obj/gen/Sources/ARCONTROLLER_Device.c.o
                0x0000000000071770                ARCONTROLLER_Device_Start
 *fill*         0x0000000000071856        0xa 
 .text.ARCONTROLLER_Device_Stop
                0x0000000000071860      0x16c /home/jose/catkin_ws/build/parrot_arsdk/arsdk/src/ARSDKBuildUtils/out/arsdk-native/build/libARController/obj/gen/Sources/ARCONTROLLER_Device.c.o
                0x0000000000071860                ARCONTROLLER_Device_Stop
 *fill*         0x00000000000719cc        0x4 
 .text.ARCONTROLLER_Device_OnDisconnectCallback
                0x00000000000719d0       0x21 /home/jose/catkin_ws/build/parrot_arsdk/arsdk/src/ARSDKBuildUtils/out/arsdk-native/build/libARController/obj/gen/Sources/ARCONTROLLER_Device.c.o
                0x00000000000719d0                ARCONTROLLER_Device_OnDisconnectCallback
 *fill*         0x00000000000719f1        0xf 
 .text.ARCONTROLLER_Device_StopRun
                0x0000000000071a00      0x13f /home/jose/catkin_ws/build/parrot_arsdk/arsdk/src/ARSDKBuildUtils/out/arsdk-native/build/libARController/obj/gen/Sources/ARCONTROLLER_Device.c.o
                0x0000000000071a00                ARCONTROLLER_Device_StopRun
 *fill*         0x0000000000071b3f        0x1 
 .text.ARCONTROLLER_Device_StartRun
                0x0000000000071b40      0x1db /home/jose/catkin_ws/build/parrot_arsdk/arsdk/src/ARSDKBuildUtils/out/arsdk-native/build/libARController/obj/gen/Sources/ARCONTROLLER_Device.c.o
                0x0000000000071b40                ARCONTROLLER_Device_StartRun
 *fill*         0x0000000000071d1b        0x5 
 .text.ARCONTROLLER_Device_SetExtensionState
                0x0000000000071d20       0x67 /home/jose/catkin_ws/build/parrot_arsdk/arsdk/src/ARSDKBuildUtils/out/arsdk-native/build/libARController/obj/gen/Sources/ARCONTROLLER_Device.c.o
                0x0000000000071d20                ARCONTROLLER_Device_SetExtensionState
 *fill*         0x0000000000071d87        0x9 
 .text.ARCONTROLLER_Device_ExtensionStopRun
                0x0000000000071d90      0x796 /home/jose/catkin_ws/build/parrot_arsdk/arsdk/src/ARSDKBuildUtils/out/arsdk-native/build/libARController/obj/gen/Sources/ARCONTROLLER_Device.c.o
                0x0000000000071d90                ARCONTROLLER_Device_ExtensionStopRun
 *fill*         0x0000000000072526        0xa 
 .text.ARCONTROLLER_Device_OnSkyControllerConnectionChangedReceived
                0x0000000000072530      0xb2c /home/jose/catkin_ws/build/parrot_arsdk/arsdk/src/ARSDKBuildUtils/out/arsdk-native/build/libARController/obj/gen/Sources/ARCONTROLLER_Device.c.o
                0x0000000000072530                ARCONTROLLER_Device_OnSkyControllerConnectionChangedReceived
 *fill*         0x000000000007305c        0x4 
 .text.ARCONTROLLER_Device_DictionaryChangedCallback
                0x0000000000073060      0x131 /home/jose/catkin_ws/build/parrot_arsdk/arsdk/src/ARSDKBuildUtils/out/arsdk-native/build/libARController/obj/gen/Sources/ARCONTROLLER_Device.c.o
                0x0000000000073060                ARCONTROLLER_Device_DictionaryChangedCallback
 *fill*         0x0000000000073191        0xf 
 .text.ARCONTROLLER_Device_ExtensionStartRun
                0x00000000000731a0     0x295f /home/jose/catkin_ws/build/parrot_arsdk/arsdk/src/ARSDKBuildUtils/out/arsdk-native/build/libARController/obj/gen/Sources/ARCONTROLLER_Device.c.o
                0x00000000000731a0                ARCONTROLLER_Device_ExtensionStartRun
 *fill*         0x0000000000075aff        0x1 
 .text.ARCONTROLLER_DICTIONARY_Key_GetFeatureFromCommandKey
                0x0000000000075b00      0x127 /home/jose/catkin_ws/build/parrot_arsdk/arsdk/src/ARSDKBuildUtils/out/arsdk-native/build/libARController/obj/gen/Sources/ARCONTROLLER_DICTIONARY_Key.c.o
                0x0000000000075b00                ARCONTROLLER_DICTIONARY_Key_GetFeatureFromCommandKey
 *fill*         0x0000000000075c27        0x9 
 .text.ARCONTROLLER_Error_ToString
                0x0000000000075c30      0x290 /home/jose/catkin_ws/build/parrot_arsdk/arsdk/src/ARSDKBuildUtils/out/arsdk-native/build/libARController/obj/gen/Sources/ARCONTROLLER_Error.c.o
                0x0000000000075c30                ARCONTROLLER_Error_ToString
 .text.ARCONTROLLER_FEATURE_ARDrone3_SetPilotingPCMD
                0x0000000000075ec0       0x46 /home/jose/catkin_ws/build/parrot_arsdk/arsdk/src/ARSDKBuildUtils/out/arsdk-native/build/libARController/obj/gen/Sources/ARCONTROLLER_Feature.c.o
                0x0000000000075ec0                ARCONTROLLER_FEATURE_ARDrone3_SetPilotingPCMD
 *fill*         0x0000000000075f06        0xa 
 .text.ARCONTROLLER_FEATURE_ARDrone3_SetPilotingPCMDFlag
                0x0000000000075f10       0x2e /home/jose/catkin_ws/build/parrot_arsdk/arsdk/src/ARSDKBuildUtils/out/arsdk-native/build/libARController/obj/gen/Sources/ARCONTROLLER_Feature.c.o
                0x0000000000075f10                ARCONTROLLER_FEATURE_ARDrone3_SetPilotingPCMDFlag
 *fill*         0x0000000000075f3e        0x2 
 .text.ARCONTROLLER_FEATURE_ARDrone3_SetPilotingPCMDRoll
                0x0000000000075f40       0x2e /home/jose/catkin_ws/build/parrot_arsdk/arsdk/src/ARSDKBuildUtils/out/arsdk-native/build/libARController/obj/gen/Sources/ARCONTROLLER_Feature.c.o
                0x0000000000075f40                ARCONTROLLER_FEATURE_ARDrone3_SetPilotingPCMDRoll
 *fill*         0x0000000000075f6e        0x2 
 .text.ARCONTROLLER_FEATURE_ARDrone3_SetPilotingPCMDPitch
                0x0000000000075f70       0x2e /home/jose/catkin_ws/build/parrot_arsdk/arsdk/src/ARSDKBuildUtils/out/arsdk-native/build/libARController/obj/gen/Sources/ARCONTROLLER_Feature.c.o
                0x0000000000075f70                ARCONTROLLER_FEATURE_ARDrone3_SetPilotingPCMDPitch
 *fill*         0x0000000000075f9e        0x2 
 .text.ARCONTROLLER_FEATURE_ARDrone3_SetPilotingPCMDYaw
                0x0000000000075fa0       0x2e /home/jose/catkin_ws/build/parrot_arsdk/arsdk/src/ARSDKBuildUtils/out/arsdk-native/build/libARController/obj/gen/Sources/ARCONTROLLER_Feature.c.o
                0x0000000000075fa0                ARCONTROLLER_FEATURE_ARDrone3_SetPilotingPCMDYaw
 *fill*         0x0000000000075fce        0x2 
 .text.ARCONTROLLER_FEATURE_ARDrone3_SetPilotingPCMDGaz
                0x0000000000075fd0       0x2e /home/jose/catkin_ws/build/parrot_arsdk/arsdk/src/ARSDKBuildUtils/out/arsdk-native/build/libARController/obj/gen/Sources/ARCONTROLLER_Feature.c.o
                0x0000000000075fd0                ARCONTROLLER_FEATURE_ARDrone3_SetPilotingPCMDGaz
 *fill*         0x0000000000075ffe        0x2 
 .text.ARCONTROLLER_FEATURE_ARDrone3_SetPilotingPCMDTimestampAndSeqNum
                0x0000000000076000       0x2e /home/jose/catkin_ws/build/parrot_arsdk/arsdk/src/ARSDKBuildUtils/out/arsdk-native/build/libARController/obj/gen/Sources/ARCONTROLLER_Feature.c.o
                0x0000000000076000                ARCONTROLLER_FEATURE_ARDrone3_SetPilotingPCMDTimestampAndSeqNum
 *fill*         0x000000000007602e        0x2 
 .text.ARCONTROLLER_FEATURE_JumpingSumo_SetPilotingPCMD
                0x0000000000076030       0x36 /home/jose/catkin_ws/build/parrot_arsdk/arsdk/src/ARSDKBuildUtils/out/arsdk-native/build/libARController/obj/gen/Sources/ARCONTROLLER_Feature.c.o
                0x0000000000076030                ARCONTROLLER_FEATURE_JumpingSumo_SetPilotingPCMD
 *fill*         0x0000000000076066        0xa 
 .text.ARCONTROLLER_FEATURE_JumpingSumo_SetPilotingPCMDFlag
                0x0000000000076070       0x2e /home/jose/catkin_ws/build/parrot_arsdk/arsdk/src/ARSDKBuildUtils/out/arsdk-native/build/libARController/obj/gen/Sources/ARCONTROLLER_Feature.c.o
                0x0000000000076070                ARCONTROLLER_FEATURE_JumpingSumo_SetPilotingPCMDFlag
 *fill*         0x000000000007609e        0x2 
 .text.ARCONTROLLER_FEATURE_JumpingSumo_SetPilotingPCMDSpeed
                0x00000000000760a0       0x2e /home/jose/catkin_ws/build/parrot_arsdk/arsdk/src/ARSDKBuildUtils/out/arsdk-native/build/libARController/obj/gen/Sources/ARCONTROLLER_Feature.c.o
                0x00000000000760a0                ARCONTROLLER_FEATURE_JumpingSumo_SetPilotingPCMDSpeed
 *fill*         0x00000000000760ce        0x2 
 .text.ARCONTROLLER_FEATURE_JumpingSumo_SetPilotingPCMDTurn
                0x00000000000760d0       0x2e /home/jose/catkin_ws/build/parrot_arsdk/arsdk/src/ARSDKBuildUtils/out/arsdk-native/build/libARController/obj/gen/Sources/ARCONTROLLER_Feature.c.o
                0x00000000000760d0                ARCONTROLLER_FEATURE_JumpingSumo_SetPilotingPCMDTurn
 *fill*         0x00000000000760fe        0x2 
 .text.ARCONTROLLER_FEATURE_MiniDrone_SetPilotingPCMD
                0x0000000000076100       0x46 /home/jose/catkin_ws/build/parrot_arsdk/arsdk/src/ARSDKBuildUtils/out/arsdk-native/build/libARController/obj/gen/Sources/ARCONTROLLER_Feature.c.o
                0x0000000000076100                ARCONTROLLER_FEATURE_MiniDrone_SetPilotingPCMD
 *fill*         0x0000000000076146        0xa 
 .text.ARCONTROLLER_FEATURE_MiniDrone_SetPilotingPCMDFlag
                0x0000000000076150       0x2e /home/jose/catkin_ws/build/parrot_arsdk/arsdk/src/ARSDKBuildUtils/out/arsdk-native/build/libARController/obj/gen/Sources/ARCONTROLLER_Feature.c.o
                0x0000000000076150                ARCONTROLLER_FEATURE_MiniDrone_SetPilotingPCMDFlag
 *fill*         0x000000000007617e        0x2 
 .text.ARCONTROLLER_FEATURE_MiniDrone_SetPilotingPCMDRoll
                0x0000000000076180       0x2e /home/jose/catkin_ws/build/parrot_arsdk/arsdk/src/ARSDKBuildUtils/out/arsdk-native/build/libARController/obj/gen/Sources/ARCONTROLLER_Feature.c.o
                0x0000000000076180                ARCONTROLLER_FEATURE_MiniDrone_SetPilotingPCMDRoll
 *fill*         0x00000000000761ae        0x2 
 .text.ARCONTROLLER_FEATURE_MiniDrone_SetPilotingPCMDPitch
                0x00000000000761b0       0x2e /home/jose/catkin_ws/build/parrot_arsdk/arsdk/src/ARSDKBuildUtils/out/arsdk-native/build/libARController/obj/gen/Sources/ARCONTROLLER_Feature.c.o
                0x00000000000761b0                ARCONTROLLER_FEATURE_MiniDrone_SetPilotingPCMDPitch
 *fill*         0x00000000000761de        0x2 
 .text.ARCONTROLLER_FEATURE_MiniDrone_SetPilotingPCMDYaw
                0x00000000000761e0       0x2e /home/jose/catkin_ws/build/parrot_arsdk/arsdk/src/ARSDKBuildUtils/out/arsdk-native/build/libARController/obj/gen/Sources/ARCONTROLLER_Feature.c.o
                0x00000000000761e0                ARCONTROLLER_FEATURE_MiniDrone_SetPilotingPCMDYaw
 *fill*         0x000000000007620e        0x2 
 .text.ARCONTROLLER_FEATURE_MiniDrone_SetPilotingPCMDGaz
                0x0000000000076210       0x2e /home/jose/catkin_ws/build/parrot_arsdk/arsdk/src/ARSDKBuildUtils/out/arsdk-native/build/libARController/obj/gen/Sources/ARCONTROLLER_Feature.c.o
                0x0000000000076210                ARCONTROLLER_FEATURE_MiniDrone_SetPilotingPCMDGaz
 *fill*         0x000000000007623e        0x2 
 .text.ARCONTROLLER_FEATURE_MiniDrone_SetPilotingPCMDTimestamp
                0x0000000000076240       0x2e /home/jose/catkin_ws/build/parrot_arsdk/arsdk/src/ARSDKBuildUtils/out/arsdk-native/build/libARController/obj/gen/Sources/ARCONTROLLER_Feature.c.o
                0x0000000000076240                ARCONTROLLER_FEATURE_MiniDrone_SetPilotingPCMDTimestamp
 *fill*         0x000000000007626e        0x2 
 .text.ARCONTROLLER_FEATURE_Powerup_SetPilotingPCMD
                0x0000000000076270       0x36 /home/jose/catkin_ws/build/parrot_arsdk/arsdk/src/ARSDKBuildUtils/out/arsdk-native/build/libARController/obj/gen/Sources/ARCONTROLLER_Feature.c.o
                0x0000000000076270                ARCONTROLLER_FEATURE_Powerup_SetPilotingPCMD
 *fill*         0x00000000000762a6        0xa 
 .text.ARCONTROLLER_FEATURE_Powerup_SetPilotingPCMDFlag
                0x00000000000762b0       0x2e /home/jose/catkin_ws/build/parrot_arsdk/arsdk/src/ARSDKBuildUtils/out/arsdk-native/build/libARController/obj/gen/Sources/ARCONTROLLER_Feature.c.o
                0x00000000000762b0                ARCONTROLLER_FEATURE_Powerup_SetPilotingPCMDFlag
 *fill*         0x00000000000762de        0x2 
 .text.ARCONTROLLER_FEATURE_Powerup_SetPilotingPCMDThrottle
                0x00000000000762e0       0x2e /home/jose/catkin_ws/build/parrot_arsdk/arsdk/src/ARSDKBuildUtils/out/arsdk-native/build/libARController/obj/gen/Sources/ARCONTROLLER_Feature.c.o
                0x00000000000762e0                ARCONTROLLER_FEATURE_Powerup_SetPilotingPCMDThrottle
 *fill*         0x000000000007630e        0x2 
 .text.ARCONTROLLER_FEATURE_Powerup_SetPilotingPCMDRoll
                0x0000000000076310       0x2e /home/jose/catkin_ws/build/parrot_arsdk/arsdk/src/ARSDKBuildUtils/out/arsdk-native/build/libARController/obj/gen/Sources/ARCONTROLLER_Feature.c.o
                0x0000000000076310                ARCONTROLLER_FEATURE_Powerup_SetPilotingPCMDRoll
 *fill*         0x000000000007633e        0x2 
 .text.ARCONTROLLER_FEATURE_Generic_SendDefault
                0x0000000000076340       0xa4 /home/jose/catkin_ws/build/parrot_arsdk/arsdk/src/ARSDKBuildUtils/out/arsdk-native/build/libARController/obj/gen/Sources/ARCONTROLLER_Feature.c.o
                0x0000000000076340                ARCONTROLLER_FEATURE_Generic_SendDefault
 *fill*         0x00000000000763e4        0xc 
 .text.ARCONTROLLER_FEATURE_Generic_SendSetDroneSettings
                0x00000000000763f0       0xb4 /home/jose/catkin_ws/build/parrot_arsdk/arsdk/src/ARSDKBuildUtils/out/arsdk-native/build/libARController/obj/gen/Sources/ARCONTROLLER_Feature.c.o
                0x00000000000763f0                ARCONTROLLER_FEATURE_Generic_SendSetDroneSettings
 *fill*         0x00000000000764a4        0xc 
 .text.ARCONTROLLER_FEATURE_Generic_DroneSettingsChangedCallback
                0x00000000000764b0       0x16 /home/jose/catkin_ws/build/parrot_arsdk/arsdk/src/ARSDKBuildUtils/out/arsdk-native/build/libARController/obj/gen/Sources/ARCONTROLLER_Feature.c.o
                0x00000000000764b0                ARCONTROLLER_FEATURE_Generic_DroneSettingsChangedCallback
 *fill*         0x00000000000764c6        0xa 
 .text.ARCONTROLLER_FEATURE_Animation_SendCancel
                0x00000000000764d0       0xa4 /home/jose/catkin_ws/build/parrot_arsdk/arsdk/src/ARSDKBuildUtils/out/arsdk-native/build/libARController/obj/gen/Sources/ARCONTROLLER_Feature.c.o
                0x00000000000764d0                ARCONTROLLER_FEATURE_Animation_SendCancel
 *fill*         0x0000000000076574        0xc 
 .text.ARCONTROLLER_FEATURE_Animation_SendStartFlip
                0x0000000000076580       0xac /home/jose/catkin_ws/build/parrot_arsdk/arsdk/src/ARSDKBuildUtils/out/arsdk-native/build/libARController/obj/gen/Sources/ARCONTROLLER_Feature.c.o
                0x0000000000076580                ARCONTROLLER_FEATURE_Animation_SendStartFlip
 *fill*         0x000000000007662c        0x4 
 .text.ARCONTROLLER_FEATURE_Animation_SendStartHorizontalPanorama
                0x0000000000076630       0xac /home/jose/catkin_ws/build/parrot_arsdk/arsdk/src/ARSDKBuildUtils/out/arsdk-native/build/libARController/obj/gen/Sources/ARCONTROLLER_Feature.c.o
                0x0000000000076630                ARCONTROLLER_FEATURE_Animation_SendStartHorizontalPanorama
 *fill*         0x00000000000766dc        0x4 
 .text.ARCONTROLLER_FEATURE_Animation_SendStartDronie
                0x00000000000766e0       0xac /home/jose/catkin_ws/build/parrot_arsdk/arsdk/src/ARSDKBuildUtils/out/arsdk-native/build/libARController/obj/gen/Sources/ARCONTROLLER_Feature.c.o
                0x00000000000766e0                ARCONTROLLER_FEATURE_Animation_SendStartDronie
 *fill*         0x000000000007678c        0x4 
 .text.ARCONTROLLER_FEATURE_Animation_SendStartHorizontalReveal
                0x0000000000076790       0xac /home/jose/catkin_ws/build/parrot_arsdk/arsdk/src/ARSDKBuildUtils/out/arsdk-native/build/libARController/obj/gen/Sources/ARCONTROLLER_Feature.c.o
                0x0000000000076790                ARCONTROLLER_FEATURE_Animation_SendStartHorizontalReveal
 *fill*         0x000000000007683c        0x4 
 .text.ARCONTROLLER_FEATURE_Animation_SendStartVerticalReveal
                0x0000000000076840       0xac /home/jose/catkin_ws/build/parrot_arsdk/arsdk/src/ARSDKBuildUtils/out/arsdk-native/build/libARController/obj/gen/Sources/ARCONTROLLER_Feature.c.o
                0x0000000000076840                ARCONTROLLER_FEATURE_Animation_SendStartVerticalReveal
 *fill*         0x00000000000768ec        0x4 
 .text.ARCONTROLLER_FEATURE_Animation_SendStartSpiral
                0x00000000000768f0       0xac /home/jose/catkin_ws/build/parrot_arsdk/arsdk/src/ARSDKBuildUtils/out/arsdk-native/build/libARController/obj/gen/Sources/ARCONTROLLER_Feature.c.o
                0x00000000000768f0                ARCONTROLLER_FEATURE_Animation_SendStartSpiral
 *fill*         0x000000000007699c        0x4 
 .text.ARCONTROLLER_FEATURE_Animation_SendStartParabola
                0x00000000000769a0       0xac /home/jose/catkin_ws/build/parrot_arsdk/arsdk/src/ARSDKBuildUtils/out/arsdk-native/build/libARController/obj/gen/Sources/ARCONTROLLER_Feature.c.o
                0x00000000000769a0                ARCONTROLLER_FEATURE_Animation_SendStartParabola
 *fill*         0x0000000000076a4c        0x4 
 .text.ARCONTROLLER_FEATURE_Animation_SendStartCandle
                0x0000000000076a50       0xac /home/jose/catkin_ws/build/parrot_arsdk/arsdk/src/ARSDKBuildUtils/out/arsdk-native/build/libARController/obj/gen/Sources/ARCONTROLLER_Feature.c.o
                0x0000000000076a50                ARCONTROLLER_FEATURE_Animation_SendStartCandle
 *fill*         0x0000000000076afc        0x4 
 .text.ARCONTROLLER_FEATURE_Animation_SendStartDollySlide
                0x0000000000076b00       0xac /home/jose/catkin_ws/build/parrot_arsdk/arsdk/src/ARSDKBuildUtils/out/arsdk-native/build/libARController/obj/gen/Sources/ARCONTROLLER_Feature.c.o
                0x0000000000076b00                ARCONTROLLER_FEATURE_Animation_SendStartDollySlide
 *fill*         0x0000000000076bac        0x4 
 .text.ARCONTROLLER_FEATURE_ARDrone3_SendPilotingFlatTrim
                0x0000000000076bb0       0xac /home/jose/catkin_ws/build/parrot_arsdk/arsdk/src/ARSDKBuildUtils/out/arsdk-native/build/libARController/obj/gen/Sources/ARCONTROLLER_Feature.c.o
                0x0000000000076bb0                ARCONTROLLER_FEATURE_ARDrone3_SendPilotingFlatTrim
 *fill*         0x0000000000076c5c        0x4 
 .text.ARCONTROLLER_FEATURE_ARDrone3_SendPilotingTakeOff
                0x0000000000076c60       0xac /home/jose/catkin_ws/build/parrot_arsdk/arsdk/src/ARSDKBuildUtils/out/arsdk-native/build/libARController/obj/gen/Sources/ARCONTROLLER_Feature.c.o
                0x0000000000076c60                ARCONTROLLER_FEATURE_ARDrone3_SendPilotingTakeOff
 *fill*         0x0000000000076d0c        0x4 
 .text.ARCONTROLLER_FEATURE_ARDrone3_SendPilotingPCMD
                0x0000000000076d10       0xd4 /home/jose/catkin_ws/build/parrot_arsdk/arsdk/src/ARSDKBuildUtils/out/arsdk-native/build/libARController/obj/gen/Sources/ARCONTROLLER_Feature.c.o
                0x0000000000076d10                ARCONTROLLER_FEATURE_ARDrone3_SendPilotingPCMD
 *fill*         0x0000000000076de4        0xc 
 .text.ARCONTROLLER_FEATURE_ARDrone3_SendPilotingLanding
                0x0000000000076df0       0xac /home/jose/catkin_ws/build/parrot_arsdk/arsdk/src/ARSDKBuildUtils/out/arsdk-native/build/libARController/obj/gen/Sources/ARCONTROLLER_Feature.c.o
                0x0000000000076df0                ARCONTROLLER_FEATURE_ARDrone3_SendPilotingLanding
 *fill*         0x0000000000076e9c        0x4 
 .text.ARCONTROLLER_FEATURE_ARDrone3_SendPilotingEmergency
                0x0000000000076ea0       0xac /home/jose/catkin_ws/build/parrot_arsdk/arsdk/src/ARSDKBuildUtils/out/arsdk-native/build/libARController/obj/gen/Sources/ARCONTROLLER_Feature.c.o
                0x0000000000076ea0                ARCONTROLLER_FEATURE_ARDrone3_SendPilotingEmergency
 *fill*         0x0000000000076f4c        0x4 
 .text.ARCONTROLLER_FEATURE_ARDrone3_SendPilotingNavigateHome
                0x0000000000076f50       0xac /home/jose/catkin_ws/build/parrot_arsdk/arsdk/src/ARSDKBuildUtils/out/arsdk-native/build/libARController/obj/gen/Sources/ARCONTROLLER_Feature.c.o
                0x0000000000076f50                ARCONTROLLER_FEATURE_ARDrone3_SendPilotingNavigateHome
 *fill*         0x0000000000076ffc        0x4 
 .text.ARCONTROLLER_FEATURE_ARDrone3_SendPilotingAutoTakeOffMode