
Merging program properties


As-needed library included to satisfy reference by file (symbol)

libarsal.so                   /home/jose/catkin_ws/build/parrot_arsdk/arsdk/src/ARSDKBuildUtils/out/arsdk-native/build/libARDiscovery/obj/Sources/ARDISCOVERY_Connection.c.o (ARSAL_Sem_Wait)
libarnetworkal.so             /home/jose/catkin_ws/build/parrot_arsdk/arsdk/src/ARSDKBuildUtils/out/arsdk-native/build/libARDiscovery/obj/Sources/Wifi/ARDISCOVERY_DEVICE_Wifi.c.o (ARNETWORKAL_Manager_SetRecvClassSelector)
libarcommands.so              /home/jose/catkin_ws/build/parrot_arsdk/arsdk/src/ARSDKBuildUtils/out/arsdk-native/build/libARDiscovery/obj/Sources/Wifi/ARDISCOVERY_DEVICE_Wifi.c.o (ARCOMMANDS_Generator_GenerateJumpingSumoMediaStreamingVideoEnable)
libmux.so                     /home/jose/catkin_ws/build/parrot_arsdk/arsdk/src/ARSDKBuildUtils/out/arsdk-native/build/libARDiscovery/obj/Sources/ARDISCOVERY_MuxDiscovery.c.o (mux_ref)
libpomp.so                    /home/jose/catkin_ws/build/parrot_arsdk/arsdk/src/ARSDKBuildUtils/out/arsdk-native/build/libARDiscovery/obj/Sources/ARDISCOVERY_MuxDiscovery.c.o (pomp_msg_get_id)
libjson-c.so                  /home/jose/catkin_ws/build/parrot_arsdk/arsdk/src/ARSDKBuildUtils/out/arsdk-native/build/libARDiscovery/obj/Sources/Wifi/ARDISCOVERY_DEVICE_Wifi.c.o (json_object_new_int)
libavahi-common.so.3          /home/jose/catkin_ws/build/parrot_arsdk/arsdk/src/ARSDKBuildUtils/out/arsdk-native/build/libARDiscovery/obj/Sources/ARDISCOVERY_AvahiDiscovery.c.o (avahi_alternative_service_name)
libavahi-client.so.3          /home/jose/catkin_ws/build/parrot_arsdk/arsdk/src/ARSDKBuildUtils/out/arsdk-native/build/libARDiscovery/obj/Sources/ARDISCOVERY_AvahiDiscovery.c.o (avahi_service_browser_free)
libpthread.so.0               /home/jose/catkin_ws/build/parrot_arsdk/arsdk/src/ARSDKBuildUtils/out/arsdk-native/build/libARDiscovery/obj/Sources/ARDISCOVERY_Connection.c.o (write@@GLIBC_2.2.5)
libc.so.6                     /home/jose/catkin_ws/build/parrot_arsdk/arsdk/src/ARSDKBuildUtils/out/arsdk-native/build/libARDiscovery/obj/Sources/ARDISCOVERY_Discovery.c.o (strncmp@@GLIBC_2.2.5)

Discarded input sections

 .text          0x0000000000000000        0x0 /usr/lib/gcc/x86_64-linux-gnu/9/../../../x86_64-linux-gnu/crti.o
 .data          0x0000000000000000        0x0 /usr/lib/gcc/x86_64-linux-gnu/9/../../../x86_64-linux-gnu/crti.o
 .bss           0x0000000000000000        0x0 /usr/lib/gcc/x86_64-linux-gnu/9/../../../x86_64-linux-gnu/crti.o
 .note.GNU-stack
                0x0000000000000000        0x0 /usr/lib/gcc/x86_64-linux-gnu/9/../../../x86_64-linux-gnu/crti.o
 .data          0x0000000000000000        0x0 /usr/lib/gcc/x86_64-linux-gnu/9/crtbeginS.o
 .note.GNU-stack
                0x0000000000000000        0x0 /usr/lib/gcc/x86_64-linux-gnu/9/crtbeginS.o
 .note.gnu.property
                0x0000000000000000       0x20 /usr/lib/gcc/x86_64-linux-gnu/9/crtbeginS.o
 .text          0x0000000000000000        0x0 /home/jose/catkin_ws/build/parrot_arsdk/arsdk/src/ARSDKBuildUtils/out/arsdk-native/build/libARDiscovery/obj/Sources/ARDISCOVERY_Connection.c.o
 .data          0x0000000000000000        0x0 /home/jose/catkin_ws/build/parrot_arsdk/arsdk/src/ARSDKBuildUtils/out/arsdk-native/build/libARDiscovery/obj/Sources/ARDISCOVERY_Connection.c.o
 .bss           0x0000000000000000        0x0 /home/jose/catkin_ws/build/parrot_arsdk/arsdk/src/ARSDKBuildUtils/out/arsdk-native/build/libARDiscovery/obj/Sources/ARDISCOVERY_Connection.c.o
 .note.GNU-stack
                0x0000000000000000        0x0 /home/jose/catkin_ws/build/parrot_arsdk/arsdk/src/ARSDKBuildUtils/out/arsdk-native/build/libARDiscovery/obj/Sources/ARDISCOVERY_Connection.c.o
 .note.gnu.property
                0x0000000000000000       0x20 /home/jose/catkin_ws/build/parrot_arsdk/arsdk/src/ARSDKBuildUtils/out/arsdk-native/build/libARDiscovery/obj/Sources/ARDISCOVERY_Connection.c.o
 .text          0x0000000000000000        0x0 /home/jose/catkin_ws/build/parrot_arsdk/arsdk/src/ARSDKBuildUtils/out/arsdk-native/build/libARDiscovery/obj/Sources/ARDISCOVERY_Discovery.c.o
 .data          0x0000000000000000        0x0 /home/jose/catkin_ws/build/parrot_arsdk/arsdk/src/ARSDKBuildUtils/out/arsdk-native/build/libARDiscovery/obj/Sources/ARDISCOVERY_Discovery.c.o
 .bss           0x0000000000000000        0x0 /home/jose/catkin_ws/build/parrot_arsdk/arsdk/src/ARSDKBuildUtils/out/arsdk-native/build/libARDiscovery/obj/Sources/ARDISCOVERY_Discovery.c.o
 .note.GNU-stack
                0x0000000000000000        0x0 /home/jose/catkin_ws/build/parrot_arsdk/arsdk/src/ARSDKBuildUtils/out/arsdk-native/build/libARDiscovery/obj/Sources/ARDISCOVERY_Discovery.c.o
 .note.gnu.property
                0x0000000000000000       0x20 /home/jose/catkin_ws/build/parrot_arsdk/arsdk/src/ARSDKBuildUtils/out/arsdk-native/build/libARDiscovery/obj/Sources/ARDISCOVERY_Discovery.c.o
 .text          0x0000000000000000        0x0 /home/jose/catkin_ws/build/parrot_arsdk/arsdk/src/ARSDKBuildUtils/out/arsdk-native/build/libARDiscovery/obj/Sources/ARDISCOVERY_Device.c.o
 .data          0x0000000000000000        0x0 /home/jose/catkin_ws/build/parrot_arsdk/arsdk/src/ARSDKBuildUtils/out/arsdk-native/build/libARDiscovery/obj/Sources/ARDISCOVERY_Device.c.o
 .bss           0x0000000000000000        0x0 /home/jose/catkin_ws/build/parrot_arsdk/arsdk/src/ARSDKBuildUtils/out/arsdk-native/build/libARDiscovery/obj/Sources/ARDISCOVERY_Device.c.o
 .note.GNU-stack
                0x0000000000000000        0x0 /home/jose/catkin_ws/build/parrot_arsdk/arsdk/src/ARSDKBuildUtils/out/arsdk-native/build/libARDiscovery/obj/Sources/ARDISCOVERY_Device.c.o
 .note.gnu.property
                0x0000000000000000       0x20 /home/jose/catkin_ws/build/parrot_arsdk/arsdk/src/ARSDKBuildUtils/out/arsdk-native/build/libARDiscovery/obj/Sources/ARDISCOVERY_Device.c.o
 .text          0x0000000000000000        0x0 /home/jose/catkin_ws/build/parrot_arsdk/arsdk/src/ARSDKBuildUtils/out/arsdk-native/build/libARDiscovery/obj/Sources/ARDISCOVERY_MuxDiscovery.c.o
 .data          0x0000000000000000        0x0 /home/jose/catkin_ws/build/parrot_arsdk/arsdk/src/ARSDKBuildUtils/out/arsdk-native/build/libARDiscovery/obj/Sources/ARDISCOVERY_MuxDiscovery.c.o
 .bss           0x0000000000000000        0x0 /home/jose/catkin_ws/build/parrot_arsdk/arsdk/src/ARSDKBuildUtils/out/arsdk-native/build/libARDiscovery/obj/Sources/ARDISCOVERY_MuxDiscovery.c.o
 .note.GNU-stack
                0x0000000000000000        0x0 /home/jose/catkin_ws/build/parrot_arsdk/arsdk/src/ARSDKBuildUtils/out/arsdk-native/build/libARDiscovery/obj/Sources/ARDISCOVERY_MuxDiscovery.c.o
 .note.gnu.property
                0x0000000000000000       0x20 /home/jose/catkin_ws/build/parrot_arsdk/arsdk/src/ARSDKBuildUtils/out/arsdk-native/build/libARDiscovery/obj/Sources/ARDISCOVERY_MuxDiscovery.c.o
 .text          0x0000000000000000        0x0 /home/jose/catkin_ws/build/parrot_arsdk/arsdk/src/ARSDKBuildUtils/out/arsdk-native/build/libARDiscovery/obj/Sources/Wifi/ARDISCOVERY_DEVICE_Wifi.c.o
 .bss           0x0000000000000000        0x0 /home/jose/catkin_ws/build/parrot_arsdk/arsdk/src/ARSDKBuildUtils/out/arsdk-native/build/libARDiscovery/obj/Sources/Wifi/ARDISCOVERY_DEVICE_Wifi.c.o
 .note.GNU-stack
                0x0000000000000000        0x0 /home/jose/catkin_ws/build/parrot_arsdk/arsdk/src/ARSDKBuildUtils/out/arsdk-native/build/libARDiscovery/obj/Sources/Wifi/ARDISCOVERY_DEVICE_Wifi.c.o
 .note.gnu.property
                0x0000000000000000       0x20 /home/jose/catkin_ws/build/parrot_arsdk/arsdk/src/ARSDKBuildUtils/out/arsdk-native/build/libARDiscovery/obj/Sources/Wifi/ARDISCOVERY_DEVICE_Wifi.c.o
 .text          0x0000000000000000        0x0 /home/jose/catkin_ws/build/parrot_arsdk/arsdk/src/ARSDKBuildUtils/out/arsdk-native/build/libARDiscovery/obj/Sources/BLE/ARDISCOVERY_DEVICE_Ble.c.o
 .bss           0x0000000000000000        0x0 /home/jose/catkin_ws/build/parrot_arsdk/arsdk/src/ARSDKBuildUtils/out/arsdk-native/build/libARDiscovery/obj/Sources/BLE/ARDISCOVERY_DEVICE_Ble.c.o
 .note.GNU-stack
                0x0000000000000000        0x0 /home/jose/catkin_ws/build/parrot_arsdk/arsdk/src/ARSDKBuildUtils/out/arsdk-native/build/libARDiscovery/obj/Sources/BLE/ARDISCOVERY_DEVICE_Ble.c.o
 .note.gnu.property
                0x0000000000000000       0x20 /home/jose/catkin_ws/build/parrot_arsdk/arsdk/src/ARSDKBuildUtils/out/arsdk-native/build/libARDiscovery/obj/Sources/BLE/ARDISCOVERY_DEVICE_Ble.c.o
 .text          0x0000000000000000        0x0 /home/jose/catkin_ws/build/parrot_arsdk/arsdk/src/ARSDKBuildUtils/out/arsdk-native/build/libARDiscovery/obj/Sources/Usb/ARDISCOVERY_DEVICE_Usb.c.o
 .bss           0x0000000000000000        0x0 /home/jose/catkin_ws/build/parrot_arsdk/arsdk/src/ARSDKBuildUtils/out/arsdk-native/build/libARDiscovery/obj/Sources/Usb/ARDISCOVERY_DEVICE_Usb.c.o
 .note.GNU-stack
                0x0000000000000000        0x0 /home/jose/catkin_ws/build/parrot_arsdk/arsdk/src/ARSDKBuildUtils/out/arsdk-native/build/libARDiscovery/obj/Sources/Usb/ARDISCOVERY_DEVICE_Usb.c.o
 .note.gnu.property
                0x0000000000000000       0x20 /home/jose/catkin_ws/build/parrot_arsdk/arsdk/src/ARSDKBuildUtils/out/arsdk-native/build/libARDiscovery/obj/Sources/Usb/ARDISCOVERY_DEVICE_Usb.c.o
 .text          0x0000000000000000        0x0 /home/jose/catkin_ws/build/parrot_arsdk/arsdk/src/ARSDKBuildUtils/out/arsdk-native/build/libARDiscovery/obj/gen/Sources/ARDISCOVERY_Error.c.o
 .data          0x0000000000000000        0x0 /home/jose/catkin_ws/build/parrot_arsdk/arsdk/src/ARSDKBuildUtils/out/arsdk-native/build/libARDiscovery/obj/gen/Sources/ARDISCOVERY_Error.c.o
 .bss           0x0000000000000000        0x0 /home/jose/catkin_ws/build/parrot_arsdk/arsdk/src/ARSDKBuildUtils/out/arsdk-native/build/libARDiscovery/obj/gen/Sources/ARDISCOVERY_Error.c.o
 .note.GNU-stack
                0x0000000000000000        0x0 /home/jose/catkin_ws/build/parrot_arsdk/arsdk/src/ARSDKBuildUtils/out/arsdk-native/build/libARDiscovery/obj/gen/Sources/ARDISCOVERY_Error.c.o
 .note.gnu.property
                0x0000000000000000       0x20 /home/jose/catkin_ws/build/parrot_arsdk/arsdk/src/ARSDKBuildUtils/out/arsdk-native/build/libARDiscovery/obj/gen/Sources/ARDISCOVERY_Error.c.o
 .text          0x0000000000000000        0x0 /home/jose/catkin_ws/build/parrot_arsdk/arsdk/src/ARSDKBuildUtils/out/arsdk-native/build/libARDiscovery/obj/Sources/ARDISCOVERY_AvahiDiscovery.c.o
 .data          0x0000000000000000        0x0 /home/jose/catkin_ws/build/parrot_arsdk/arsdk/src/ARSDKBuildUtils/out/arsdk-native/build/libARDiscovery/obj/Sources/ARDISCOVERY_AvahiDiscovery.c.o
 .bss           0x0000000000000000        0x0 /home/jose/catkin_ws/build/parrot_arsdk/arsdk/src/ARSDKBuildUtils/out/arsdk-native/build/libARDiscovery/obj/Sources/ARDISCOVERY_AvahiDiscovery.c.o
 .note.GNU-stack
                0x0000000000000000        0x0 /home/jose/catkin_ws/build/parrot_arsdk/arsdk/src/ARSDKBuildUtils/out/arsdk-native/build/libARDiscovery/obj/Sources/ARDISCOVERY_AvahiDiscovery.c.o
 .note.gnu.property
                0x0000000000000000       0x20 /home/jose/catkin_ws/build/parrot_arsdk/arsdk/src/ARSDKBuildUtils/out/arsdk-native/build/libARDiscovery/obj/Sources/ARDISCOVERY_AvahiDiscovery.c.o
 .text          0x0000000000000000        0x0 /usr/lib/gcc/x86_64-linux-gnu/9/crtendS.o
 .data          0x0000000000000000        0x0 /usr/lib/gcc/x86_64-linux-gnu/9/crtendS.o
 .bss           0x0000000000000000        0x0 /usr/lib/gcc/x86_64-linux-gnu/9/crtendS.o
 .note.GNU-stack
                0x0000000000000000        0x0 /usr/lib/gcc/x86_64-linux-gnu/9/crtendS.o
 .note.gnu.property
                0x0000000000000000       0x20 /usr/lib/gcc/x86_64-linux-gnu/9/crtendS.o
 .text          0x0000000000000000        0x0 /usr/lib/gcc/x86_64-linux-gnu/9/../../../x86_64-linux-gnu/crtn.o
 .data          0x0000000000000000        0x0 /usr/lib/gcc/x86_64-linux-gnu/9/../../../x86_64-linux-gnu/crtn.o
 .bss           0x0000000000000000        0x0 /usr/lib/gcc/x86_64-linux-gnu/9/../../../x86_64-linux-gnu/crtn.o
 .note.gnu.property
                0x0000000000000000       0x20 /usr/lib/gcc/x86_64-linux-gnu/9/../../../x86_64-linux-gnu/crtn.o
 .note.GNU-stack
                0x0000000000000000        0x0 /usr/lib/gcc/x86_64-linux-gnu/9/../../../x86_64-linux-gnu/crtn.o

Memory Configuration

Name             Origin             Length             Attributes
*default*        0x0000000000000000 0xffffffffffffffff

Linker script and memory map

LOAD /usr/lib/gcc/x86_64-linux-gnu/9/../../../x86_64-linux-gnu/crti.o
LOAD /usr/lib/gcc/x86_64-linux-gnu/9/crtbeginS.o
LOAD /home/jose/catkin_ws/build/parrot_arsdk/arsdk/src/ARSDKBuildUtils/out/arsdk-native/build/libARDiscovery/obj/Sources/ARDISCOVERY_Connection.c.o
LOAD /home/jose/catkin_ws/build/parrot_arsdk/arsdk/src/ARSDKBuildUtils/out/arsdk-native/build/libARDiscovery/obj/Sources/ARDISCOVERY_Discovery.c.o
LOAD /home/jose/catkin_ws/build/parrot_arsdk/arsdk/src/ARSDKBuildUtils/out/arsdk-native/build/libARDiscovery/obj/Sources/ARDISCOVERY_Device.c.o
LOAD /home/jose/catkin_ws/build/parrot_arsdk/arsdk/src/ARSDKBuildUtils/out/arsdk-native/build/libARDiscovery/obj/Sources/ARDISCOVERY_MuxDiscovery.c.o
LOAD /home/jose/catkin_ws/build/parrot_arsdk/arsdk/src/ARSDKBuildUtils/out/arsdk-native/build/libARDiscovery/obj/Sources/Wifi/ARDISCOVERY_DEVICE_Wifi.c.o
LOAD /home/jose/catkin_ws/build/parrot_arsdk/arsdk/src/ARSDKBuildUtils/out/arsdk-native/build/libARDiscovery/obj/Sources/BLE/ARDISCOVERY_DEVICE_Ble.c.o
LOAD /home/jose/catkin_ws/build/parrot_arsdk/arsdk/src/ARSDKBuildUtils/out/arsdk-native/build/libARDiscovery/obj/Sources/Usb/ARDISCOVERY_DEVICE_Usb.c.o
LOAD /home/jose/catkin_ws/build/parrot_arsdk/arsdk/src/ARSDKBuildUtils/out/arsdk-native/build/libARDiscovery/obj/gen/Sources/ARDISCOVERY_Error.c.o
LOAD /home/jose/catkin_ws/build/parrot_arsdk/arsdk/src/ARSDKBuildUtils/out/arsdk-native/build/libARDiscovery/obj/Sources/ARDISCOVERY_AvahiDiscovery.c.o
LOAD /home/jose/catkin_ws/build/parrot_arsdk/arsdk/src/ARSDKBuildUtils/out/arsdk-native/staging/usr/lib/libarsal.so
LOAD /home/jose/catkin_ws/build/parrot_arsdk/arsdk/src/ARSDKBuildUtils/out/arsdk-native/staging/usr/lib/libarnetwork.so
LOAD /home/jose/catkin_ws/build/parrot_arsdk/arsdk/src/ARSDKBuildUtils/out/arsdk-native/staging/usr/lib/libarnetworkal.so
LOAD /home/jose/catkin_ws/build/parrot_arsdk/arsdk/src/ARSDKBuildUtils/out/arsdk-native/staging/usr/lib/libarcommands.so
LOAD /home/jose/catkin_ws/build/parrot_arsdk/arsdk/src/ARSDKBuildUtils/out/arsdk-native/staging/usr/lib/libmux.so
LOAD /home/jose/catkin_ws/build/parrot_arsdk/arsdk/src/ARSDKBuildUtils/out/arsdk-native/staging/usr/lib/libpomp.so
LOAD /home/jose/catkin_ws/build/parrot_arsdk/arsdk/src/ARSDKBuildUtils/out/arsdk-native/staging/usr/lib/libjson-c.so
LOAD /usr/lib/gcc/x86_64-linux-gnu/9/../../../x86_64-linux-gnu/libavahi-common.so
LOAD /usr/lib/gcc/x86_64-linux-gnu/9/../../../x86_64-linux-gnu/libavahi-client.so
LOAD /usr/lib/gcc/x86_64-linux-gnu/9/../../../x86_64-linux-gnu/librt.so
LOAD /usr/lib/gcc/x86_64-linux-gnu/9/libstdc++.so
LOAD /usr/lib/gcc/x86_64-linux-gnu/9/../../../x86_64-linux-gnu/libm.so
START GROUP
LOAD /lib/x86_64-linux-gnu/libm.so.6
LOAD /lib/x86_64-linux-gnu/libmvec.so.1
END GROUP
LOAD /usr/lib/gcc/x86_64-linux-gnu/9/libgcc_s.so
START GROUP
LOAD /usr/lib/gcc/x86_64-linux-gnu/9/../../../x86_64-linux-gnu/libgcc_s.so.1
LOAD /usr/lib/gcc/x86_64-linux-gnu/9/libgcc.a
END GROUP
LOAD /usr/lib/gcc/x86_64-linux-gnu/9/../../../x86_64-linux-gnu/libpthread.so
LOAD /usr/lib/gcc/x86_64-linux-gnu/9/../../../x86_64-linux-gnu/libc.so
START GROUP
LOAD /lib/x86_64-linux-gnu/libc.so.6
LOAD /usr/lib/x86_64-linux-gnu/libc_nonshared.a
LOAD /lib/x86_64-linux-gnu/ld-linux-x86-64.so.2
END GROUP
LOAD /usr/lib/gcc/x86_64-linux-gnu/9/libgcc_s.so
START GROUP
LOAD /usr/lib/gcc/x86_64-linux-gnu/9/../../../x86_64-linux-gnu/libgcc_s.so.1
LOAD /usr/lib/gcc/x86_64-linux-gnu/9/libgcc.a
END GROUP
LOAD /usr/lib/gcc/x86_64-linux-gnu/9/crtendS.o
LOAD /usr/lib/gcc/x86_64-linux-gnu/9/../../../x86_64-linux-gnu/crtn.o
                0x00000000000002a8                . = (SEGMENT_START ("text-segment", 0x0) + SIZEOF_HEADERS)

.note.gnu.property
                0x00000000000002a8       0x20
 .note.gnu.property
                0x00000000000002a8       0x20 /usr/lib/gcc/x86_64-linux-gnu/9/../../../x86_64-linux-gnu/crti.o

.note.gnu.build-id
                0x00000000000002c8       0x24
 *(.note.gnu.build-id)
 .note.gnu.build-id
                0x00000000000002c8       0x24 /usr/lib/gcc/x86_64-linux-gnu/9/../../../x86_64-linux-gnu/crti.o

.hash
 *(.hash)

.gnu.hash       0x00000000000002f0      0x2bc
 *(.gnu.hash)
 .gnu.hash      0x00000000000002f0      0x2bc /usr/lib/gcc/x86_64-linux-gnu/9/../../../x86_64-linux-gnu/crti.o

.dynsym         0x00000000000005b0     0x1278
 *(.dynsym)
 .dynsym        0x00000000000005b0     0x1278 /usr/lib/gcc/x86_64-linux-gnu/9/../../../x86_64-linux-gnu/crti.o

.dynstr         0x0000000000001828     0x1777
 *(.dynstr)
 .dynstr        0x0000000000001828     0x1777 /usr/lib/gcc/x86_64-linux-gnu/9/../../../x86_64-linux-gnu/crti.o

.gnu.version    0x0000000000002fa0      0x18a
 *(.gnu.version)
 .gnu.version   0x0000000000002fa0      0x18a /usr/lib/gcc/x86_64-linux-gnu/9/../../../x86_64-linux-gnu/crti.o

.gnu.version_d  0x0000000000003130        0x0
 *(.gnu.version_d)
 .gnu.version_d
                0x0000000000003130        0x0 /usr/lib/gcc/x86_64-linux-gnu/9/../../../x86_64-linux-gnu/crti.o

.gnu.version_r  0x0000000000003130       0x70
 *(.gnu.version_r)
 .gnu.version_r
                0x0000000000003130       0x70 /usr/lib/gcc/x86_64-linux-gnu/9/../../../x86_64-linux-gnu/crti.o

.rela.dyn       0x00000000000031a0      0x558
 *(.rela.init)
 *(.rela.text .rela.text.* .rela.gnu.linkonce.t.*)
 .rela.text     0x00000000000031a0        0x0 /usr/lib/gcc/x86_64-linux-gnu/9/../../../x86_64-linux-gnu/crti.o
 *(.rela.fini)
 *(.rela.rodata .rela.rodata.* .rela.gnu.linkonce.r.*)
 *(.rela.data .rela.data.* .rela.gnu.linkonce.d.*)
 .rela.data.rel.local
                0x00000000000031a0       0x18 /usr/lib/gcc/x86_64-linux-gnu/9/../../../x86_64-linux-gnu/crti.o
 .rela.data.rel.ro.local
                0x00000000000031b8      0x210 /usr/lib/gcc/x86_64-linux-gnu/9/../../../x86_64-linux-gnu/crti.o
 *(.rela.tdata .rela.tdata.* .rela.gnu.linkonce.td.*)
 *(.rela.tbss .rela.tbss.* .rela.gnu.linkonce.tb.*)
 *(.rela.ctors)
 *(.rela.dtors)
 *(.rela.got)
 .rela.got      0x00000000000033c8      0x300 /usr/lib/gcc/x86_64-linux-gnu/9/../../../x86_64-linux-gnu/crti.o
 *(.rela.bss .rela.bss.* .rela.gnu.linkonce.b.*)
 *(.rela.ldata .rela.ldata.* .rela.gnu.linkonce.l.*)
 *(.rela.lbss .rela.lbss.* .rela.gnu.linkonce.lb.*)
 *(.rela.lrodata .rela.lrodata.* .rela.gnu.linkonce.lr.*)
 *(.rela.ifunc)
 .rela.ifunc    0x00000000000036c8        0x0 /usr/lib/gcc/x86_64-linux-gnu/9/../../../x86_64-linux-gnu/crti.o
 .rela.fini_array
                0x00000000000036c8       0x18 /usr/lib/gcc/x86_64-linux-gnu/9/../../../x86_64-linux-gnu/crti.o
 .rela.init_array
                0x00000000000036e0       0x18 /usr/lib/gcc/x86_64-linux-gnu/9/../../../x86_64-linux-gnu/crti.o

.rela.plt       0x00000000000036f8      0xc78
 *(.rela.plt)
 .rela.plt      0x00000000000036f8      0xc78 /usr/lib/gcc/x86_64-linux-gnu/9/../../../x86_64-linux-gnu/crti.o
 *(.rela.iplt)
                0x0000000000005000                . = ALIGN (CONSTANT (MAXPAGESIZE))

.init           0x0000000000005000       0x1b
 *(SORT_NONE(.init))
 .init          0x0000000000005000       0x16 /usr/lib/gcc/x86_64-linux-gnu/9/../../../x86_64-linux-gnu/crti.o
                0x0000000000005000                _init
 .init          0x0000000000005016        0x5 /usr/lib/gcc/x86_64-linux-gnu/9/../../../x86_64-linux-gnu/crtn.o

.plt            0x0000000000005020      0x860
 *(.plt)
 .plt           0x0000000000005020      0x860 /usr/lib/gcc/x86_64-linux-gnu/9/../../../x86_64-linux-gnu/crti.o
 *(.iplt)

.plt.got        0x0000000000005880       0x80
 *(.plt.got)
 .plt.got       0x0000000000005880       0x80 /usr/lib/gcc/x86_64-linux-gnu/9/../../../x86_64-linux-gnu/crti.o

.plt.sec        0x0000000000005900      0x850
 *(.plt.sec)
 .plt.sec       0x0000000000005900      0x850 /usr/lib/gcc/x86_64-linux-gnu/9/../../../x86_64-linux-gnu/crti.o

.text           0x0000000000006150     0x5cb7
 *(.text.unlikely .text.*_unlikely .text.unlikely.*)
 *(.text.exit .text.exit.*)
 *(.text.startup .text.startup.*)
 *(.text.hot .text.hot.*)
 *(SORT_BY_NAME(.text.sorted.*))
 *(.text .stub .text.* .gnu.linkonce.t.*)
 .text          0x0000000000006150       0xb9 /usr/lib/gcc/x86_64-linux-gnu/9/crtbeginS.o
 *fill*         0x0000000000006209        0x7 
 .text.ARDISCOVERY_Connection_RxPending
                0x0000000000006210      0x42c /home/jose/catkin_ws/build/parrot_arsdk/arsdk/src/ARSDKBuildUtils/out/arsdk-native/build/libARDiscovery/obj/Sources/ARDISCOVERY_Connection.c.o
 *fill*         0x000000000000663c        0x4 
 .text.ARDISCOVERY_Connection_TxPending
                0x0000000000006640      0x299 /home/jose/catkin_ws/build/parrot_arsdk/arsdk/src/ARSDKBuildUtils/out/arsdk-native/build/libARDiscovery/obj/Sources/ARDISCOVERY_Connection.c.o
 *fill*         0x00000000000068d9        0x7 
 .text.ARDISCOVERY_Connection_CreateSocket
                0x00000000000068e0       0x90 /home/jose/catkin_ws/build/parrot_arsdk/arsdk/src/ARSDKBuildUtils/out/arsdk-native/build/libARDiscovery/obj/Sources/ARDISCOVERY_Connection.c.o
 .text.ARDISCOVERY_Connection_ControllerInitSocket
                0x0000000000006970      0x653 /home/jose/catkin_ws/build/parrot_arsdk/arsdk/src/ARSDKBuildUtils/out/arsdk-native/build/libARDiscovery/obj/Sources/ARDISCOVERY_Connection.c.o
 *fill*         0x0000000000006fc3        0xd 
 .text.ARDISCOVERY_Connection_Delete
                0x0000000000006fd0      0x110 /home/jose/catkin_ws/build/parrot_arsdk/arsdk/src/ARSDKBuildUtils/out/arsdk-native/build/libARDiscovery/obj/Sources/ARDISCOVERY_Connection.c.o
                0x0000000000006fd0                ARDISCOVERY_Connection_Delete
 .text.ARDISCOVERY_Connection_New
                0x00000000000070e0      0x153 /home/jose/catkin_ws/build/parrot_arsdk/arsdk/src/ARSDKBuildUtils/out/arsdk-native/build/libARDiscovery/obj/Sources/ARDISCOVERY_Connection.c.o
                0x00000000000070e0                ARDISCOVERY_Connection_New
 *fill*         0x0000000000007233        0xd 
 .text.ARDISCOVERY_Connection_DeviceListeningLoop
                0x0000000000007240      0x540 /home/jose/catkin_ws/build/parrot_arsdk/arsdk/src/ARSDKBuildUtils/out/arsdk-native/build/libARDiscovery/obj/Sources/ARDISCOVERY_Connection.c.o
                0x0000000000007240                ARDISCOVERY_Connection_DeviceListeningLoop
 .text.ARDISCOVERY_Connection_Device_StopListening
                0x0000000000007780       0x99 /home/jose/catkin_ws/build/parrot_arsdk/arsdk/src/ARSDKBuildUtils/out/arsdk-native/build/libARDiscovery/obj/Sources/ARDISCOVERY_Connection.c.o
                0x0000000000007780                ARDISCOVERY_Connection_Device_StopListening
 *fill*         0x0000000000007819        0x7 
 .text.ARDISCOVERY_Connection_ControllerConnection
                0x0000000000007820       0xa8 /home/jose/catkin_ws/build/parrot_arsdk/arsdk/src/ARSDKBuildUtils/out/arsdk-native/build/libARDiscovery/obj/Sources/ARDISCOVERY_Connection.c.o
                0x0000000000007820                ARDISCOVERY_Connection_ControllerConnection
 *fill*         0x00000000000078c8        0x8 
 .text.ARDISCOVERY_Connection_getControllerIP
                0x00000000000078d0       0x21 /home/jose/catkin_ws/build/parrot_arsdk/arsdk/src/ARSDKBuildUtils/out/arsdk-native/build/libARDiscovery/obj/Sources/ARDISCOVERY_Connection.c.o
                0x00000000000078d0                ARDISCOVERY_Connection_getControllerIP
 *fill*         0x00000000000078f1        0xf 
 .text.ARDISCOVERY_getProductID
                0x0000000000007900       0x54 /home/jose/catkin_ws/build/parrot_arsdk/arsdk/src/ARSDKBuildUtils/out/arsdk-native/build/libARDiscovery/obj/Sources/ARDISCOVERY_Discovery.c.o
                0x0000000000007900                ARDISCOVERY_getProductID
 *fill*         0x0000000000007954        0xc 
 .text.ARDISCOVERY_getProductName
                0x0000000000007960       0x59 /home/jose/catkin_ws/build/parrot_arsdk/arsdk/src/ARSDKBuildUtils/out/arsdk-native/build/libARDiscovery/obj/Sources/ARDISCOVERY_Discovery.c.o
                0x0000000000007960                ARDISCOVERY_getProductName
 *fill*         0x00000000000079b9        0x7 
 .text.ARDISCOVERY_getProductPathName
                0x00000000000079c0       0xb1 /home/jose/catkin_ws/build/parrot_arsdk/arsdk/src/ARSDKBuildUtils/out/arsdk-native/build/libARDiscovery/obj/Sources/ARDISCOVERY_Discovery.c.o
                0x00000000000079c0                ARDISCOVERY_getProductPathName
 *fill*         0x0000000000007a71        0xf 
 .text.ARDISCOVERY_getProductFromName
                0x0000000000007a80       0x5d /home/jose/catkin_ws/build/parrot_arsdk/arsdk/src/ARSDKBuildUtils/out/arsdk-native/build/libARDiscovery/obj/Sources/ARDISCOVERY_Discovery.c.o
                0x0000000000007a80                ARDISCOVERY_getProductFromName
 *fill*         0x0000000000007add        0x3 
 .text.ARDISCOVERY_getProductFromPathName
                0x0000000000007ae0       0xed /home/jose/catkin_ws/build/parrot_arsdk/arsdk/src/ARSDKBuildUtils/out/arsdk-native/build/libARDiscovery/obj/Sources/ARDISCOVERY_Discovery.c.o
                0x0000000000007ae0                ARDISCOVERY_getProductFromPathName
 *fill*         0x0000000000007bcd        0x3 
 .text.ARDISCOVERY_getProductFromProductID
                0x0000000000007bd0       0x33 /home/jose/catkin_ws/build/parrot_arsdk/arsdk/src/ARSDKBuildUtils/out/arsdk-native/build/libARDiscovery/obj/Sources/ARDISCOVERY_Discovery.c.o
                0x0000000000007bd0                ARDISCOVERY_getProductFromProductID
 *fill*         0x0000000000007c03        0xd 
 .text.ARDISCOVERY_getProductFamily
                0x0000000000007c10       0x1b /home/jose/catkin_ws/build/parrot_arsdk/arsdk/src/ARSDKBuildUtils/out/arsdk-native/build/libARDiscovery/obj/Sources/ARDISCOVERY_Discovery.c.o
                0x0000000000007c10                ARDISCOVERY_getProductFamily
 *fill*         0x0000000000007c2b        0x5 
 .text.ARDISCOVERY_Device_Delete
                0x0000000000007c30       0x51 /home/jose/catkin_ws/build/parrot_arsdk/arsdk/src/ARSDKBuildUtils/out/arsdk-native/build/libARDiscovery/obj/Sources/ARDISCOVERY_Device.c.o
                0x0000000000007c30                ARDISCOVERY_Device_Delete
 *fill*         0x0000000000007c81        0xf 
 .text.ARDISCOVERY_Device_New
                0x0000000000007c90       0xa5 /home/jose/catkin_ws/build/parrot_arsdk/arsdk/src/ARSDKBuildUtils/out/arsdk-native/build/libARDiscovery/obj/Sources/ARDISCOVERY_Device.c.o
                0x0000000000007c90                ARDISCOVERY_Device_New
 *fill*         0x0000000000007d35        0xb 
 .text.ARDISCOVERY_Device_NewByCopy
                0x0000000000007d40      0x138 /home/jose/catkin_ws/build/parrot_arsdk/arsdk/src/ARSDKBuildUtils/out/arsdk-native/build/libARDiscovery/obj/Sources/ARDISCOVERY_Device.c.o
                0x0000000000007d40                ARDISCOVERY_Device_NewByCopy
 *fill*         0x0000000000007e78        0x8 
 .text.ARDISCOVERY_Device_NewARNetworkAL
                0x0000000000007e80      0x162 /home/jose/catkin_ws/build/parrot_arsdk/arsdk/src/ARSDKBuildUtils/out/arsdk-native/build/libARDiscovery/obj/Sources/ARDISCOVERY_Device.c.o
                0x0000000000007e80                ARDISCOVERY_Device_NewARNetworkAL
 *fill*         0x0000000000007fe2        0xe 
 .text.ARDISCOVERY_Device_DeleteARNetworkAL
                0x0000000000007ff0       0x20 /home/jose/catkin_ws/build/parrot_arsdk/arsdk/src/ARSDKBuildUtils/out/arsdk-native/build/libARDiscovery/obj/Sources/ARDISCOVERY_Device.c.o
                0x0000000000007ff0                ARDISCOVERY_Device_DeleteARNetworkAL
 .text.ARDISCOVERY_Device_InitNetworkConfiguration
                0x0000000000008010       0x34 /home/jose/catkin_ws/build/parrot_arsdk/arsdk/src/ARSDKBuildUtils/out/arsdk-native/build/libARDiscovery/obj/Sources/ARDISCOVERY_Device.c.o
                0x0000000000008010                ARDISCOVERY_Device_InitNetworkConfiguration
 *fill*         0x0000000000008044        0xc 
 .text.ARDISCOVERY_Device_DestroyNetworkConfiguration
                0x0000000000008050       0x3d /home/jose/catkin_ws/build/parrot_arsdk/arsdk/src/ARSDKBuildUtils/out/arsdk-native/build/libARDiscovery/obj/Sources/ARDISCOVERY_Device.c.o
                0x0000000000008050                ARDISCOVERY_Device_DestroyNetworkConfiguration
 *fill*         0x000000000000808d        0x3 
 .text.ARDISCOVERY_Device_InitWifi
                0x0000000000008090      0x1c1 /home/jose/catkin_ws/build/parrot_arsdk/arsdk/src/ARSDKBuildUtils/out/arsdk-native/build/libARDiscovery/obj/Sources/ARDISCOVERY_Device.c.o
                0x0000000000008090                ARDISCOVERY_Device_InitWifi
 *fill*         0x0000000000008251        0xf 
 .text.ARDISCOVERY_Device_WifiAddConnectionCallbacks
                0x0000000000008260        0x9 /home/jose/catkin_ws/build/parrot_arsdk/arsdk/src/ARSDKBuildUtils/out/arsdk-native/build/libARDiscovery/obj/Sources/ARDISCOVERY_Device.c.o
                0x0000000000008260                ARDISCOVERY_Device_WifiAddConnectionCallbacks
 *fill*         0x0000000000008269        0x7 
 .text.ARDISCOVERY_DEVICE_WifiGetIpAddress
                0x0000000000008270        0x9 /home/jose/catkin_ws/build/parrot_arsdk/arsdk/src/ARSDKBuildUtils/out/arsdk-native/build/libARDiscovery/obj/Sources/ARDISCOVERY_Device.c.o
                0x0000000000008270                ARDISCOVERY_DEVICE_WifiGetIpAddress
 *fill*         0x0000000000008279        0x7 
 .text.ARDISCOVERY_DEVICE_WifiSetQoSLevel
                0x0000000000008280        0x9 /home/jose/catkin_ws/build/parrot_arsdk/arsdk/src/ARSDKBuildUtils/out/arsdk-native/build/libARDiscovery/obj/Sources/ARDISCOVERY_Device.c.o
                0x0000000000008280                ARDISCOVERY_DEVICE_WifiSetQoSLevel
 *fill*         0x0000000000008289        0x7 
 .text.ARDISCOVERY_Device_WifiSetDeviceToControllerPort
                0x0000000000008290        0x9 /home/jose/catkin_ws/build/parrot_arsdk/arsdk/src/ARSDKBuildUtils/out/arsdk-native/build/libARDiscovery/obj/Sources/ARDISCOVERY_Device.c.o
                0x0000000000008290                ARDISCOVERY_Device_WifiSetDeviceToControllerPort
 *fill*         0x0000000000008299        0x7 
 .text.ARDISCOVERY_Device_InitBLE
                0x00000000000082a0       0xdd /home/jose/catkin_ws/build/parrot_arsdk/arsdk/src/ARSDKBuildUtils/out/arsdk-native/build/libARDiscovery/obj/Sources/ARDISCOVERY_Device.c.o
                0x00000000000082a0                ARDISCOVERY_Device_InitBLE
 *fill*         0x000000000000837d        0x3 
 .text.ARDISCOVERY_Device_BLEGetManager
                0x0000000000008380        0x9 /home/jose/catkin_ws/build/parrot_arsdk/arsdk/src/ARSDKBuildUtils/out/arsdk-native/build/libARDiscovery/obj/Sources/ARDISCOVERY_Device.c.o
                0x0000000000008380                ARDISCOVERY_Device_BLEGetManager
 *fill*         0x0000000000008389        0x7 
 .text.ARDISCOVERY_Device_BLEGetDevice
                0x0000000000008390        0x9 /home/jose/catkin_ws/build/parrot_arsdk/arsdk/src/ARSDKBuildUtils/out/arsdk-native/build/libARDiscovery/obj/Sources/ARDISCOVERY_Device.c.o
                0x0000000000008390                ARDISCOVERY_Device_BLEGetDevice
 *fill*         0x0000000000008399        0x7 
 .text.ARDISCOVERY_Device_InitUSB
                0x00000000000083a0       0xaf /home/jose/catkin_ws/build/parrot_arsdk/arsdk/src/ARSDKBuildUtils/out/arsdk-native/build/libARDiscovery/obj/Sources/ARDISCOVERY_Device.c.o
                0x00000000000083a0                ARDISCOVERY_Device_InitUSB
 *fill*         0x000000000000844f        0x1 
 .text.ARDISCOVERY_Device_UsbAddConnectionCallbacks
                0x0000000000008450        0x9 /home/jose/catkin_ws/build/parrot_arsdk/arsdk/src/ARSDKBuildUtils/out/arsdk-native/build/libARDiscovery/obj/Sources/ARDISCOVERY_Device.c.o
                0x0000000000008450                ARDISCOVERY_Device_UsbAddConnectionCallbacks
 *fill*         0x0000000000008459        0x7 
 .text.ARDISCOVERY_Device_UsbGetMux
                0x0000000000008460        0x9 /home/jose/catkin_ws/build/parrot_arsdk/arsdk/src/ARSDKBuildUtils/out/arsdk-native/build/libARDiscovery/obj/Sources/ARDISCOVERY_Device.c.o
                0x0000000000008460                ARDISCOVERY_Device_UsbGetMux
 *fill*         0x0000000000008469        0x7 
 .text.mux_discovery_channel_cb
                0x0000000000008470      0x259 /home/jose/catkin_ws/build/parrot_arsdk/arsdk/src/ARSDKBuildUtils/out/arsdk-native/build/libARDiscovery/obj/Sources/ARDISCOVERY_MuxDiscovery.c.o
 *fill*         0x00000000000086c9        0x7 
 .text.mux_backend_channel_cb
                0x00000000000086d0      0x176 /home/jose/catkin_ws/build/parrot_arsdk/arsdk/src/ARSDKBuildUtils/out/arsdk-native/build/libARDiscovery/obj/Sources/ARDISCOVERY_MuxDiscovery.c.o
 *fill*         0x0000000000008846        0xa 
 .text.mux_write_msg.constprop.0
                0x0000000000008850      0x181 /home/jose/catkin_ws/build/parrot_arsdk/arsdk/src/ARSDKBuildUtils/out/arsdk-native/build/libARDiscovery/obj/Sources/ARDISCOVERY_MuxDiscovery.c.o
 *fill*         0x00000000000089d1        0xf 
 .text.ARDiscovery_MuxDiscovery_new
                0x00000000000089e0      0x11b /home/jose/catkin_ws/build/parrot_arsdk/arsdk/src/ARSDKBuildUtils/out/arsdk-native/build/libARDiscovery/obj/Sources/ARDISCOVERY_MuxDiscovery.c.o
                0x00000000000089e0                ARDiscovery_MuxDiscovery_new
 *fill*         0x0000000000008afb        0x5 
 .text.ARDiscovery_MuxConnection_new
                0x0000000000008b00       0xbd /home/jose/catkin_ws/build/parrot_arsdk/arsdk/src/ARSDKBuildUtils/out/arsdk-native/build/libARDiscovery/obj/Sources/ARDISCOVERY_MuxDiscovery.c.o
                0x0000000000008b00                ARDiscovery_MuxConnection_new
 *fill*         0x0000000000008bbd        0x3 
 .text.ARDiscovery_MuxConnection_sendConnReq
                0x0000000000008bc0       0xd3 /home/jose/catkin_ws/build/parrot_arsdk/arsdk/src/ARSDKBuildUtils/out/arsdk-native/build/libARDiscovery/obj/Sources/ARDISCOVERY_MuxDiscovery.c.o
                0x0000000000008bc0                ARDiscovery_MuxConnection_sendConnReq
 *fill*         0x0000000000008c93        0xd 
 .text.ARDiscovery_MuxDiscovery_dispose
                0x0000000000008ca0       0x31 /home/jose/catkin_ws/build/parrot_arsdk/arsdk/src/ARSDKBuildUtils/out/arsdk-native/build/libARDiscovery/obj/Sources/ARDISCOVERY_MuxDiscovery.c.o
                0x0000000000008ca0                ARDiscovery_MuxDiscovery_dispose
 *fill*         0x0000000000008cd1        0xf 
 .text.ARDiscovery_MuxConnection_dispose
                0x0000000000008ce0       0x31 /home/jose/catkin_ws/build/parrot_arsdk/arsdk/src/ARSDKBuildUtils/out/arsdk-native/build/libARDiscovery/obj/Sources/ARDISCOVERY_MuxDiscovery.c.o
                0x0000000000008ce0                ARDiscovery_MuxConnection_dispose
 *fill*         0x0000000000008d11        0xf 
 .text.BebopStopStreamingGenerator
                0x0000000000008d20        0xb /home/jose/catkin_ws/build/parrot_arsdk/arsdk/src/ARSDKBuildUtils/out/arsdk-native/build/libARDiscovery/obj/Sources/Wifi/ARDISCOVERY_DEVICE_Wifi.c.o
 *fill*         0x0000000000008d2b        0x5 
 .text.BebopStartStreamingGenerator
                0x0000000000008d30        0xe /home/jose/catkin_ws/build/parrot_arsdk/arsdk/src/ARSDKBuildUtils/out/arsdk-native/build/libARDiscovery/obj/Sources/Wifi/ARDISCOVERY_DEVICE_Wifi.c.o
 *fill*         0x0000000000008d3e        0x2 
 .text.JSStopStreamingGenerator
                0x0000000000008d40        0xb /home/jose/catkin_ws/build/parrot_arsdk/arsdk/src/ARSDKBuildUtils/out/arsdk-native/build/libARDiscovery/obj/Sources/Wifi/ARDISCOVERY_DEVICE_Wifi.c.o
 *fill*         0x0000000000008d4b        0x5 
 .text.JSStartStreamingGenerator
                0x0000000000008d50        0xe /home/jose/catkin_ws/build/parrot_arsdk/arsdk/src/ARSDKBuildUtils/out/arsdk-native/build/libARDiscovery/obj/Sources/Wifi/ARDISCOVERY_DEVICE_Wifi.c.o
 *fill*         0x0000000000008d5e        0x2 
 .text.PowerUpStopStreamingGenerator
                0x0000000000008d60        0xb /home/jose/catkin_ws/build/parrot_arsdk/arsdk/src/ARSDKBuildUtils/out/arsdk-native/build/libARDiscovery/obj/Sources/Wifi/ARDISCOVERY_DEVICE_Wifi.c.o
 *fill*         0x0000000000008d6b        0x5 
 .text.PowerUpStartStreamingGenerator
                0x0000000000008d70        0xe /home/jose/catkin_ws/build/parrot_arsdk/arsdk/src/ARSDKBuildUtils/out/arsdk-native/build/libARDiscovery/obj/Sources/Wifi/ARDISCOVERY_DEVICE_Wifi.c.o
 *fill*         0x0000000000008d7e        0x2 
 .text.ARDISCOVERY_DEVICE_Wifi_SendJsonCallback
                0x0000000000008d80      0x18a /home/jose/catkin_ws/build/parrot_arsdk/arsdk/src/ARSDKBuildUtils/out/arsdk-native/build/libARDiscovery/obj/Sources/Wifi/ARDISCOVERY_DEVICE_Wifi.c.o
                0x0000000000008d80                ARDISCOVERY_DEVICE_Wifi_SendJsonCallback
 *fill*         0x0000000000008f0a        0x6 
 .text.ARDISCOVERY_DEVICE_Wifi_ReceiveJsonCallback
                0x0000000000008f10      0x13b /home/jose/catkin_ws/build/parrot_arsdk/arsdk/src/ARSDKBuildUtils/out/arsdk-native/build/libARDiscovery/obj/Sources/Wifi/ARDISCOVERY_DEVICE_Wifi.c.o
                0x0000000000008f10                ARDISCOVERY_DEVICE_Wifi_ReceiveJsonCallback
 *fill*         0x000000000000904b        0x5 
 .text.ARDISCOVERY_DEVICE_Wifi_SetDeviceToControllerPort
                0x0000000000009050       0x26 /home/jose/catkin_ws/build/parrot_arsdk/arsdk/src/ARSDKBuildUtils/out/arsdk-native/build/libARDiscovery/obj/Sources/Wifi/ARDISCOVERY_DEVICE_Wifi.c.o
                0x0000000000009050                ARDISCOVERY_DEVICE_Wifi_SetDeviceToControllerPort
 *fill*         0x0000000000009076        0xa 
 .text.ARDISCOVERY_DEVICE_Wifi_DeleteSpecificParameters
                0x0000000000009080       0x6d /home/jose/catkin_ws/build/parrot_arsdk/arsdk/src/ARSDKBuildUtils/out/arsdk-native/build/libARDiscovery/obj/Sources/Wifi/ARDISCOVERY_DEVICE_Wifi.c.o
                0x0000000000009080                ARDISCOVERY_DEVICE_Wifi_DeleteSpecificParameters
 *fill*         0x00000000000090ed        0x3 
 .text.ARDISCOVERY_DEVICE_Wifi_CreateSpecificParameters
                0x00000000000090f0       0xc0 /home/jose/catkin_ws/build/parrot_arsdk/arsdk/src/ARSDKBuildUtils/out/arsdk-native/build/libARDiscovery/obj/Sources/Wifi/ARDISCOVERY_DEVICE_Wifi.c.o
                0x00000000000090f0                ARDISCOVERY_DEVICE_Wifi_CreateSpecificParameters
 .text.ARDISCOVERY_DEVICE_Wifi_GetCopyOfSpecificParameters
                0x00000000000091b0       0xe7 /home/jose/catkin_ws/build/parrot_arsdk/arsdk/src/ARSDKBuildUtils/out/arsdk-native/build/libARDiscovery/obj/Sources/Wifi/ARDISCOVERY_DEVICE_Wifi.c.o
                0x00000000000091b0                ARDISCOVERY_DEVICE_Wifi_GetCopyOfSpecificParameters
 *fill*         0x0000000000009297        0x9 
 .text.ARDISCOVERY_DEVICE_Wifi_AddConnectionCallbacks
                0x00000000000092a0       0x36 /home/jose/catkin_ws/build/parrot_arsdk/arsdk/src/ARSDKBuildUtils/out/arsdk-native/build/libARDiscovery/obj/Sources/Wifi/ARDISCOVERY_DEVICE_Wifi.c.o
                0x00000000000092a0                ARDISCOVERY_DEVICE_Wifi_AddConnectionCallbacks
 *fill*         0x00000000000092d6        0xa 
 .text.ARDISCOVERY_DEVICE_Wifi_DeleteARNetworkAL
                0x00000000000092e0       0x58 /home/jose/catkin_ws/build/parrot_arsdk/arsdk/src/ARSDKBuildUtils/out/arsdk-native/build/libARDiscovery/obj/Sources/Wifi/ARDISCOVERY_DEVICE_Wifi.c.o
                0x00000000000092e0                ARDISCOVERY_DEVICE_Wifi_DeleteARNetworkAL
 *fill*         0x0000000000009338        0x8 
 .text.ARDISCOVERY_DEVICE_Wifi_GetIpAddress
                0x0000000000009340       0x84 /home/jose/catkin_ws/build/parrot_arsdk/arsdk/src/ARSDKBuildUtils/out/arsdk-native/build/libARDiscovery/obj/Sources/Wifi/ARDISCOVERY_DEVICE_Wifi.c.o
                0x0000000000009340                ARDISCOVERY_DEVICE_Wifi_GetIpAddress
 *fill*         0x00000000000093c4        0xc 
 .text.ARDISCOVERY_DEVICE_Wifi_SetQoSLevel
                0x00000000000093d0       0x26 /home/jose/catkin_ws/build/parrot_arsdk/arsdk/src/ARSDKBuildUtils/out/arsdk-native/build/libARDiscovery/obj/Sources/Wifi/ARDISCOVERY_DEVICE_Wifi.c.o
                0x00000000000093d0                ARDISCOVERY_DEVICE_Wifi_SetQoSLevel
 *fill*         0x00000000000093f6        0xa 
 .text.ARDISCOVERY_DEVICE_Wifi_InitBebopNetworkConfiguration
                0x0000000000009400      0x112 /home/jose/catkin_ws/build/parrot_arsdk/arsdk/src/ARSDKBuildUtils/out/arsdk-native/build/libARDiscovery/obj/Sources/Wifi/ARDISCOVERY_DEVICE_Wifi.c.o
                0x0000000000009400                ARDISCOVERY_DEVICE_Wifi_InitBebopNetworkConfiguration
 *fill*         0x0000000000009512        0xe 
 .text.ARDISCOVERY_DEVICE_Wifi_InitSkyControllerNetworkConfiguration
                0x0000000000009520        0x9 /home/jose/catkin_ws/build/parrot_arsdk/arsdk/src/ARSDKBuildUtils/out/arsdk-native/build/libARDiscovery/obj/Sources/Wifi/ARDISCOVERY_DEVICE_Wifi.c.o
                0x0000000000009520                ARDISCOVERY_DEVICE_Wifi_InitSkyControllerNetworkConfiguration
 *fill*         0x0000000000009529        0x7 
 .text.ARDISCOVERY_DEVICE_Wifi_InitBebop2NetworkConfiguration
                0x0000000000009530        0x9 /home/jose/catkin_ws/build/parrot_arsdk/arsdk/src/ARSDKBuildUtils/out/arsdk-native/build/libARDiscovery/obj/Sources/Wifi/ARDISCOVERY_DEVICE_Wifi.c.o
                0x0000000000009530                ARDISCOVERY_DEVICE_Wifi_InitBebop2NetworkConfiguration
 *fill*         0x0000000000009539        0x7 
 .text.ARDISCOVERY_DEVICE_Wifi_InitUnknownproduct_4NetworkConfiguration
                0x0000000000009540        0x9 /home/jose/catkin_ws/build/parrot_arsdk/arsdk/src/ARSDKBuildUtils/out/arsdk-native/build/libARDiscovery/obj/Sources/Wifi/ARDISCOVERY_DEVICE_Wifi.c.o
                0x0000000000009540                ARDISCOVERY_DEVICE_Wifi_InitUnknownproduct_4NetworkConfiguration
 *fill*         0x0000000000009549        0x7 
 .text.ARDISCOVERY_DEVICE_Wifi_InitUnknownproduct_5NetworkConfiguration
                0x0000000000009550        0x9 /home/jose/catkin_ws/build/parrot_arsdk/arsdk/src/ARSDKBuildUtils/out/arsdk-native/build/libARDiscovery/obj/Sources/Wifi/ARDISCOVERY_DEVICE_Wifi.c.o
                0x0000000000009550                ARDISCOVERY_DEVICE_Wifi_InitUnknownproduct_5NetworkConfiguration
 *fill*         0x0000000000009559        0x7 
 .text.ARDISCOVERY_DEVICE_Wifi_InitDelos3NetworkConfiguration
                0x0000000000009560      0x11f /home/jose/catkin_ws/build/parrot_arsdk/arsdk/src/ARSDKBuildUtils/out/arsdk-native/build/libARDiscovery/obj/Sources/Wifi/ARDISCOVERY_DEVICE_Wifi.c.o
                0x0000000000009560                ARDISCOVERY_DEVICE_Wifi_InitDelos3NetworkConfiguration
 *fill*         0x000000000000967f        0x1 
 .text.ARDISCOVERY_DEVICE_Wifi_InitChimeraNetworkConfiguration
                0x0000000000009680        0x9 /home/jose/catkin_ws/build/parrot_arsdk/arsdk/src/ARSDKBuildUtils/out/arsdk-native/build/libARDiscovery/obj/Sources/Wifi/ARDISCOVERY_DEVICE_Wifi.c.o
                0x0000000000009680                ARDISCOVERY_DEVICE_Wifi_InitChimeraNetworkConfiguration
 *fill*         0x0000000000009689        0x7 
 .text.ARDISCOVERY_DEVICE_Wifi_InitSkyController2NetworkConfiguration
                0x0000000000009690      0x107 /home/jose/catkin_ws/build/parrot_arsdk/arsdk/src/ARSDKBuildUtils/out/arsdk-native/build/libARDiscovery/obj/Sources/Wifi/ARDISCOVERY_DEVICE_Wifi.c.o
                0x0000000000009690                ARDISCOVERY_DEVICE_Wifi_InitSkyController2NetworkConfiguration
 *fill*         0x0000000000009797        0x9 
 .text.ARDISCOVERY_DEVICE_Wifi_InitJumpingSumoNetworkConfiguration
                0x00000000000097a0      0x10e /home/jose/catkin_ws/build/parrot_arsdk/arsdk/src/ARSDKBuildUtils/out/arsdk-native/build/libARDiscovery/obj/Sources/Wifi/ARDISCOVERY_DEVICE_Wifi.c.o
                0x00000000000097a0                ARDISCOVERY_DEVICE_Wifi_InitJumpingSumoNetworkConfiguration
 *fill*         0x00000000000098ae        0x2 
 .text.ARDISCOVERY_DEVICE_Wifi_InitJumpingSumoEvoNetworkConfiguration
                0x00000000000098b0      0x11e /home/jose/catkin_ws/build/parrot_arsdk/arsdk/src/ARSDKBuildUtils/out/arsdk-native/build/libARDiscovery/obj/Sources/Wifi/ARDISCOVERY_DEVICE_Wifi.c.o
                0x00000000000098b0                ARDISCOVERY_DEVICE_Wifi_InitJumpingSumoEvoNetworkConfiguration
 *fill*         0x00000000000099ce        0x2 
 .text.ARDISCOVERY_DEVICE_Wifi_InitPowerUpNetworkConfiguration
                0x00000000000099d0      0x116 /home/jose/catkin_ws/build/parrot_arsdk/arsdk/src/ARSDKBuildUtils/out/arsdk-native/build/libARDiscovery/obj/Sources/Wifi/ARDISCOVERY_DEVICE_Wifi.c.o
                0x00000000000099d0                ARDISCOVERY_DEVICE_Wifi_InitPowerUpNetworkConfiguration
 *fill*         0x0000000000009ae6        0xa 
 .text.ARDISCOVERY_DEVICE_Wifi_InitEvinrudeNetworkConfiguration
                0x0000000000009af0        0x9 /home/jose/catkin_ws/build/parrot_arsdk/arsdk/src/ARSDKBuildUtils/out/arsdk-native/build/libARDiscovery/obj/Sources/Wifi/ARDISCOVERY_DEVICE_Wifi.c.o
                0x0000000000009af0                ARDISCOVERY_DEVICE_Wifi_InitEvinrudeNetworkConfiguration
 *fill*         0x0000000000009af9        0x7 
 .text.ARDISCOVERY_DEVICE_Wifi_DiscoveryConnect
                0x0000000000009b00       0xb2 /home/jose/catkin_ws/build/parrot_arsdk/arsdk/src/ARSDKBuildUtils/out/arsdk-native/build/libARDiscovery/obj/Sources/Wifi/ARDISCOVERY_DEVICE_Wifi.c.o
                0x0000000000009b00                ARDISCOVERY_DEVICE_Wifi_DiscoveryConnect
 *fill*         0x0000000000009bb2        0xe 
 .text.ARDISCOVERY_DEVICE_Wifi_NewARNetworkAL
                0x0000000000009bc0      0x1a6 /home/jose/catkin_ws/build/parrot_arsdk/arsdk/src/ARSDKBuildUtils/out/arsdk-native/build/libARDiscovery/obj/Sources/Wifi/ARDISCOVERY_DEVICE_Wifi.c.o
                0x0000000000009bc0                ARDISCOVERY_DEVICE_Wifi_NewARNetworkAL
 *fill*         0x0000000000009d66        0xa 
 .text.ARDISCOVERY_DEVICE_Ble_DeleteSpecificParameters
                0x0000000000009d70       0x48 /home/jose/catkin_ws/build/parrot_arsdk/arsdk/src/ARSDKBuildUtils/out/arsdk-native/build/libARDiscovery/obj/Sources/BLE/ARDISCOVERY_DEVICE_Ble.c.o
                0x0000000000009d70                ARDISCOVERY_DEVICE_Ble_DeleteSpecificParameters
 *fill*         0x0000000000009db8        0x8 
 .text.ARDISCOVERY_DEVICE_Ble_CreateSpecificParameters
                0x0000000000009dc0       0x7a /home/jose/catkin_ws/build/parrot_arsdk/arsdk/src/ARSDKBuildUtils/out/arsdk-native/build/libARDiscovery/obj/Sources/BLE/ARDISCOVERY_DEVICE_Ble.c.o
                0x0000000000009dc0                ARDISCOVERY_DEVICE_Ble_CreateSpecificParameters
 *fill*         0x0000000000009e3a        0x6 
 .text.ARDISCOVERY_DEVICE_Ble_GetCopyOfSpecificParameters
                0x0000000000009e40       0x88 /home/jose/catkin_ws/build/parrot_arsdk/arsdk/src/ARSDKBuildUtils/out/arsdk-native/build/libARDiscovery/obj/Sources/BLE/ARDISCOVERY_DEVICE_Ble.c.o
                0x0000000000009e40                ARDISCOVERY_DEVICE_Ble_GetCopyOfSpecificParameters
 *fill*         0x0000000000009ec8        0x8 
 .text.ARDISCOVERY_DEVICE_Ble_DeleteARNetworkAL
                0x0000000000009ed0       0x58 /home/jose/catkin_ws/build/parrot_arsdk/arsdk/src/ARSDKBuildUtils/out/arsdk-native/build/libARDiscovery/obj/Sources/BLE/ARDISCOVERY_DEVICE_Ble.c.o
                0x0000000000009ed0                ARDISCOVERY_DEVICE_Ble_DeleteARNetworkAL
 *fill*         0x0000000000009f28        0x8 
 .text.ARDISCOVERY_DEVICE_Ble_NewARNetworkAL
                0x0000000000009f30      0x138 /home/jose/catkin_ws/build/parrot_arsdk/arsdk/src/ARSDKBuildUtils/out/arsdk-native/build/libARDiscovery/obj/Sources/BLE/ARDISCOVERY_DEVICE_Ble.c.o
                0x0000000000009f30                ARDISCOVERY_DEVICE_Ble_NewARNetworkAL
 *fill*         0x000000000000a068        0x8 
 .text.ARDISCOVERY_DEVICE_Ble_InitRollingSpiderNetworkConfiguration
                0x000000000000a070      0x114 /home/jose/catkin_ws/build/parrot_arsdk/arsdk/src/ARSDKBuildUtils/out/arsdk-native/build/libARDiscovery/obj/Sources/BLE/ARDISCOVERY_DEVICE_Ble.c.o
                0x000000000000a070                ARDISCOVERY_DEVICE_Ble_InitRollingSpiderNetworkConfiguration
 *fill*         0x000000000000a184        0xc 
 .text.ARDISCOVERY_Device_Ble_GetManager
                0x000000000000a190       0x2e /home/jose/catkin_ws/build/parrot_arsdk/arsdk/src/ARSDKBuildUtils/out/arsdk-native/build/libARDiscovery/obj/Sources/BLE/ARDISCOVERY_DEVICE_Ble.c.o
                0x000000000000a190                ARDISCOVERY_Device_Ble_GetManager
 *fill*         0x000000000000a1be        0x2 
 .text.ARDISCOVERY_Device_Ble_GetDevice
                0x000000000000a1c0       0x2e /home/jose/catkin_ws/build/parrot_arsdk/arsdk/src/ARSDKBuildUtils/out/arsdk-native/build/libARDiscovery/obj/Sources/BLE/ARDISCOVERY_DEVICE_Ble.c.o
                0x000000000000a1c0                ARDISCOVERY_Device_Ble_GetDevice
 *fill*         0x000000000000a1ee        0x2 
 .text.SkyController2StopStreamingGenerator
                0x000000000000a1f0        0xb /home/jose/catkin_ws/build/parrot_arsdk/arsdk/src/ARSDKBuildUtils/out/arsdk-native/build/libARDiscovery/obj/Sources/Usb/ARDISCOVERY_DEVICE_Usb.c.o
 *fill*         0x000000000000a1fb        0x5 
 .text.SkyController2StartStreamingGenerator
                0x000000000000a200        0xe /home/jose/catkin_ws/build/parrot_arsdk/arsdk/src/ARSDKBuildUtils/out/arsdk-native/build/libARDiscovery/obj/Sources/Usb/ARDISCOVERY_DEVICE_Usb.c.o
 *fill*         0x000000000000a20e        0x2 
 .text.device_conn_resp_cb
                0x000000000000a210       0x69 /home/jose/catkin_ws/build/parrot_arsdk/arsdk/src/ARSDKBuildUtils/out/arsdk-native/build/libARDiscovery/obj/Sources/Usb/ARDISCOVERY_DEVICE_Usb.c.o
 *fill*         0x000000000000a279        0x7 
 .text.ARDISCOVERY_DEVICE_Usb_DeleteSpecificParameters
                0x000000000000a280       0x58 /home/jose/catkin_ws/build/parrot_arsdk/arsdk/src/ARSDKBuildUtils/out/arsdk-native/build/libARDiscovery/obj/Sources/Usb/ARDISCOVERY_DEVICE_Usb.c.o
                0x000000000000a280                ARDISCOVERY_DEVICE_Usb_DeleteSpecificParameters
 *fill*         0x000000000000a2d8        0x8 
 .text.ARDISCOVERY_DEVICE_Usb_CreateSpecificParameters
                0x000000000000a2e0       0x9a /home/jose/catkin_ws/build/parrot_arsdk/arsdk/src/ARSDKBuildUtils/out/arsdk-native/build/libARDiscovery/obj/Sources/Usb/ARDISCOVERY_DEVICE_Usb.c.o
                0x000000000000a2e0                ARDISCOVERY_DEVICE_Usb_CreateSpecificParameters
 *fill*         0x000000000000a37a        0x6 
 .text.ARDISCOVERY_DEVICE_Usb_GetCopyOfSpecificParameters
                0x000000000000a380       0xf4 /home/jose/catkin_ws/build/parrot_arsdk/arsdk/src/ARSDKBuildUtils/out/arsdk-native/build/libARDiscovery/obj/Sources/Usb/ARDISCOVERY_DEVICE_Usb.c.o
                0x000000000000a380                ARDISCOVERY_DEVICE_Usb_GetCopyOfSpecificParameters
 *fill*         0x000000000000a474        0xc 
 .text.ARDISCOVERY_DEVICE_Usb_AddConnectionCallbacks
                0x000000000000a480       0x36 /home/jose/catkin_ws/build/parrot_arsdk/arsdk/src/ARSDKBuildUtils/out/arsdk-native/build/libARDiscovery/obj/Sources/Usb/ARDISCOVERY_DEVICE_Usb.c.o
                0x000000000000a480                ARDISCOVERY_DEVICE_Usb_AddConnectionCallbacks
 *fill*         0x000000000000a4b6        0xa 
 .text.ARDISCOVERY_DEVICE_Usb_DeleteARNetworkAL
                0x000000000000a4c0       0x58 /home/jose/catkin_ws/build/parrot_arsdk/arsdk/src/ARSDKBuildUtils/out/arsdk-native/build/libARDiscovery/obj/Sources/Usb/ARDISCOVERY_DEVICE_Usb.c.o
                0x000000000000a4c0                ARDISCOVERY_DEVICE_Usb_DeleteARNetworkAL
 *fill*         0x000000000000a518        0x8 
 .text.ARDISCOVERY_DEVICE_Usb_InitSkyController2NetworkConfiguration
                0x000000000000a520      0x10d /home/jose/catkin_ws/build/parrot_arsdk/arsdk/src/ARSDKBuildUtils/out/arsdk-native/build/libARDiscovery/obj/Sources/Usb/ARDISCOVERY_DEVICE_Usb.c.o
                0x000000000000a520                ARDISCOVERY_DEVICE_Usb_InitSkyController2NetworkConfiguration
 *fill*         0x000000000000a62d        0x3 
 .text.ARDISCOVERY_DEVICE_Usb_DiscoveryConnect
                0x000000000000a630      0x249 /home/jose/catkin_ws/build/parrot_arsdk/arsdk/src/ARSDKBuildUtils/out/arsdk-native/build/libARDiscovery/obj/Sources/Usb/ARDISCOVERY_DEVICE_Usb.c.o
                0x000000000000a630                ARDISCOVERY_DEVICE_Usb_DiscoveryConnect
 *fill*         0x000000000000a879        0x7 
 .text.ARDISCOVERY_DEVICE_Usb_NewARNetworkAL
                0x000000000000a880      0x126 /home/jose/catkin_ws/build/parrot_arsdk/arsdk/src/ARSDKBuildUtils/out/arsdk-native/build/libARDiscovery/obj/Sources/Usb/ARDISCOVERY_DEVICE_Usb.c.o
                0x000000000000a880                ARDISCOVERY_DEVICE_Usb_NewARNetworkAL
 *fill*         0x000000000000a9a6        0xa 
 .text.ARDISCOVERY_DEVICE_Usb_GetMux
                0x000000000000a9b0       0x36 /home/jose/catkin_ws/build/parrot_arsdk/arsdk/src/ARSDKBuildUtils/out/arsdk-native/build/libARDiscovery/obj/Sources/Usb/ARDISCOVERY_DEVICE_Usb.c.o
                0x000000000000a9b0                ARDISCOVERY_DEVICE_Usb_GetMux
 *fill*         0x000000000000a9e6        0xa 
 .text.ARDISCOVERY_Error_ToString
                0x000000000000a9f0      0x278 /home/jose/catkin_ws/build/parrot_arsdk/arsdk/src/ARSDKBuildUtils/out/arsdk-native/build/libARDiscovery/obj/gen/Sources/ARDISCOVERY_Error.c.o
                0x000000000000a9f0                ARDISCOVERY_Error_ToString
 *fill*         0x000000000000ac68        0x8 
 .text.ARDISCOVERY_AvahiDiscovery_CreateService
                0x000000000000ac70      0x132 /home/jose/catkin_ws/build/parrot_arsdk/arsdk/src/ARSDKBuildUtils/out/arsdk-native/build/libARDiscovery/obj/Sources/ARDISCOVERY_AvahiDiscovery.c.o
 *fill*         0x000000000000ada2        0xe 
 .text.ARDISCOVERY_AvahiDiscovery_EntryGroupCb
                0x000000000000adb0      0x144 /home/jose/catkin_ws/build/parrot_arsdk/arsdk/src/ARSDKBuildUtils/out/arsdk-native/build/libARDiscovery/obj/Sources/ARDISCOVERY_AvahiDiscovery.c.o
 *fill*         0x000000000000aef4        0xc 
 .text.ARDISCOVERY_AvahiDiscovery_BuildName
                0x000000000000af00       0x57 /home/jose/catkin_ws/build/parrot_arsdk/arsdk/src/ARSDKBuildUtils/out/arsdk-native/build/libARDiscovery/obj/Sources/ARDISCOVERY_AvahiDiscovery.c.o
 *fill*         0x000000000000af57        0x9 
 .text.ARDISCOVERY_AvahiDiscovery_Browser_BrowseCb
                0x000000000000af60      0x1a7 /home/jose/catkin_ws/build/parrot_arsdk/arsdk/src/ARSDKBuildUtils/out/arsdk-native/build/libARDiscovery/obj/Sources/ARDISCOVERY_AvahiDiscovery.c.o
 *fill*         0x000000000000b107        0x9 
 .text.ARDISCOVERY_AvahiDiscovery_Browser_ResolveCb
                0x000000000000b110      0x146 /home/jose/catkin_ws/build/parrot_arsdk/arsdk/src/ARSDKBuildUtils/out/arsdk-native/build/libARDiscovery/obj/Sources/ARDISCOVERY_AvahiDiscovery.c.o
 *fill*         0x000000000000b256        0xa 
 .text.ARDISCOVERY_AvahiDiscovery_Browser_ClientCb
                0x000000000000b260       0x92 /home/jose/catkin_ws/build/parrot_arsdk/arsdk/src/ARSDKBuildUtils/out/arsdk-native/build/libARDiscovery/obj/Sources/ARDISCOVERY_AvahiDiscovery.c.o
 *fill*         0x000000000000b2f2        0xe 
 .text.ARDISCOVERY_AvahiDiscovery_Publisher_ClientCb
                0x000000000000b300       0xd1 /home/jose/catkin_ws/build/parrot_arsdk/arsdk/src/ARSDKBuildUtils/out/arsdk-native/build/libARDiscovery/obj/Sources/ARDISCOVERY_AvahiDiscovery.c.o
 *fill*         0x000000000000b3d1        0xf 
 .text.ARDISCOVERY_AvahiDiscovery_ResetService
                0x000000000000b3e0       0xcf /home/jose/catkin_ws/build/parrot_arsdk/arsdk/src/ARSDKBuildUtils/out/arsdk-native/build/libARDiscovery/obj/Sources/ARDISCOVERY_AvahiDiscovery.c.o
                0x000000000000b3e0                ARDISCOVERY_AvahiDiscovery_ResetService
 *fill*         0x000000000000b4af        0x1 
 .text.ARDISCOVERY_AvahiDiscovery_SetServiceName
                0x000000000000b4b0       0xac /home/jose/catkin_ws/build/parrot_arsdk/arsdk/src/ARSDKBuildUtils/out/arsdk-native/build/libARDiscovery/obj/Sources/ARDISCOVERY_AvahiDiscovery.c.o
                0x000000000000b4b0                ARDISCOVERY_AvahiDiscovery_SetServiceName
 *fill*         0x000000000000b55c        0x4 
 .text.ARDISCOVERY_AvahiDiscovery_Publish
                0x000000000000b560      0x18b /home/jose/catkin_ws/build/parrot_arsdk/arsdk/src/ARSDKBuildUtils/out/arsdk-native/build/libARDiscovery/obj/Sources/ARDISCOVERY_AvahiDiscovery.c.o
                0x000000000000b560                ARDISCOVERY_AvahiDiscovery_Publish
 *fill*         0x000000000000b6eb        0x5 
 .text.ARDISCOVERY_AvahiDiscovery_StopPublishing
                0x000000000000b6f0       0x21 /home/jose/catkin_ws/build/parrot_arsdk/arsdk/src/ARSDKBuildUtils/out/arsdk-native/build/libARDiscovery/obj/Sources/ARDISCOVERY_AvahiDiscovery.c.o
                0x000000000000b6f0                ARDISCOVERY_AvahiDiscovery_StopPublishing
 *fill*         0x000000000000b711        0xf 
 .text.ARDISCOVERY_AvahiDiscovery_Publisher_Delete
                0x000000000000b720       0x69 /home/jose/catkin_ws/build/parrot_arsdk/arsdk/src/ARSDKBuildUtils/out/arsdk-native/build/libARDiscovery/obj/Sources/ARDISCOVERY_AvahiDiscovery.c.o
                0x000000000000b720                ARDISCOVERY_AvahiDiscovery_Publisher_Delete
 *fill*         0x000000000000b789        0x7 
 .text.ARDISCOVERY_AvahiDiscovery_Publisher_New
                0x000000000000b790      0x1a8 /home/jose/catkin_ws/build/parrot_arsdk/arsdk/src/ARSDKBuildUtils/out/arsdk-native/build/libARDiscovery/obj/Sources/ARDISCOVERY_AvahiDiscovery.c.o
                0x000000000000b790                ARDISCOVERY_AvahiDiscovery_Publisher_New
 *fill*         0x000000000000b938        0x8 
 .text.ARDISCOVERY_AvahiDiscovery_Browse
                0x000000000000b940      0x2b6 /home/jose/catkin_ws/build/parrot_arsdk/arsdk/src/ARSDKBuildUtils/out/arsdk-native/build/libARDiscovery/obj/Sources/ARDISCOVERY_AvahiDiscovery.c.o
                0x000000000000b940                ARDISCOVERY_AvahiDiscovery_Browse
 *fill*         0x000000000000bbf6        0xa 
 .text.ARDISCOVERY_AvahiDiscovery_StopBrowsing
                0x000000000000bc00       0x19 /home/jose/catkin_ws/build/parrot_arsdk/arsdk/src/ARSDKBuildUtils/out/arsdk-native/build/libARDiscovery/obj/Sources/ARDISCOVERY_AvahiDiscovery.c.o
                0x000000000000bc00                ARDISCOVERY_AvahiDiscovery_StopBrowsing
 *fill*         0x000000000000bc19        0x7 
 .text.ARDISCOVERY_AvahiDiscovery_Browser_Delete
                0x000000000000bc20       0x71 /home/jose/catkin_ws/build/parrot_arsdk/arsdk/src/ARSDKBuildUtils/out/arsdk-native/build/libARDiscovery/obj/Sources/ARDISCOVERY_AvahiDiscovery.c.o
                0x000000000000bc20                ARDISCOVERY_AvahiDiscovery_Browser_Delete
 *fill*         0x000000000000bc91        0xf 
 .text.ARDISCOVERY_AvahiDiscovery_Browser_New
                0x000000000000bca0      0x167 /home/jose/catkin_ws/build/parrot_arsdk/arsdk/src/ARSDKBuildUtils/out/arsdk-native/build/libARDiscovery/obj/Sources/ARDISCOVERY_AvahiDiscovery.c.o
                0x000000000000bca0                ARDISCOVERY_AvahiDiscovery_Browser_New
 *(.gnu.warning)

.fini           0x000000000000be08        0xd
 *(SORT_NONE(.fini))
 .fini          0x000000000000be08        0x8 /usr/lib/gcc/x86_64-linux-gnu/9/../../../x86_64-linux-gnu/crti.o
                0x000000000000be08                _fini
 .fini          0x000000000000be10        0x5 /usr/lib/gcc/x86_64-linux-gnu/9/../../../x86_64-linux-gnu/crtn.o
                [!provide]                        PROVIDE (__etext = .)
                [!provide]                        PROVIDE (_etext = .)
                [!provide]                        PROVIDE (etext = .)
                0x000000000000c000                . = ALIGN (CONSTANT (MAXPAGESIZE))
                0x000000000000c000                . = SEGMENT_START ("rodata-segment", (ALIGN (CONSTANT (MAXPAGESIZE)) + (. & (CONSTANT (MAXPAGESIZE) - 0x1))))

.rodata         0x000000000000c000     0x1529
 *(.rodata .rodata.* .gnu.linkonce.r.*)
 .rodata.str1.1
                0x000000000000c000      0x16d /home/jose/catkin_ws/build/parrot_arsdk/arsdk/src/ARSDKBuildUtils/out/arsdk-native/build/libARDiscovery/obj/Sources/ARDISCOVERY_Connection.c.o
                                        0x177 (size before relaxing)
 *fill*         0x000000000000c16d        0x3 
 .rodata.str1.8
                0x000000000000c170       0xb0 /home/jose/catkin_ws/build/parrot_arsdk/arsdk/src/ARSDKBuildUtils/out/arsdk-native/build/libARDiscovery/obj/Sources/ARDISCOVERY_Connection.c.o
 .rodata        0x000000000000c220      0x1ab /home/jose/catkin_ws/build/parrot_arsdk/arsdk/src/ARSDKBuildUtils/out/arsdk-native/build/libARDiscovery/obj/Sources/ARDISCOVERY_Connection.c.o
 .rodata.str1.1
                0x000000000000c3cb      0x12b /home/jose/catkin_ws/build/parrot_arsdk/arsdk/src/ARSDKBuildUtils/out/arsdk-native/build/libARDiscovery/obj/Sources/ARDISCOVERY_Discovery.c.o
 *fill*         0x000000000000c4f6        0xa 
 .rodata        0x000000000000c500       0xec /home/jose/catkin_ws/build/parrot_arsdk/arsdk/src/ARSDKBuildUtils/out/arsdk-native/build/libARDiscovery/obj/Sources/ARDISCOVERY_Discovery.c.o
 .rodata.str1.1
                0x000000000000c5ec       0x28 /home/jose/catkin_ws/build/parrot_arsdk/arsdk/src/ARSDKBuildUtils/out/arsdk-native/build/libARDiscovery/obj/Sources/ARDISCOVERY_Device.c.o
                                         0x32 (size before relaxing)
 *fill*         0x000000000000c614        0xc 
 .rodata        0x000000000000c620      0x142 /home/jose/catkin_ws/build/parrot_arsdk/arsdk/src/ARSDKBuildUtils/out/arsdk-native/build/libARDiscovery/obj/Sources/ARDISCOVERY_Device.c.o
 .rodata.str1.1
                0x000000000000c762       0xaa /home/jose/catkin_ws/build/parrot_arsdk/arsdk/src/ARSDKBuildUtils/out/arsdk-native/build/libARDiscovery/obj/Sources/ARDISCOVERY_MuxDiscovery.c.o
 *fill*         0x000000000000c80c        0x4 
 .rodata.str1.8
                0x000000000000c810      0x198 /home/jose/catkin_ws/build/parrot_arsdk/arsdk/src/ARSDKBuildUtils/out/arsdk-native/build/libARDiscovery/obj/Sources/ARDISCOVERY_MuxDiscovery.c.o
 *fill*         0x000000000000c9a8       0x18 
 .rodata        0x000000000000c9c0      0x10d /home/jose/catkin_ws/build/parrot_arsdk/arsdk/src/ARSDKBuildUtils/out/arsdk-native/build/libARDiscovery/obj/Sources/ARDISCOVERY_MuxDiscovery.c.o
 .rodata.str1.1
                0x000000000000cacd       0x22 /home/jose/catkin_ws/build/parrot_arsdk/arsdk/src/ARSDKBuildUtils/out/arsdk-native/build/libARDiscovery/obj/Sources/Wifi/ARDISCOVERY_DEVICE_Wifi.c.o
                                         0x25 (size before relaxing)
 *fill*         0x000000000000caef        0x1 
 .rodata.str1.8
                0x000000000000caf0       0x22 /home/jose/catkin_ws/build/parrot_arsdk/arsdk/src/ARSDKBuildUtils/out/arsdk-native/build/libARDiscovery/obj/Sources/Wifi/ARDISCOVERY_DEVICE_Wifi.c.o
 .rodata.str1.1
                0x000000000000cb12       0x3c /home/jose/catkin_ws/build/parrot_arsdk/arsdk/src/ARSDKBuildUtils/out/arsdk-native/build/libARDiscovery/obj/Sources/Usb/ARDISCOVERY_DEVICE_Usb.c.o
                                         0x3d (size before relaxing)
 .rodata.str1.1
                0x000000000000cb4e      0x28a /home/jose/catkin_ws/build/parrot_arsdk/arsdk/src/ARSDKBuildUtils/out/arsdk-native/build/libARDiscovery/obj/gen/Sources/ARDISCOVERY_Error.c.o
 .rodata.str1.8
                0x000000000000cdd8      0x205 /home/jose/catkin_ws/build/parrot_arsdk/arsdk/src/ARSDKBuildUtils/out/arsdk-native/build/libARDiscovery/obj/gen/Sources/ARDISCOVERY_Error.c.o
 *fill*         0x000000000000cfdd        0x3 
 .rodata        0x000000000000cfe0       0x5c /home/jose/catkin_ws/build/parrot_arsdk/arsdk/src/ARSDKBuildUtils/out/arsdk-native/build/libARDiscovery/obj/gen/Sources/ARDISCOVERY_Error.c.o
 .rodata.str1.1
                0x000000000000d03c       0xa5 /home/jose/catkin_ws/build/parrot_arsdk/arsdk/src/ARSDKBuildUtils/out/arsdk-native/build/libARDiscovery/obj/Sources/ARDISCOVERY_AvahiDiscovery.c.o
                                         0xaf (size before relaxing)
 *fill*         0x000000000000d0e1        0x7 
 .rodata.str1.8
                0x000000000000d0e8      0x14f /home/jose/catkin_ws/build/parrot_arsdk/arsdk/src/ARSDKBuildUtils/out/arsdk-native/build/libARDiscovery/obj/Sources/ARDISCOVERY_AvahiDiscovery.c.o
 *fill*         0x000000000000d237        0x9 
 .rodata        0x000000000000d240      0x2e9 /home/jose/catkin_ws/build/parrot_arsdk/arsdk/src/ARSDKBuildUtils/out/arsdk-native/build/libARDiscovery/obj/Sources/ARDISCOVERY_AvahiDiscovery.c.o

.rodata1
 *(.rodata1)

.eh_frame_hdr   0x000000000000d52c      0x39c
 *(.eh_frame_hdr)
 .eh_frame_hdr  0x000000000000d52c      0x39c /home/jose/catkin_ws/build/parrot_arsdk/arsdk/src/ARSDKBuildUtils/out/arsdk-native/build/libARDiscovery/obj/Sources/ARDISCOVERY_Connection.c.o
                0x000000000000d52c                __GNU_EH_FRAME_HDR
 *(.eh_frame_entry .eh_frame_entry.*)

.eh_frame       0x000000000000d8c8     0x13ac
 *(.eh_frame)
 .eh_frame      0x000000000000d8c8       0x40 /usr/lib/gcc/x86_64-linux-gnu/9/../../../x86_64-linux-gnu/crti.o
 .eh_frame      0x000000000000d908       0x18 /usr/lib/gcc/x86_64-linux-gnu/9/../../../x86_64-linux-gnu/crti.o
                                         0x30 (size before relaxing)
 .eh_frame      0x000000000000d920       0x18 /usr/lib/gcc/x86_64-linux-gnu/9/../../../x86_64-linux-gnu/crti.o
                                         0x30 (size before relaxing)
 .eh_frame      0x000000000000d938      0x308 /home/jose/catkin_ws/build/parrot_arsdk/arsdk/src/ARSDKBuildUtils/out/arsdk-native/build/libARDiscovery/obj/Sources/ARDISCOVERY_Connection.c.o
                                        0x320 (size before relaxing)
 .eh_frame      0x000000000000dc40      0x120 /home/jose/catkin_ws/build/parrot_arsdk/arsdk/src/ARSDKBuildUtils/out/arsdk-native/build/libARDiscovery/obj/Sources/ARDISCOVERY_Discovery.c.o
                                        0x138 (size before relaxing)
 .eh_frame      0x000000000000dd60      0x228 /home/jose/catkin_ws/build/parrot_arsdk/arsdk/src/ARSDKBuildUtils/out/arsdk-native/build/libARDiscovery/obj/Sources/ARDISCOVERY_Device.c.o
                                        0x240 (size before relaxing)
 .eh_frame      0x000000000000df88      0x1a0 /home/jose/catkin_ws/build/parrot_arsdk/arsdk/src/ARSDKBuildUtils/out/arsdk-native/build/libARDiscovery/obj/Sources/ARDISCOVERY_MuxDiscovery.c.o
                                        0x1b8 (size before relaxing)
 .eh_frame      0x000000000000e128      0x3b8 /home/jose/catkin_ws/build/parrot_arsdk/arsdk/src/ARSDKBuildUtils/out/arsdk-native/build/libARDiscovery/obj/Sources/Wifi/ARDISCOVERY_DEVICE_Wifi.c.o
                                        0x3d0 (size before relaxing)
 .eh_frame      0x000000000000e4e0      0x158 /home/jose/catkin_ws/build/parrot_arsdk/arsdk/src/ARSDKBuildUtils/out/arsdk-native/build/libARDiscovery/obj/Sources/BLE/ARDISCOVERY_DEVICE_Ble.c.o
                                        0x170 (size before relaxing)
 .eh_frame      0x000000000000e638      0x208 /home/jose/catkin_ws/build/parrot_arsdk/arsdk/src/ARSDKBuildUtils/out/arsdk-native/build/libARDiscovery/obj/Sources/Usb/ARDISCOVERY_DEVICE_Usb.c.o
                                        0x220 (size before relaxing)
 .eh_frame      0x000000000000e840       0x18 /home/jose/catkin_ws/build/parrot_arsdk/arsdk/src/ARSDKBuildUtils/out/arsdk-native/build/libARDiscovery/obj/gen/Sources/ARDISCOVERY_Error.c.o
                                         0x30 (size before relaxing)
 .eh_frame      0x000000000000e858      0x418 /home/jose/catkin_ws/build/parrot_arsdk/arsdk/src/ARSDKBuildUtils/out/arsdk-native/build/libARDiscovery/obj/Sources/ARDISCOVERY_AvahiDiscovery.c.o
                                        0x430 (size before relaxing)
 .eh_frame      0x000000000000ec70        0x4 /usr/lib/gcc/x86_64-linux-gnu/9/crtendS.o
 *(.eh_frame.*)

.gcc_except_table
 *(.gcc_except_table .gcc_except_table.*)

.gnu_extab
 *(.gnu_extab*)

.exception_ranges
 *(.exception_ranges*)
                0x0000000000010bd0                . = DATA_SEGMENT_ALIGN (CONSTANT (MAXPAGESIZE), CONSTANT (COMMONPAGESIZE))

.eh_frame
 *(.eh_frame)
 *(.eh_frame.*)

.gnu_extab
 *(.gnu_extab)

.gcc_except_table
 *(.gcc_except_table .gcc_except_table.*)

.exception_ranges
 *(.exception_ranges*)

.tdata
 *(.tdata .tdata.* .gnu.linkonce.td.*)

.tbss
 *(.tbss .tbss.* .gnu.linkonce.tb.*)
 *(.tcommon)

.preinit_array
 *(.preinit_array)

.init_array     0x0000000000010bd0        0x8
 *(SORT_BY_INIT_PRIORITY(.init_array.*) SORT_BY_INIT_PRIORITY(.ctors.*))
 *(.init_array EXCLUDE_FILE(*crtend?.o *crtend.o *crtbegin?.o *crtbegin.o) .ctors)
 .init_array    0x0000000000010bd0        0x8 /usr/lib/gcc/x86_64-linux-gnu/9/crtbeginS.o

.fini_array     0x0000000000010bd8        0x8
 *(SORT_BY_INIT_PRIORITY(.fini_array.*) SORT_BY_INIT_PRIORITY(.dtors.*))
 *(.fini_array EXCLUDE_FILE(*crtend?.o *crtend.o *crtbegin?.o *crtbegin.o) .dtors)
 .fini_array    0x0000000000010bd8        0x8 /usr/lib/gcc/x86_64-linux-gnu/9/crtbeginS.o

.ctors
 *crtbegin.o(.ctors)
 *crtbegin?.o(.ctors)
 *(EXCLUDE_FILE(*crtend?.o *crtend.o) .ctors)
 *(SORT_BY_NAME(.ctors.*))
 *(.ctors)

.dtors
 *crtbegin.o(.dtors)
 *crtbegin?.o(.dtors)
 *(EXCLUDE_FILE(*crtend?.o *crtend.o) .dtors)
 *(SORT_BY_NAME(.dtors.*))
 *(.dtors)

.jcr
 *(.jcr)

.data.rel.ro    0x0000000000010be0       0xb0
 *(.data.rel.ro.local* .gnu.linkonce.d.rel.ro.local.*)
 .data.rel.ro.local
                0x0000000000010be0       0xb0 /home/jose/catkin_ws/build/parrot_arsdk/arsdk/src/ARSDKBuildUtils/out/arsdk-native/build/libARDiscovery/obj/Sources/ARDISCOVERY_Discovery.c.o
 *(.data.rel.ro .data.rel.ro.* .gnu.linkonce.d.rel.ro.*)
 .data.rel.ro   0x0000000000010c90        0x0 /usr/lib/gcc/x86_64-linux-gnu/9/../../../x86_64-linux-gnu/crti.o

.dynamic        0x0000000000010c90      0x260
 *(.dynamic)
 .dynamic       0x0000000000010c90      0x260 /usr/lib/gcc/x86_64-linux-gnu/9/../../../x86_64-linux-gnu/crti.o
                0x0000000000010c90                _DYNAMIC

.got            0x0000000000010ef0      0x100
 *(.got)
 .got           0x0000000000010ef0      0x100 /usr/lib/gcc/x86_64-linux-gnu/9/../../../x86_64-linux-gnu/crti.o
 *(.igot)
                0x0000000000011fe8                . = DATA_SEGMENT_RELRO_END (., (SIZEOF (.got.plt) >= 0x18)?0x18:0x0)

.got.plt        0x0000000000011000      0x440
 *(.got.plt)
 .got.plt       0x0000000000011000      0x440 /usr/lib/gcc/x86_64-linux-gnu/9/../../../x86_64-linux-gnu/crti.o
                0x0000000000011000                _GLOBAL_OFFSET_TABLE_
 *(.igot.plt)

.data           0x0000000000011440      0x720
 *(.data .data.* .gnu.linkonce.d.*)
 .data.rel.local
                0x0000000000011440        0x8 /usr/lib/gcc/x86_64-linux-gnu/9/crtbeginS.o
                0x0000000000011440                __dso_handle
 *fill*         0x0000000000011448       0x18 
 .data          0x0000000000011460      0x580 /home/jose/catkin_ws/build/parrot_arsdk/arsdk/src/ARSDKBuildUtils/out/arsdk-native/build/libARDiscovery/obj/Sources/Wifi/ARDISCOVERY_DEVICE_Wifi.c.o
 .data          0x00000000000119e0       0xc0 /home/jose/catkin_ws/build/parrot_arsdk/arsdk/src/ARSDKBuildUtils/out/arsdk-native/build/libARDiscovery/obj/Sources/BLE/ARDISCOVERY_DEVICE_Ble.c.o
 .data          0x0000000000011aa0       0xc0 /home/jose/catkin_ws/build/parrot_arsdk/arsdk/src/ARSDKBuildUtils/out/arsdk-native/build/libARDiscovery/obj/Sources/Usb/ARDISCOVERY_DEVICE_Usb.c.o

.tm_clone_table
                0x0000000000011b60        0x0
 .tm_clone_table
                0x0000000000011b60        0x0 /usr/lib/gcc/x86_64-linux-gnu/9/crtbeginS.o
 .tm_clone_table
                0x0000000000011b60        0x0 /usr/lib/gcc/x86_64-linux-gnu/9/crtendS.o

.data1
 *(.data1)
                [!provide]                        PROVIDE (_edata = .)
                [!provide]                        PROVIDE (edata = .)
                0x0000000000011b60                . = .
                [!provide]                        PROVIDE (__bss_start = .)

.bss            0x0000000000011b60        0x8
 *(.dynbss)
 .dynbss        0x0000000000011b60        0x0 /usr/lib/gcc/x86_64-linux-gnu/9/../../../x86_64-linux-gnu/crti.o
 *(.bss .bss.* .gnu.linkonce.b.*)
 .bss           0x0000000000011b60        0x1 /usr/lib/gcc/x86_64-linux-gnu/9/crtbeginS.o
 *(COMMON)
                0x0000000000011b68                . = ALIGN ((. != 0x0)?0x8:0x1)
 *fill*         0x0000000000011b61        0x7 

.lbss
 *(.dynlbss)
 *(.lbss .lbss.* .gnu.linkonce.lb.*)
 *(LARGE_COMMON)
                0x0000000000011b68                . = ALIGN (0x8)
                0x0000000000011b68                . = SEGMENT_START ("ldata-segment", .)

.lrodata
 *(.lrodata .lrodata.* .gnu.linkonce.lr.*)

.ldata          0x0000000000013b68        0x0
 *(.ldata .ldata.* .gnu.linkonce.l.*)
                0x0000000000013b68                . = ALIGN ((. != 0x0)?0x8:0x1)
                0x0000000000013b68                . = ALIGN (0x8)
                [!provide]                        PROVIDE (_end = .)
                [!provide]                        PROVIDE (end = .)
                0x0000000000013b68                . = DATA_SEGMENT_END (.)

.stab
 *(.stab)

.stabstr
 *(.stabstr)

.stab.excl
 *(.stab.excl)

.stab.exclstr
 *(.stab.exclstr)

.stab.index
 *(.stab.index)

.stab.indexstr
 *(.stab.indexstr)

.comment        0x0000000000000000       0x2b
 *(.comment)
 .comment       0x0000000000000000       0x2b /usr/lib/gcc/x86_64-linux-gnu/9/crtbeginS.o
                                         0x2c (size before relaxing)
 .comment       0x000000000000002b       0x2c /home/jose/catkin_ws/build/parrot_arsdk/arsdk/src/ARSDKBuildUtils/out/arsdk-native/build/libARDiscovery/obj/Sources/ARDISCOVERY_Connection.c.o
 .comment       0x000000000000002b       0x2c /home/jose/catkin_ws/build/parrot_arsdk/arsdk/src/ARSDKBuildUtils/out/arsdk-native/build/libARDiscovery/obj/Sources/ARDISCOVERY_Discovery.c.o
 .comment       0x000000000000002b       0x2c /home/jose/catkin_ws/build/parrot_arsdk/arsdk/src/ARSDKBuildUtils/out/arsdk-native/build/libARDiscovery/obj/Sources/ARDISCOVERY_Device.c.o
 .comment       0x000000000000002b       0x2c /home/jose/catkin_ws/build/parrot_arsdk/arsdk/src/ARSDKBuildUtils/out/arsdk-native/build/libARDiscovery/obj/Sources/ARDISCOVERY_MuxDiscovery.c.o
 .comment       0x000000000000002b       0x2c /home/jose/catkin_ws/build/parrot_arsdk/arsdk/src/ARSDKBuildUtils/out/arsdk-native/build/libARDiscovery/obj/Sources/Wifi/ARDISCOVERY_DEVICE_Wifi.c.o
 .comment       0x000000000000002b       0x2c /home/jose/catkin_ws/build/parrot_arsdk/arsdk/src/ARSDKBuildUtils/out/arsdk-native/build/libARDiscovery/obj/Sources/BLE/ARDISCOVERY_DEVICE_Ble.c.o
 .comment       0x000000000000002b       0x2c /home/jose/catkin_ws/build/parrot_arsdk/arsdk/src/ARSDKBuildUtils/out/arsdk-native/build/libARDiscovery/obj/Sources/Usb/ARDISCOVERY_DEVICE_Usb.c.o
 .comment       0x000000000000002b       0x2c /home/jose/catkin_ws/build/parrot_arsdk/arsdk/src/ARSDKBuildUtils/out/arsdk-native/build/libARDiscovery/obj/gen/Sources/ARDISCOVERY_Error.c.o
 .comment       0x000000000000002b       0x2c /home/jose/catkin_ws/build/parrot_arsdk/arsdk/src/ARSDKBuildUtils/out/arsdk-native/build/libARDiscovery/obj/Sources/ARDISCOVERY_AvahiDiscovery.c.o
 .comment       0x000000000000002b       0x2c /usr/lib/gcc/x86_64-linux-gnu/9/crtendS.o

.gnu.build.attributes
 *(.gnu.build.attributes .gnu.build.attributes.*)

.debug
 *(.debug)

.line
 *(.line)

.debug_srcinfo
 *(.debug_srcinfo)

.debug_sfnames
 *(.debug_sfnames)

.debug_aranges  0x0000000000000000      0x7c0
 *(.debug_aranges)
 .debug_aranges
                0x0000000000000000       0xc0 /home/jose/catkin_ws/build/parrot_arsdk/arsdk/src/ARSDKBuildUtils/out/arsdk-native/build/libARDiscovery/obj/Sources/ARDISCOVERY_Connection.c.o
 .debug_aranges
                0x00000000000000c0       0x90 /home/jose/catkin_ws/build/parrot_arsdk/arsdk/src/ARSDKBuildUtils/out/arsdk-native/build/libARDiscovery/obj/Sources/ARDISCOVERY_Discovery.c.o
 .debug_aranges
                0x0000000000000150      0x140 /home/jose/catkin_ws/build/parrot_arsdk/arsdk/src/ARSDKBuildUtils/out/arsdk-native/build/libARDiscovery/obj/Sources/ARDISCOVERY_Device.c.o
 .debug_aranges
                0x0000000000000290       0xa0 /home/jose/catkin_ws/build/parrot_arsdk/arsdk/src/ARSDKBuildUtils/out/arsdk-native/build/libARDiscovery/obj/Sources/ARDISCOVERY_MuxDiscovery.c.o
 .debug_aranges
                0x0000000000000330      0x1b0 /home/jose/catkin_ws/build/parrot_arsdk/arsdk/src/ARSDKBuildUtils/out/arsdk-native/build/libARDiscovery/obj/Sources/Wifi/ARDISCOVERY_DEVICE_Wifi.c.o
 .debug_aranges
                0x00000000000004e0       0xa0 /home/jose/catkin_ws/build/parrot_arsdk/arsdk/src/ARSDKBuildUtils/out/arsdk-native/build/libARDiscovery/obj/Sources/BLE/ARDISCOVERY_DEVICE_Ble.c.o
 .debug_aranges
                0x0000000000000580       0xe0 /home/jose/catkin_ws/build/parrot_arsdk/arsdk/src/ARSDKBuildUtils/out/arsdk-native/build/libARDiscovery/obj/Sources/Usb/ARDISCOVERY_DEVICE_Usb.c.o
 .debug_aranges
                0x0000000000000660       0x30 /home/jose/catkin_ws/build/parrot_arsdk/arsdk/src/ARSDKBuildUtils/out/arsdk-native/build/libARDiscovery/obj/gen/Sources/ARDISCOVERY_Error.c.o
 .debug_aranges
                0x0000000000000690      0x130 /home/jose/catkin_ws/build/parrot_arsdk/arsdk/src/ARSDKBuildUtils/out/arsdk-native/build/libARDiscovery/obj/Sources/ARDISCOVERY_AvahiDiscovery.c.o

.debug_pubnames
 *(.debug_pubnames)

.debug_info     0x0000000000000000     0xfa92
 *(.debug_info .gnu.linkonce.wi.*)
 .debug_info    0x0000000000000000     0x2d80 /home/jose/catkin_ws/build/parrot_arsdk/arsdk/src/ARSDKBuildUtils/out/arsdk-native/build/libARDiscovery/obj/Sources/ARDISCOVERY_Connection.c.o
 .debug_info    0x0000000000002d80      0xb9a /home/jose/catkin_ws/build/parrot_arsdk/arsdk/src/ARSDKBuildUtils/out/arsdk-native/build/libARDiscovery/obj/Sources/ARDISCOVERY_Discovery.c.o
 .debug_info    0x000000000000391a     0x1ce3 /home/jose/catkin_ws/build/parrot_arsdk/arsdk/src/ARSDKBuildUtils/out/arsdk-native/build/libARDiscovery/obj/Sources/ARDISCOVERY_Device.c.o
 .debug_info    0x00000000000055fd     0x1ad7 /home/jose/catkin_ws/build/parrot_arsdk/arsdk/src/ARSDKBuildUtils/out/arsdk-native/build/libARDiscovery/obj/Sources/ARDISCOVERY_MuxDiscovery.c.o
 .debug_info    0x00000000000070d4     0x2adf /home/jose/catkin_ws/build/parrot_arsdk/arsdk/src/ARSDKBuildUtils/out/arsdk-native/build/libARDiscovery/obj/Sources/Wifi/ARDISCOVERY_DEVICE_Wifi.c.o
 .debug_info    0x0000000000009bb3     0x16d1 /home/jose/catkin_ws/build/parrot_arsdk/arsdk/src/ARSDKBuildUtils/out/arsdk-native/build/libARDiscovery/obj/Sources/BLE/ARDISCOVERY_DEVICE_Ble.c.o
 .debug_info    0x000000000000b284     0x1e5b /home/jose/catkin_ws/build/parrot_arsdk/arsdk/src/ARSDKBuildUtils/out/arsdk-native/build/libARDiscovery/obj/Sources/Usb/ARDISCOVERY_DEVICE_Usb.c.o
 .debug_info    0x000000000000d0df      0x1b2 /home/jose/catkin_ws/build/parrot_arsdk/arsdk/src/ARSDKBuildUtils/out/arsdk-native/build/libARDiscovery/obj/gen/Sources/ARDISCOVERY_Error.c.o
 .debug_info    0x000000000000d291     0x2801 /home/jose/catkin_ws/build/parrot_arsdk/arsdk/src/ARSDKBuildUtils/out/arsdk-native/build/libARDiscovery/obj/Sources/ARDISCOVERY_AvahiDiscovery.c.o

.debug_abbrev   0x0000000000000000     0x1f95
 *(.debug_abbrev)
 .debug_abbrev  0x0000000000000000      0x4c2 /home/jose/catkin_ws/build/parrot_arsdk/arsdk/src/ARSDKBuildUtils/out/arsdk-native/build/libARDiscovery/obj/Sources/ARDISCOVERY_Connection.c.o
 .debug_abbrev  0x00000000000004c2      0x2e5 /home/jose/catkin_ws/build/parrot_arsdk/arsdk/src/ARSDKBuildUtils/out/arsdk-native/build/libARDiscovery/obj/Sources/ARDISCOVERY_Discovery.c.o
 .debug_abbrev  0x00000000000007a7      0x2fb /home/jose/catkin_ws/build/parrot_arsdk/arsdk/src/ARSDKBuildUtils/out/arsdk-native/build/libARDiscovery/obj/Sources/ARDISCOVERY_Device.c.o
 .debug_abbrev  0x0000000000000aa2      0x3e3 /home/jose/catkin_ws/build/parrot_arsdk/arsdk/src/ARSDKBuildUtils/out/arsdk-native/build/libARDiscovery/obj/Sources/ARDISCOVERY_MuxDiscovery.c.o
 .debug_abbrev  0x0000000000000e85      0x40f /home/jose/catkin_ws/build/parrot_arsdk/arsdk/src/ARSDKBuildUtils/out/arsdk-native/build/libARDiscovery/obj/Sources/Wifi/ARDISCOVERY_DEVICE_Wifi.c.o
 .debug_abbrev  0x0000000000001294      0x339 /home/jose/catkin_ws/build/parrot_arsdk/arsdk/src/ARSDKBuildUtils/out/arsdk-native/build/libARDiscovery/obj/Sources/BLE/ARDISCOVERY_DEVICE_Ble.c.o
 .debug_abbrev  0x00000000000015cd      0x3e0 /home/jose/catkin_ws/build/parrot_arsdk/arsdk/src/ARSDKBuildUtils/out/arsdk-native/build/libARDiscovery/obj/Sources/Usb/ARDISCOVERY_DEVICE_Usb.c.o
 .debug_abbrev  0x00000000000019ad       0xa0 /home/jose/catkin_ws/build/parrot_arsdk/arsdk/src/ARSDKBuildUtils/out/arsdk-native/build/libARDiscovery/obj/gen/Sources/ARDISCOVERY_Error.c.o
 .debug_abbrev  0x0000000000001a4d      0x548 /home/jose/catkin_ws/build/parrot_arsdk/arsdk/src/ARSDKBuildUtils/out/arsdk-native/build/libARDiscovery/obj/Sources/ARDISCOVERY_AvahiDiscovery.c.o

.debug_line     0x0000000000000000     0x64aa
 *(.debug_line .debug_line.* .debug_line_end)
 .debug_line    0x0000000000000000     0x1254 /home/jose/catkin_ws/build/parrot_arsdk/arsdk/src/ARSDKBuildUtils/out/arsdk-native/build/libARDiscovery/obj/Sources/ARDISCOVERY_Connection.c.o
 .debug_line    0x0000000000001254      0x519 /home/jose/catkin_ws/build/parrot_arsdk/arsdk/src/ARSDKBuildUtils/out/arsdk-native/build/libARDiscovery/obj/Sources/ARDISCOVERY_Discovery.c.o
 .debug_line    0x000000000000176d      0xc8e /home/jose/catkin_ws/build/parrot_arsdk/arsdk/src/ARSDKBuildUtils/out/arsdk-native/build/libARDiscovery/obj/Sources/ARDISCOVERY_Device.c.o
 .debug_line    0x00000000000023fb      0x741 /home/jose/catkin_ws/build/parrot_arsdk/arsdk/src/ARSDKBuildUtils/out/arsdk-native/build/libARDiscovery/obj/Sources/ARDISCOVERY_MuxDiscovery.c.o
 .debug_line    0x0000000000002b3c     0x13fd /home/jose/catkin_ws/build/parrot_arsdk/arsdk/src/ARSDKBuildUtils/out/arsdk-native/build/libARDiscovery/obj/Sources/Wifi/ARDISCOVERY_DEVICE_Wifi.c.o
 .debug_line    0x0000000000003f39      0x8d5 /home/jose/catkin_ws/build/parrot_arsdk/arsdk/src/ARSDKBuildUtils/out/arsdk-native/build/libARDiscovery/obj/Sources/BLE/ARDISCOVERY_DEVICE_Ble.c.o
 .debug_line    0x000000000000480e      0xb49 /home/jose/catkin_ws/build/parrot_arsdk/arsdk/src/ARSDKBuildUtils/out/arsdk-native/build/libARDiscovery/obj/Sources/Usb/ARDISCOVERY_DEVICE_Usb.c.o
 .debug_line    0x0000000000005357      0x21d /home/jose/catkin_ws/build/parrot_arsdk/arsdk/src/ARSDKBuildUtils/out/arsdk-native/build/libARDiscovery/obj/gen/Sources/ARDISCOVERY_Error.c.o
 .debug_line    0x0000000000005574      0xf36 /home/jose/catkin_ws/build/parrot_arsdk/arsdk/src/ARSDKBuildUtils/out/arsdk-native/build/libARDiscovery/obj/Sources/ARDISCOVERY_AvahiDiscovery.c.o

.debug_frame
 *(.debug_frame)

.debug_str      0x0000000000000000     0x48e5
 *(.debug_str)
 .debug_str     0x0000000000000000     0x10cc /home/jose/catkin_ws/build/parrot_arsdk/arsdk/src/ARSDKBuildUtils/out/arsdk-native/build/libARDiscovery/obj/Sources/ARDISCOVERY_Connection.c.o
                                       0x11de (size before relaxing)
 .debug_str     0x00000000000010cc      0x5fc /home/jose/catkin_ws/build/parrot_arsdk/arsdk/src/ARSDKBuildUtils/out/arsdk-native/build/libARDiscovery/obj/Sources/ARDISCOVERY_Discovery.c.o
                                        0xaac (size before relaxing)
 .debug_str     0x00000000000016c8     0x154d /home/jose/catkin_ws/build/parrot_arsdk/arsdk/src/ARSDKBuildUtils/out/arsdk-native/build/libARDiscovery/obj/Sources/ARDISCOVERY_Device.c.o
                                       0x2300 (size before relaxing)
 .debug_str     0x0000000000002c15      0x3da /home/jose/catkin_ws/build/parrot_arsdk/arsdk/src/ARSDKBuildUtils/out/arsdk-native/build/libARDiscovery/obj/Sources/ARDISCOVERY_MuxDiscovery.c.o
                                        0x8fe (size before relaxing)
 .debug_str     0x0000000000002fef      0x8f4 /home/jose/catkin_ws/build/parrot_arsdk/arsdk/src/ARSDKBuildUtils/out/arsdk-native/build/libARDiscovery/obj/Sources/Wifi/ARDISCOVERY_DEVICE_Wifi.c.o
                                       0x27d4 (size before relaxing)
 .debug_str     0x00000000000038e3      0x204 /home/jose/catkin_ws/build/parrot_arsdk/arsdk/src/ARSDKBuildUtils/out/arsdk-native/build/libARDiscovery/obj/Sources/BLE/ARDISCOVERY_DEVICE_Ble.c.o
                                       0x218d (size before relaxing)
 .debug_str     0x0000000000003ae7      0x2a6 /home/jose/catkin_ws/build/parrot_arsdk/arsdk/src/ARSDKBuildUtils/out/arsdk-native/build/libARDiscovery/obj/Sources/Usb/ARDISCOVERY_DEVICE_Usb.c.o
                                       0x22ed (size before relaxing)
 .debug_str     0x0000000000003d8d       0x38 /home/jose/catkin_ws/build/parrot_arsdk/arsdk/src/ARSDKBuildUtils/out/arsdk-native/build/libARDiscovery/obj/gen/Sources/ARDISCOVERY_Error.c.o
                                        0x641 (size before relaxing)
 .debug_str     0x0000000000003dc5      0xb20 /home/jose/catkin_ws/build/parrot_arsdk/arsdk/src/ARSDKBuildUtils/out/arsdk-native/build/libARDiscovery/obj/Sources/ARDISCOVERY_AvahiDiscovery.c.o
                                       0x1568 (size before relaxing)

.debug_loc      0x0000000000000000     0xdd49
 *(.debug_loc)
 .debug_loc     0x0000000000000000     0x2bc0 /home/jose/catkin_ws/build/parrot_arsdk/arsdk/src/ARSDKBuildUtils/out/arsdk-native/build/libARDiscovery/obj/Sources/ARDISCOVERY_Connection.c.o
 .debug_loc     0x0000000000002bc0      0x922 /home/jose/catkin_ws/build/parrot_arsdk/arsdk/src/ARSDKBuildUtils/out/arsdk-native/build/libARDiscovery/obj/Sources/ARDISCOVERY_Discovery.c.o
 .debug_loc     0x00000000000034e2     0x139b /home/jose/catkin_ws/build/parrot_arsdk/arsdk/src/ARSDKBuildUtils/out/arsdk-native/build/libARDiscovery/obj/Sources/ARDISCOVERY_Device.c.o
 .debug_loc     0x000000000000487d     0x1a45 /home/jose/catkin_ws/build/parrot_arsdk/arsdk/src/ARSDKBuildUtils/out/arsdk-native/build/libARDiscovery/obj/Sources/ARDISCOVERY_MuxDiscovery.c.o
 .debug_loc     0x00000000000062c2     0x2c6f /home/jose/catkin_ws/build/parrot_arsdk/arsdk/src/ARSDKBuildUtils/out/arsdk-native/build/libARDiscovery/obj/Sources/Wifi/ARDISCOVERY_DEVICE_Wifi.c.o
 .debug_loc     0x0000000000008f31      0xbee /home/jose/catkin_ws/build/parrot_arsdk/arsdk/src/ARSDKBuildUtils/out/arsdk-native/build/libARDiscovery/obj/Sources/BLE/ARDISCOVERY_DEVICE_Ble.c.o
 .debug_loc     0x0000000000009b1f     0x154d /home/jose/catkin_ws/build/parrot_arsdk/arsdk/src/ARSDKBuildUtils/out/arsdk-native/build/libARDiscovery/obj/Sources/Usb/ARDISCOVERY_DEVICE_Usb.c.o
 .debug_loc     0x000000000000b06c       0xc4 /home/jose/catkin_ws/build/parrot_arsdk/arsdk/src/ARSDKBuildUtils/out/arsdk-native/build/libARDiscovery/obj/gen/Sources/ARDISCOVERY_Error.c.o
 .debug_loc     0x000000000000b130     0x2c19 /home/jose/catkin_ws/build/parrot_arsdk/arsdk/src/ARSDKBuildUtils/out/arsdk-native/build/libARDiscovery/obj/Sources/ARDISCOVERY_AvahiDiscovery.c.o

.debug_macinfo
 *(.debug_macinfo)

.debug_weaknames
 *(.debug_weaknames)

.debug_funcnames
 *(.debug_funcnames)

.debug_typenames
 *(.debug_typenames)

.debug_varnames
 *(.debug_varnames)

.debug_pubtypes
 *(.debug_pubtypes)

.debug_ranges   0x0000000000000000     0x1760
 *(.debug_ranges)
 .debug_ranges  0x0000000000000000      0x8e0 /home/jose/catkin_ws/build/parrot_arsdk/arsdk/src/ARSDKBuildUtils/out/arsdk-native/build/libARDiscovery/obj/Sources/ARDISCOVERY_Connection.c.o
 .debug_ranges  0x00000000000008e0      0x120 /home/jose/catkin_ws/build/parrot_arsdk/arsdk/src/ARSDKBuildUtils/out/arsdk-native/build/libARDiscovery/obj/Sources/ARDISCOVERY_Discovery.c.o
 .debug_ranges  0x0000000000000a00      0x130 /home/jose/catkin_ws/build/parrot_arsdk/arsdk/src/ARSDKBuildUtils/out/arsdk-native/build/libARDiscovery/obj/Sources/ARDISCOVERY_Device.c.o
 .debug_ranges  0x0000000000000b30      0x280 /home/jose/catkin_ws/build/parrot_arsdk/arsdk/src/ARSDKBuildUtils/out/arsdk-native/build/libARDiscovery/obj/Sources/ARDISCOVERY_MuxDiscovery.c.o
 .debug_ranges  0x0000000000000db0      0x4a0 /home/jose/catkin_ws/build/parrot_arsdk/arsdk/src/ARSDKBuildUtils/out/arsdk-native/build/libARDiscovery/obj/Sources/Wifi/ARDISCOVERY_DEVICE_Wifi.c.o
 .debug_ranges  0x0000000000001250      0x110 /home/jose/catkin_ws/build/parrot_arsdk/arsdk/src/ARSDKBuildUtils/out/arsdk-native/build/libARDiscovery/obj/Sources/BLE/ARDISCOVERY_DEVICE_Ble.c.o
 .debug_ranges  0x0000000000001360      0x160 /home/jose/catkin_ws/build/parrot_arsdk/arsdk/src/ARSDKBuildUtils/out/arsdk-native/build/libARDiscovery/obj/Sources/Usb/ARDISCOVERY_DEVICE_Usb.c.o
 .debug_ranges  0x00000000000014c0       0x20 /home/jose/catkin_ws/build/parrot_arsdk/arsdk/src/ARSDKBuildUtils/out/arsdk-native/build/libARDiscovery/obj/gen/Sources/ARDISCOVERY_Error.c.o
 .debug_ranges  0x00000000000014e0      0x280 /home/jose/catkin_ws/build/parrot_arsdk/arsdk/src/ARSDKBuildUtils/out/arsdk-native/build/libARDiscovery/obj/Sources/ARDISCOVERY_AvahiDiscovery.c.o

.debug_macro
 *(.debug_macro)

.debug_addr
 *(.debug_addr)

.gnu.attributes
 *(.gnu.attributes)

/DISCARD/
 *(.note.GNU-stack)
 *(.gnu_debuglink)
 *(.gnu.lto_*)
OUTPUT(out/arsdk-native/build/libARDiscovery/libardiscovery.so elf64-x86-64)
