
Merging program properties


As-needed library included to satisfy reference by file (symbol)

libarsal.so                   /home/jose/catkin_ws/build/parrot_arsdk/arsdk/src/ARSDKBuildUtils/out/arsdk-native/build/libARStream2/obj/src/arstream2_h264.c.o (ARSAL_Mutex_Lock)
libmux.so                     /home/jose/catkin_ws/build/parrot_arsdk/arsdk/src/ARSDKBuildUtils/out/arsdk-native/build/libARStream2/obj/src/arstream2_rtp_receiver.c.o (mux_queue_try_get_buf)
libpomp.so                    /home/jose/catkin_ws/build/parrot_arsdk/arsdk/src/ARSDKBuildUtils/out/arsdk-native/build/libARStream2/obj/src/arstream2_rtp_receiver.c.o (pomp_buffer_unref)
libarmedia.so                 /home/jose/catkin_ws/build/parrot_arsdk/arsdk/src/ARSDKBuildUtils/out/arsdk-native/build/libARStream2/obj/src/arstream2_stream_recorder.c.o (ARMEDIA_VideoEncapsuler_SetUntimedMetadata)
libm.so.6                     /home/jose/catkin_ws/build/parrot_arsdk/arsdk/src/ARSDKBuildUtils/out/arsdk-native/build/libARStream2/obj/src/arstream2_h264_parser.c.o (log@@GLIBC_2.29)
libpthread.so.0               /home/jose/catkin_ws/build/parrot_arsdk/arsdk/src/ARSDKBuildUtils/out/arsdk-native/build/libARStream2/obj/src/arstream2_stream_sender.c.o (write@@GLIBC_2.2.5)
libc.so.6                     /home/jose/catkin_ws/build/parrot_arsdk/arsdk/src/ARSDKBuildUtils/out/arsdk-native/build/libARStream2/obj/src/arstream2_rtp_receiver.c.o (socket@@GLIBC_2.2.5)

Discarded input sections

 .text          0x0000000000000000        0x0 /usr/lib/gcc/x86_64-linux-gnu/9/../../../x86_64-linux-gnu/crti.o
 .data          0x0000000000000000        0x0 /usr/lib/gcc/x86_64-linux-gnu/9/../../../x86_64-linux-gnu/crti.o
 .bss           0x0000000000000000        0x0 /usr/lib/gcc/x86_64-linux-gnu/9/../../../x86_64-linux-gnu/crti.o
 .note.GNU-stack
                0x0000000000000000        0x0 /usr/lib/gcc/x86_64-linux-gnu/9/../../../x86_64-linux-gnu/crti.o
 .data          0x0000000000000000        0x0 /usr/lib/gcc/x86_64-linux-gnu/9/crtbeginS.o
 .note.GNU-stack
                0x0000000000000000        0x0 /usr/lib/gcc/x86_64-linux-gnu/9/crtbeginS.o
 .note.gnu.property
                0x0000000000000000       0x20 /usr/lib/gcc/x86_64-linux-gnu/9/crtbeginS.o
 .text          0x0000000000000000        0x0 /home/jose/catkin_ws/build/parrot_arsdk/arsdk/src/ARSDKBuildUtils/out/arsdk-native/build/libARStream2/obj/gen/Sources/arstream2_error.c.o
 .data          0x0000000000000000        0x0 /home/jose/catkin_ws/build/parrot_arsdk/arsdk/src/ARSDKBuildUtils/out/arsdk-native/build/libARStream2/obj/gen/Sources/arstream2_error.c.o
 .bss           0x0000000000000000        0x0 /home/jose/catkin_ws/build/parrot_arsdk/arsdk/src/ARSDKBuildUtils/out/arsdk-native/build/libARStream2/obj/gen/Sources/arstream2_error.c.o
 .note.GNU-stack
                0x0000000000000000        0x0 /home/jose/catkin_ws/build/parrot_arsdk/arsdk/src/ARSDKBuildUtils/out/arsdk-native/build/libARStream2/obj/gen/Sources/arstream2_error.c.o
 .note.gnu.property
                0x0000000000000000       0x20 /home/jose/catkin_ws/build/parrot_arsdk/arsdk/src/ARSDKBuildUtils/out/arsdk-native/build/libARStream2/obj/gen/Sources/arstream2_error.c.o
 .text          0x0000000000000000        0x0 /home/jose/catkin_ws/build/parrot_arsdk/arsdk/src/ARSDKBuildUtils/out/arsdk-native/build/libARStream2/obj/src/arstream2_h264_filter.c.o
 .data          0x0000000000000000        0x0 /home/jose/catkin_ws/build/parrot_arsdk/arsdk/src/ARSDKBuildUtils/out/arsdk-native/build/libARStream2/obj/src/arstream2_h264_filter.c.o
 .bss           0x0000000000000000        0x0 /home/jose/catkin_ws/build/parrot_arsdk/arsdk/src/ARSDKBuildUtils/out/arsdk-native/build/libARStream2/obj/src/arstream2_h264_filter.c.o
 .note.GNU-stack
                0x0000000000000000        0x0 /home/jose/catkin_ws/build/parrot_arsdk/arsdk/src/ARSDKBuildUtils/out/arsdk-native/build/libARStream2/obj/src/arstream2_h264_filter.c.o
 .note.gnu.property
                0x0000000000000000       0x20 /home/jose/catkin_ws/build/parrot_arsdk/arsdk/src/ARSDKBuildUtils/out/arsdk-native/build/libARStream2/obj/src/arstream2_h264_filter.c.o
 .text          0x0000000000000000        0x0 /home/jose/catkin_ws/build/parrot_arsdk/arsdk/src/ARSDKBuildUtils/out/arsdk-native/build/libARStream2/obj/src/arstream2_h264_filter_error.c.o
 .data          0x0000000000000000        0x0 /home/jose/catkin_ws/build/parrot_arsdk/arsdk/src/ARSDKBuildUtils/out/arsdk-native/build/libARStream2/obj/src/arstream2_h264_filter_error.c.o
 .bss           0x0000000000000000        0x0 /home/jose/catkin_ws/build/parrot_arsdk/arsdk/src/ARSDKBuildUtils/out/arsdk-native/build/libARStream2/obj/src/arstream2_h264_filter_error.c.o
 .note.GNU-stack
                0x0000000000000000        0x0 /home/jose/catkin_ws/build/parrot_arsdk/arsdk/src/ARSDKBuildUtils/out/arsdk-native/build/libARStream2/obj/src/arstream2_h264_filter_error.c.o
 .note.gnu.property
[...]
Memory Configuration

Name             Origin             Length             Attributes
*default*        0x0000000000000000 0xffffffffffffffff

Linker script and memory map

LOAD /usr/lib/gcc/x86_64-linux-gnu/9/../../../x86_64-linux-gnu/crti.o
LOAD /usr/lib/gcc/x86_64-linux-gnu/9/crtbeginS.o
LOAD /home/jose/catkin_ws/build/parrot_arsdk/arsdk/src/ARSDKBuildUtils/out/arsdk-native/build/libARStream2/obj/gen/Sources/arstream2_error.c.o
LOAD /home/jose/catkin_ws/build/parrot_arsdk/arsdk/src/ARSDKBuildUtils/out/arsdk-native/build/libARStream2/obj/src/arstream2_h264_filter.c.o
LOAD /home/jose/catkin_ws/build/parrot_arsdk/arsdk/src/ARSDKBuildUtils/out/arsdk-native/build/libARStream2/obj/src/arstream2_h264_filter_error.c.o
LOAD /home/jose/catkin_ws/build/parrot_arsdk/arsdk/src/ARSDKBuildUtils/out/arsdk-native/build/libARStream2/obj/src/arstream2_h264_parser.c.o
LOAD /home/jose/catkin_ws/build/parrot_arsdk/arsdk/src/ARSDKBuildUtils/out/arsdk-native/build/libARStream2/obj/src/arstream2_h264_sei.c.o
LOAD /home/jose/catkin_ws/build/parrot_arsdk/arsdk/src/ARSDKBuildUtils/out/arsdk-native/build/libARStream2/obj/src/arstream2_h264_writer.c.o
LOAD /home/jose/catkin_ws/build/parrot_arsdk/arsdk/src/ARSDKBuildUtils/out/arsdk-native/build/libARStream2/obj/src/arstream2_h264.c.o
LOAD /home/jose/catkin_ws/build/parrot_arsdk/arsdk/src/ARSDKBuildUtils/out/arsdk-native/build/libARStream2/obj/src/arstream2_rtp_receiver.c.o
LOAD /home/jose/catkin_ws/build/parrot_arsdk/arsdk/src/ARSDKBuildUtils/out/arsdk-native/build/libARStream2/obj/src/arstream2_rtp_sender.c.o
LOAD /home/jose/catkin_ws/build/parrot_arsdk/arsdk/src/ARSDKBuildUtils/out/arsdk-native/build/libARStream2/obj/src/arstream2_rtp.c.o
LOAD /home/jose/catkin_ws/build/parrot_arsdk/arsdk/src/ARSDKBuildUtils/out/arsdk-native/build/libARStream2/obj/src/arstream2_rtp_h264.c.o
LOAD /home/jose/catkin_ws/build/parrot_arsdk/arsdk/src/ARSDKBuildUtils/out/arsdk-native/build/libARStream2/obj/src/arstream2_rtcp.c.o
LOAD /home/jose/catkin_ws/build/parrot_arsdk/arsdk/src/ARSDKBuildUtils/out/arsdk-native/build/libARStream2/obj/src/arstream2_stream_recorder.c.o
LOAD /home/jose/catkin_ws/build/parrot_arsdk/arsdk/src/ARSDKBuildUtils/out/arsdk-native/build/libARStream2/obj/src/arstream2_stream_stats.c.o
LOAD /home/jose/catkin_ws/build/parrot_arsdk/arsdk/src/ARSDKBuildUtils/out/arsdk-native/build/libARStream2/obj/src/arstream2_stream_sender.c.o
LOAD /home/jose/catkin_ws/build/parrot_arsdk/arsdk/src/ARSDKBuildUtils/out/arsdk-native/build/libARStream2/obj/src/arstream2_stream_receiver.c.o
LOAD /home/jose/catkin_ws/build/parrot_arsdk/arsdk/src/ARSDKBuildUtils/out/arsdk-native/staging/usr/lib/libarsal.so
LOAD /home/jose/catkin_ws/build/parrot_arsdk/arsdk/src/ARSDKBuildUtils/out/arsdk-native/staging/usr/lib/libmux.so
LOAD /home/jose/catkin_ws/build/parrot_arsdk/arsdk/src/ARSDKBuildUtils/out/arsdk-native/staging/usr/lib/libpomp.so
LOAD /home/jose/catkin_ws/build/parrot_arsdk/arsdk/src/ARSDKBuildUtils/out/arsdk-native/staging/usr/lib/libarmedia.so
LOAD /usr/lib/gcc/x86_64-linux-gnu/9/../../../x86_64-linux-gnu/librt.so
LOAD /usr/lib/gcc/x86_64-linux-gnu/9/libstdc++.so
LOAD /usr/lib/gcc/x86_64-linux-gnu/9/../../../x86_64-linux-gnu/libm.so
START GROUP
LOAD /lib/x86_64-linux-gnu/libm.so.6
LOAD /lib/x86_64-linux-gnu/libmvec.so.1
END GROUP
LOAD /usr/lib/gcc/x86_64-linux-gnu/9/libgcc_s.so
START GROUP
LOAD /usr/lib/gcc/x86_64-linux-gnu/9/../../../x86_64-linux-gnu/libgcc_s.so.1
LOAD /usr/lib/gcc/x86_64-linux-gnu/9/libgcc.a
END GROUP
LOAD /usr/lib/gcc/x86_64-linux-gnu/9/../../../x86_64-linux-gnu/libpthread.so
LOAD /usr/lib/gcc/x86_64-linux-gnu/9/../../../x86_64-linux-gnu/libc.so
START GROUP
LOAD /lib/x86_64-linux-gnu/libc.so.6
LOAD /usr/lib/x86_64-linux-gnu/libc_nonshared.a
LOAD /lib/x86_64-linux-gnu/ld-linux-x86-64.so.2
END GROUP
LOAD /usr/lib/gcc/x86_64-linux-gnu/9/libgcc_s.so
START GROUP
LOAD /usr/lib/gcc/x86_64-linux-gnu/9/../../../x86_64-linux-gnu/libgcc_s.so.1
LOAD /usr/lib/gcc/x86_64-linux-gnu/9/libgcc.a
END GROUP
LOAD /usr/lib/gcc/x86_64-linux-gnu/9/crtendS.o
LOAD /usr/lib/gcc/x86_64-linux-gnu/9/../../../x86_64-linux-gnu/crtn.o
                0x00000000000002a8                . = (SEGMENT_START ("text-segment", 0x0) + SIZEOF_HEADERS)

.note.gnu.property
                0x00000000000002a8       0x20
 .note.gnu.property
                0x00000000000002a8       0x20 /usr/lib/gcc/x86_64-linux-gnu/9/../../../x86_64-linux-gnu/crti.o

.note.gnu.build-id
                0x00000000000002c8       0x24
 *(.note.gnu.build-id)
 .note.gnu.build-id
                0x00000000000002c8       0x24 /usr/lib/gcc/x86_64-linux-gnu/9/../../../x86_64-linux-gnu/crti.o

.hash
 *(.hash)

.gnu.hash       0x00000000000002f0      0x598
 *(.gnu.hash)
 .gnu.hash      0x00000000000002f0      0x598 /usr/lib/gcc/x86_64-linux-gnu/9/../../../x86_64-linux-gnu/crti.o

.dynsym         0x0000000000000888     0x1ab8
 *(.dynsym)
 .dynsym        0x0000000000000888     0x1ab8 /usr/lib/gcc/x86_64-linux-gnu/9/../../../x86_64-linux-gnu/crti.o

.dynstr         0x0000000000002340     0x20ce
 *(.dynstr)
 .dynstr        0x0000000000002340     0x20ce /usr/lib/gcc/x86_64-linux-gnu/9/../../../x86_64-linux-gnu/crti.o

.gnu.version    0x000000000000440e      0x23a
 *(.gnu.version)
 .gnu.version   0x000000000000440e      0x23a /usr/lib/gcc/x86_64-linux-gnu/9/../../../x86_64-linux-gnu/crti.o

.gnu.version_d  0x0000000000004648        0x0
 *(.gnu.version_d)
 .gnu.version_d
                0x0000000000004648        0x0 /usr/lib/gcc/x86_64-linux-gnu/9/../../../x86_64-linux-gnu/crti.o

.gnu.version_r  0x0000000000004648       0xd0
 *(.gnu.version_r)
 .gnu.version_r
                0x0000000000004648       0xd0 /usr/lib/gcc/x86_64-linux-gnu/9/../../../x86_64-linux-gnu/crti.o

.rela.dyn       0x0000000000004718      0x558
 *(.rela.init)
 *(.rela.text .rela.text.* .rela.gnu.linkonce.t.*)
 .rela.text     0x0000000000004718        0x0 /usr/lib/gcc/x86_64-linux-gnu/9/../../../x86_64-linux-gnu/crti.o
 *(.rela.fini)
 *(.rela.rodata .rela.rodata.* .rela.gnu.linkonce.r.*)
 *(.rela.data .rela.data.* .rela.gnu.linkonce.d.*)
 .rela.data.rel.local
                0x0000000000004718       0x18 /usr/lib/gcc/x86_64-linux-gnu/9/../../../x86_64-linux-gnu/crti.o
 .rela.data.rel.ro.local
                0x0000000000004730      0x498 /usr/lib/gcc/x86_64-linux-gnu/9/../../../x86_64-linux-gnu/crti.o
 *(.rela.tdata .rela.tdata.* .rela.gnu.linkonce.td.*)
 *(.rela.tbss .rela.tbss.* .rela.gnu.linkonce.tb.*)
 *(.rela.ctors)
 *(.rela.dtors)
 *(.rela.got)
 .rela.got      0x0000000000004bc8       0x78 /usr/lib/gcc/x86_64-linux-gnu/9/../../../x86_64-linux-gnu/crti.o
 *(.rela.bss .rela.bss.* .rela.gnu.linkonce.b.*)
 *(.rela.ldata .rela.ldata.* .rela.gnu.linkonce.l.*)
 *(.rela.lbss .rela.lbss.* .rela.gnu.linkonce.lb.*)
 *(.rela.lrodata .rela.lrodata.* .rela.gnu.linkonce.lr.*)
 *(.rela.ifunc)
 .rela.ifunc    0x0000000000004c40        0x0 /usr/lib/gcc/x86_64-linux-gnu/9/../../../x86_64-linux-gnu/crti.o
 .rela.fini_array
                0x0000000000004c40       0x18 /usr/lib/gcc/x86_64-linux-gnu/9/../../../x86_64-linux-gnu/crti.o
 .rela.init_array
                0x0000000000004c58       0x18 /usr/lib/gcc/x86_64-linux-gnu/9/../../../x86_64-linux-gnu/crti.o

.rela.plt       0x0000000000004c70     0x1698
 *(.rela.plt)
 .rela.plt      0x0000000000004c70     0x1698 /usr/lib/gcc/x86_64-linux-gnu/9/../../../x86_64-linux-gnu/crti.o
 *(.rela.iplt)
                0x0000000000007000                . = ALIGN (CONSTANT (MAXPAGESIZE))

.init           0x0000000000007000       0x1b
 *(SORT_NONE(.init))
 .init          0x0000000000007000       0x16 /usr/lib/gcc/x86_64-linux-gnu/9/../../../x86_64-linux-gnu/crti.o
                0x0000000000007000                _init
 .init          0x0000000000007016        0x5 /usr/lib/gcc/x86_64-linux-gnu/9/../../../x86_64-linux-gnu/crtn.o

.plt            0x0000000000007020      0xf20
 *(.plt)
 .plt           0x0000000000007020      0xf20 /usr/lib/gcc/x86_64-linux-gnu/9/../../../x86_64-linux-gnu/crti.o
 *(.iplt)

.plt.got        0x0000000000007f40       0x10
 *(.plt.got)
 .plt.got       0x0000000000007f40       0x10 /usr/lib/gcc/x86_64-linux-gnu/9/../../../x86_64-linux-gnu/crti.o

.plt.sec        0x0000000000007f50      0xf10
 *(.plt.sec)
 .plt.sec       0x0000000000007f50      0xf10 /usr/lib/gcc/x86_64-linux-gnu/9/../../../x86_64-linux-gnu/crti.o

.text           0x0000000000008e60    0x3e391
 *(.text.unlikely .text.*_unlikely .text.unlikely.*)
 *(.text.exit .text.exit.*)
 *(.text.startup .text.startup.*)
 *(.text.hot .text.hot.*)
 *(SORT_BY_NAME(.text.sorted.*))
 *(.text .stub .text.* .gnu.linkonce.t.*)
 .text          0x0000000000008e60       0xb9 /usr/lib/gcc/x86_64-linux-gnu/9/crtbeginS.o
 *fill*         0x0000000000008f19        0x7 
 .text.ARSTREAM2_Error_ToString
                0x0000000000008f20       0xd0 /home/jose/catkin_ws/build/parrot_arsdk/arsdk/src/ARSDKBuildUtils/out/arsdk-native/build/libARStream2/obj/gen/Sources/arstream2_error.c.o
                0x0000000000008f20                ARSTREAM2_Error_ToString
 .text.ARSTREAM2_H264Filter_FillSliceMbStatus
                0x0000000000008ff0       0x76 /home/jose/catkin_ws/build/parrot_arsdk/arsdk/src/ARSDKBuildUtils/out/arsdk-native/build/libARStream2/obj/src/arstream2_h264_filter.c.o
 *fill*         0x0000000000009066        0xa 
 .text.ARSTREAM2_H264Filter_ResetAu
                0x0000000000009070       0xb3 /home/jose/catkin_ws/build/parrot_arsdk/arsdk/src/ARSDKBuildUtils/out/arsdk-native/build/libARStream2/obj/src/arstream2_h264_filter.c.o
                0x0000000000009070                ARSTREAM2_H264Filter_ResetAu
 *fill*         0x0000000000009123        0xd 
 .text.ARSTREAM2_H264Filter_ProcessAu
                0x0000000000009130     0x1395 /home/jose/catkin_ws/build/parrot_arsdk/arsdk/src/ARSDKBuildUtils/out/arsdk-native/build/libARStream2/obj/src/arstream2_h264_filter.c.o
                0x0000000000009130                ARSTREAM2_H264Filter_ProcessAu
 *fill*         0x000000000000a4c5        0xb 
 .text.ARSTREAM2_H264Filter_GetSpsPps
                0x000000000000a4d0       0xe7 /home/jose/catkin_ws/build/parrot_arsdk/arsdk/src/ARSDKBuildUtils/out/arsdk-native/build/libARStream2/obj/src/arstream2_h264_filter.c.o
                0x000000000000a4d0                ARSTREAM2_H264Filter_GetSpsPps
 *fill*         0x000000000000a5b7        0x9 
 .text.ARSTREAM2_H264Filter_GetVideoParams
                0x000000000000a5c0       0x6e /home/jose/catkin_ws/build/parrot_arsdk/arsdk/src/ARSDKBuildUtils/out/arsdk-native/build/libARStream2/obj/src/arstream2_h264_filter.c.o
                0x000000000000a5c0                ARSTREAM2_H264Filter_GetVideoParams
 *fill*         0x000000000000a62e        0x2 
 .text.ARSTREAM2_H264Filter_Init
                0x000000000000a630      0x24a /home/jose/catkin_ws/build/parrot_arsdk/arsdk/src/ARSDKBuildUtils/out/arsdk-native/build/libARStream2/obj/src/arstream2_h264_filter.c.o
                0x000000000000a630                ARSTREAM2_H264Filter_Init
 *fill*         0x000000000000a87a        0x6 
 .text.ARSTREAM2_H264Filter_Free
                0x000000000000a880       0x87 /home/jose/catkin_ws/build/parrot_arsdk/arsdk/src/ARSDKBuildUtils/out/arsdk-native/build/libARStream2/obj/src/arstream2_h264_filter.c.o
                0x000000000000a880                ARSTREAM2_H264Filter_Free
 *fill*         0x000000000000a907        0x9 
 .text.ARSTREAM2_H264FilterError_GenerateGrayIdrFrame
                0x000000000000a910      0x6c4 /home/jose/catkin_ws/build/parrot_arsdk/arsdk/src/ARSDKBuildUtils/out/arsdk-native/build/libARStream2/obj/src/arstream2_h264_filter_error.c.o
                0x000000000000a910                ARSTREAM2_H264FilterError_GenerateGrayIdrFrame
 *fill*         0x000000000000afd4        0xc 
 .text.ARSTREAM2_H264FilterError_HandleMissingSlices
                0x000000000000afe0      0x55f /home/jose/catkin_ws/build/parrot_arsdk/arsdk/src/ARSDKBuildUtils/out/arsdk-native/build/libARStream2/obj/src/arstream2_h264_filter_error.c.o
                0x000000000000afe0                ARSTREAM2_H264FilterError_HandleMissingSlices
 *fill*         0x000000000000b53f        0x1 
 .text.ARSTREAM2_H264FilterError_HandleMissingEndOfFrame
                0x000000000000b540      0x498 /home/jose/catkin_ws/build/parrot_arsdk/arsdk/src/ARSDKBuildUtils/out/arsdk-native/build/libARStream2/obj/src/arstream2_h264_filter_error.c.o
                0x000000000000b540                ARSTREAM2_H264FilterError_HandleMissingEndOfFrame
 *fill*         0x000000000000b9d8        0x8 
 .text.readBits
                0x000000000000b9e0      0x1d4 /home/jose/catkin_ws/build/parrot_arsdk/arsdk/src/ARSDKBuildUtils/out/arsdk-native/build/libARStream2/obj/src/arstream2_h264_parser.c.o
 *fill*         0x000000000000bbb4        0xc 
 .text.ARSTREAM2_H264Parser_ParseFillerData
                0x000000000000bbc0       0x41 /home/jose/catkin_ws/build/parrot_arsdk/arsdk/src/ARSDKBuildUtils/out/arsdk-native/build/libARStream2/obj/src/arstream2_h264_parser.c.o
 *fill*         0x000000000000bc01        0xf 
 .text.ARSTREAM2_H264Parser_StartcodeMatch_file.isra.0
                0x000000000000bc10      0x181 /home/jose/catkin_ws/build/parrot_arsdk/arsdk/src/ARSDKBuildUtils/out/arsdk-native/build/libARStream2/obj/src/arstream2_h264_parser.c.o
 *fill*         0x000000000000bd91        0xf 
 .text.ARSTREAM2_H264Parser_ParseAud
                0x000000000000bda0      0x3f5 /home/jose/catkin_ws/build/parrot_arsdk/arsdk/src/ARSDKBuildUtils/out/arsdk-native/build/libARStream2/obj/src/arstream2_h264_parser.c.o
 *fill*         0x000000000000c195        0xb 
 .text.ARSTREAM2_H264Parser_ParseScalingList
                0x000000000000c1a0      0x49b /home/jose/catkin_ws/build/parrot_arsdk/arsdk/src/ARSDKBuildUtils/out/arsdk-native/build/libARStream2/obj/src/arstream2_h264_parser.c.o
 *fill*         0x000000000000c63b        0x5 
 .text.readBits_expGolomb_ue.constprop.0
                0x000000000000c640      0x38d /home/jose/catkin_ws/build/parrot_arsdk/arsdk/src/ARSDKBuildUtils/out/arsdk-native/build/libARStream2/obj/src/arstream2_h264_parser.c.o
 *fill*         0x000000000000c9cd        0x3 
 .text.readBits_expGolomb_se.constprop.0
                0x000000000000c9d0      0x3a9 /home/jose/catkin_ws/build/parrot_arsdk/arsdk/src/ARSDKBuildUtils/out/arsdk-native/build/libARStream2/obj/src/arstream2_h264_parser.c.o
 *fill*         0x000000000000cd79        0x7 
 .text.ARSTREAM2_H264Parser_ParseSeiPayload_picTiming.isra.0
                0x000000000000cd80     0x27e0 /home/jose/catkin_ws/build/parrot_arsdk/arsdk/src/ARSDKBuildUtils/out/arsdk-native/build/libARStream2/obj/src/arstream2_h264_parser.c.o
 .text.ARSTREAM2_H264Parser_ParseSei
                0x000000000000f560     0x2c95 /home/jose/catkin_ws/build/parrot_arsdk/arsdk/src/ARSDKBuildUtils/out/arsdk-native/build/libARStream2/obj/src/arstream2_h264_parser.c.o
 *fill*         0x00000000000121f5        0xb 
 .text.ARSTREAM2_H264Parser_ParseRefPicListModification
                0x0000000000012200      0xf26 /home/jose/catkin_ws/build/parrot_arsdk/arsdk/src/ARSDKBuildUtils/out/arsdk-native/build/libARStream2/obj/src/arstream2_h264_parser.c.o
 *fill*         0x0000000000013126        0xa 
 .text.ARSTREAM2_H264Parser_ParseHrdParams
                0x0000000000013130     0x190c /home/jose/catkin_ws/build/parrot_arsdk/arsdk/src/ARSDKBuildUtils/out/arsdk-native/build/libARStream2/obj/src/arstream2_h264_parser.c.o
 *fill*         0x0000000000014a3c        0x4 
 .text.ARSTREAM2_H264Parser_ParseVui
                0x0000000000014a40     0x2cf9 /home/jose/catkin_ws/build/parrot_arsdk/arsdk/src/ARSDKBuildUtils/out/arsdk-native/build/libARStream2/obj/src/arstream2_h264_parser.c.o
 *fill*         0x0000000000017739        0x7 
 .text.ARSTREAM2_H264Parser_ParseSps
                0x0000000000017740     0x1f59 /home/jose/catkin_ws/build/parrot_arsdk/arsdk/src/ARSDKBuildUtils/out/arsdk-native/build/libARStream2/obj/src/arstream2_h264_parser.c.o
 *fill*         0x0000000000019699        0x7 
 .text.ARSTREAM2_H264Parser_ParsePps
                0x00000000000196a0     0x213b /home/jose/catkin_ws/build/parrot_arsdk/arsdk/src/ARSDKBuildUtils/out/arsdk-native/build/libARStream2/obj/src/arstream2_h264_parser.c.o
 *fill*         0x000000000001b7db        0x5 
 .text.ARSTREAM2_H264Parser_ParseSlice
                0x000000000001b7e0     0x30c6 /home/jose/catkin_ws/build/parrot_arsdk/arsdk/src/ARSDKBuildUtils/out/arsdk-native/build/libARStream2/obj/src/arstream2_h264_parser.c.o
 *fill*         0x000000000001e8a6        0xa 
 .text.ARSTREAM2_H264Parser_ParseNalu
                0x000000000001e8b0      0x2f6 /home/jose/catkin_ws/build/parrot_arsdk/arsdk/src/ARSDKBuildUtils/out/arsdk-native/build/libARStream2/obj/src/arstream2_h264_parser.c.o
                0x000000000001e8b0                ARSTREAM2_H264Parser_ParseNalu
 *fill*         0x000000000001eba6        0xa 
 .text.ARSTREAM2_H264Parser_ReadNextNalu_file
                0x000000000001ebb0      0x2f5 /home/jose/catkin_ws/build/parrot_arsdk/arsdk/src/ARSDKBuildUtils/out/arsdk-native/build/libARStream2/obj/src/arstream2_h264_parser.c.o
                0x000000000001ebb0                ARSTREAM2_H264Parser_ReadNextNalu_file
 *fill*         0x000000000001eea5        0xb 
 .text.ARSTREAM2_H264Parser_ReadNextNalu_buffer
                0x000000000001eeb0      0x25a /home/jose/catkin_ws/build/parrot_arsdk/arsdk/src/ARSDKBuildUtils/out/arsdk-native/build/libARStream2/obj/src/arstream2_h264_parser.c.o
                0x000000000001eeb0                ARSTREAM2_H264Parser_ReadNextNalu_buffer
 *fill*         0x000000000001f10a        0x6 
 .text.ARSTREAM2_H264Parser_SetupNalu_buffer
                0x000000000001f110       0x93 /home/jose/catkin_ws/build/parrot_arsdk/arsdk/src/ARSDKBuildUtils/out/arsdk-native/build/libARStream2/obj/src/arstream2_h264_parser.c.o
                0x000000000001f110                ARSTREAM2_H264Parser_SetupNalu_buffer
 *fill*         0x000000000001f1a3        0xd 
 .text.ARSTREAM2_H264Parser_GetLastNaluType
                0x000000000001f1b0       0x49 /home/jose/catkin_ws/build/parrot_arsdk/arsdk/src/ARSDKBuildUtils/out/arsdk-native/build/libARStream2/obj/src/arstream2_h264_parser.c.o
                0x000000000001f1b0                ARSTREAM2_H264Parser_GetLastNaluType
 *fill*         0x000000000001f1f9        0x7 
 .text.ARSTREAM2_H264Parser_GetSliceInfo
                0x000000000001f200       0xc9 /home/jose/catkin_ws/build/parrot_arsdk/arsdk/src/ARSDKBuildUtils/out/arsdk-native/build/libARStream2/obj/src/arstream2_h264_parser.c.o
                0x000000000001f200                ARSTREAM2_H264Parser_GetSliceInfo
 *fill*         0x000000000001f2c9        0x7 
 .text.ARSTREAM2_H264Parser_GetUserDataSeiCount
                0x000000000001f2d0       0x55 /home/jose/catkin_ws/build/parrot_arsdk/arsdk/src/ARSDKBuildUtils/out/arsdk-native/build/libARStream2/obj/src/arstream2_h264_parser.c.o
                0x000000000001f2d0                ARSTREAM2_H264Parser_GetUserDataSeiCount
 *fill*         0x000000000001f325        0xb 
 .text.ARSTREAM2_H264Parser_GetRecoveryPointSei
                0x000000000001f330       0x80 /home/jose/catkin_ws/build/parrot_arsdk/arsdk/src/ARSDKBuildUtils/out/arsdk-native/build/libARStream2/obj/src/arstream2_h264_parser.c.o
                0x000000000001f330                ARSTREAM2_H264Parser_GetRecoveryPointSei
 .text.ARSTREAM2_H264Parser_GetUserDataSei
                0x000000000001f3b0       0xdd /home/jose/catkin_ws/build/parrot_arsdk/arsdk/src/ARSDKBuildUtils/out/arsdk-native/build/libARStream2/obj/src/arstream2_h264_parser.c.o
                0x000000000001f3b0                ARSTREAM2_H264Parser_GetUserDataSei
 *fill*         0x000000000001f48d        0x3 
 .text.ARSTREAM2_H264Parser_GetSpsPpsContext
                0x000000000001f490       0x91 /home/jose/catkin_ws/build/parrot_arsdk/arsdk/src/ARSDKBuildUtils/out/arsdk-native/build/libARStream2/obj/src/arstream2_h264_parser.c.o
                0x000000000001f490                ARSTREAM2_H264Parser_GetSpsPpsContext
 *fill*         0x000000000001f521        0xf 
 .text.ARSTREAM2_H264Parser_GetSliceContext
                0x000000000001f530       0x81 /home/jose/catkin_ws/build/parrot_arsdk/arsdk/src/ARSDKBuildUtils/out/arsdk-native/build/libARStream2/obj/src/arstream2_h264_parser.c.o
                0x000000000001f530                ARSTREAM2_H264Parser_GetSliceContext
 *fill*         0x000000000001f5b1        0xf 
 .text.ARSTREAM2_H264Parser_Init
                0x000000000001f5c0       0xbd /home/jose/catkin_ws/build/parrot_arsdk/arsdk/src/ARSDKBuildUtils/out/arsdk-native/build/libARStream2/obj/src/arstream2_h264_parser.c.o
                0x000000000001f5c0                ARSTREAM2_H264Parser_Init
 *fill*         0x000000000001f67d        0x3 
 .text.ARSTREAM2_H264Parser_Free
                0x000000000001f680       0x6d /home/jose/catkin_ws/build/parrot_arsdk/arsdk/src/ARSDKBuildUtils/out/arsdk-native/build/libARStream2/obj/src/arstream2_h264_parser.c.o
                0x000000000001f680                ARSTREAM2_H264Parser_Free
 *fill*         0x000000000001f6ed        0x3 
 .text.ARSTREAM2_H264Sei_SerializeUserDataParrotStreamingV1
                0x000000000001f6f0       0x9a /home/jose/catkin_ws/build/parrot_arsdk/arsdk/src/ARSDKBuildUtils/out/arsdk-native/build/libARStream2/obj/src/arstream2_h264_sei.c.o
                0x000000000001f6f0                ARSTREAM2_H264Sei_SerializeUserDataParrotStreamingV1
 *fill*         0x000000000001f78a        0x6 
 .text.ARSTREAM2_H264Sei_DeserializeUserDataParrotStreamingV1
                0x000000000001f790       0xa4 /home/jose/catkin_ws/build/parrot_arsdk/arsdk/src/ARSDKBuildUtils/out/arsdk-native/build/libARStream2/obj/src/arstream2_h264_sei.c.o
                0x000000000001f790                ARSTREAM2_H264Sei_DeserializeUserDataParrotStreamingV1
 *fill*         0x000000000001f834        0xc 
 .text.ARSTREAM2_H264Sei_IsUserDataParrotStreamingV1
                0x000000000001f840       0x4e /home/jose/catkin_ws/build/parrot_arsdk/arsdk/src/ARSDKBuildUtils/out/arsdk-native/build/libARStream2/obj/src/arstream2_h264_sei.c.o
                0x000000000001f840                ARSTREAM2_H264Sei_IsUserDataParrotStreamingV1
 *fill*         0x000000000001f88e        0x2 
 .text.ARSTREAM2_H264Sei_SerializeUserDataParrotStreamingV2
                0x000000000001f890       0x56 /home/jose/catkin_ws/build/parrot_arsdk/arsdk/src/ARSDKBuildUtils/out/arsdk-native/build/libARStream2/obj/src/arstream2_h264_sei.c.o
                0x000000000001f890                ARSTREAM2_H264Sei_SerializeUserDataParrotStreamingV2
 *fill*         0x000000000001f8e6        0xa 
 .text.ARSTREAM2_H264Sei_DeserializeUserDataParrotStreamingV2
                0x000000000001f8f0       0x76 /home/jose/catkin_ws/build/parrot_arsdk/arsdk/src/ARSDKBuildUtils/out/arsdk-native/build/libARStream2/obj/src/arstream2_h264_sei.c.o
                0x000000000001f8f0                ARSTREAM2_H264Sei_DeserializeUserDataParrotStreamingV2
 *fill*         0x000000000001f966        0xa 
 .text.ARSTREAM2_H264Sei_IsUserDataParrotStreamingV2
                0x000000000001f970       0x4e /home/jose/catkin_ws/build/parrot_arsdk/arsdk/src/ARSDKBuildUtils/out/arsdk-native/build/libARStream2/obj/src/arstream2_h264_sei.c.o
                0x000000000001f970                ARSTREAM2_H264Sei_IsUserDataParrotStreamingV2
 *fill*         0x000000000001f9be        0x2 
 .text.writeBits
                0x000000000001f9c0      0x106 /home/jose/catkin_ws/build/parrot_arsdk/arsdk/src/ARSDKBuildUtils/out/arsdk-native/build/libARStream2/obj/src/arstream2_h264_writer.c.o
 *fill*         0x000000000001fac6        0xa 
 .text.writeBits_expGolomb_ue.constprop.0
                0x000000000001fad0      0x3fb /home/jose/catkin_ws/build/parrot_arsdk/arsdk/src/ARSDKBuildUtils/out/arsdk-native/build/libARStream2/obj/src/arstream2_h264_writer.c.o
 *fill*         0x000000000001fecb        0x5 
 .text.writeBits_expGolomb_se.constprop.0
                0x000000000001fed0      0x5b7 /home/jose/catkin_ws/build/parrot_arsdk/arsdk/src/ARSDKBuildUtils/out/arsdk-native/build/libARStream2/obj/src/arstream2_h264_writer.c.o
 *fill*         0x0000000000020487        0x9 
 .text.ARSTREAM2_H264Writer_WriteSliceHeader
                0x0000000000020490     0x36a8 /home/jose/catkin_ws/build/parrot_arsdk/arsdk/src/ARSDKBuildUtils/out/arsdk-native/build/libARStream2/obj/src/arstream2_h264_writer.c.o
 *fill*         0x0000000000023b38        0x8 
 .text.ARSTREAM2_H264Writer_WriteSeiPayload_pictureTiming
                0x0000000000023b40     0x1fef /home/jose/catkin_ws/build/parrot_arsdk/arsdk/src/ARSDKBuildUtils/out/arsdk-native/build/libARStream2/obj/src/arstream2_h264_writer.c.o
 *fill*         0x0000000000025b2f        0x1 
 .text.ARSTREAM2_H264Writer_WriteSeiNalu
                0x0000000000025b30     0x1825 /home/jose/catkin_ws/build/parrot_arsdk/arsdk/src/ARSDKBuildUtils/out/arsdk-native/build/libARStream2/obj/src/arstream2_h264_writer.c.o
                0x0000000000025b30                ARSTREAM2_H264Writer_WriteSeiNalu
 *fill*         0x0000000000027355        0xb 
 .text.ARSTREAM2_H264Writer_RewriteNonRefPSliceNalu
                0x0000000000027360      0x8a0 /home/jose/catkin_ws/build/parrot_arsdk/arsdk/src/ARSDKBuildUtils/out/arsdk-native/build/libARStream2/obj/src/arstream2_h264_writer.c.o
                0x0000000000027360                ARSTREAM2_H264Writer_RewriteNonRefPSliceNalu
 .text.ARSTREAM2_H264Writer_WriteSkippedPSliceNalu
                0x0000000000027c00      0x8e4 /home/jose/catkin_ws/build/parrot_arsdk/arsdk/src/ARSDKBuildUtils/out/arsdk-native/build/libARStream2/obj/src/arstream2_h264_writer.c.o
                0x0000000000027c00                ARSTREAM2_H264Writer_WriteSkippedPSliceNalu
 *fill*         0x00000000000284e4        0xc 
 .text.ARSTREAM2_H264Writer_WriteGrayISliceNalu
                0x00000000000284f0      0xac3 /home/jose/catkin_ws/build/parrot_arsdk/arsdk/src/ARSDKBuildUtils/out/arsdk-native/build/libARStream2/obj/src/arstream2_h264_writer.c.o
                0x00000000000284f0                ARSTREAM2_H264Writer_WriteGrayISliceNalu
 *fill*         0x0000000000028fb3        0xd 
 .text.ARSTREAM2_H264Writer_SetSpsPpsContext
                0x0000000000028fc0       0x86 /home/jose/catkin_ws/build/parrot_arsdk/arsdk/src/ARSDKBuildUtils/out/arsdk-native/build/libARStream2/obj/src/arstream2_h264_writer.c.o
                0x0000000000028fc0                ARSTREAM2_H264Writer_SetSpsPpsContext
 *fill*         0x0000000000029046        0xa 
 .text.ARSTREAM2_H264Writer_Init
                0x0000000000029050       0x4c /home/jose/catkin_ws/build/parrot_arsdk/arsdk/src/ARSDKBuildUtils/out/arsdk-native/build/libARStream2/obj/src/arstream2_h264_writer.c.o
                0x0000000000029050                ARSTREAM2_H264Writer_Init
 *fill*         0x000000000002909c        0x4 
 .text.ARSTREAM2_H264Writer_Free
                0x00000000000290a0       0x1f /home/jose/catkin_ws/build/parrot_arsdk/arsdk/src/ARSDKBuildUtils/out/arsdk-native/build/libARStream2/obj/src/arstream2_h264_writer.c.o
                0x00000000000290a0                ARSTREAM2_H264Writer_Free
 *fill*         0x00000000000290bf        0x1 
 .text.ARSTREAM2_H264_NaluReset
                0x00000000000290c0       0x88 /home/jose/catkin_ws/build/parrot_arsdk/arsdk/src/ARSDKBuildUtils/out/arsdk-native/build/libARStream2/obj/src/arstream2_h264.c.o
                0x00000000000290c0                ARSTREAM2_H264_NaluReset
 *fill*         0x0000000000029148        0x8 
 .text.ARSTREAM2_H264_NaluCopy
                0x0000000000029150       0xa3 /home/jose/catkin_ws/build/parrot_arsdk/arsdk/src/ARSDKBuildUtils/out/arsdk-native/build/libARStream2/obj/src/arstream2_h264.c.o
                0x0000000000029150                ARSTREAM2_H264_NaluCopy
 *fill*         0x00000000000291f3        0xd 
 .text.ARSTREAM2_H264_AuReset
                0x0000000000029200       0x7f /home/jose/catkin_ws/build/parrot_arsdk/arsdk/src/ARSDKBuildUtils/out/arsdk-native/build/libARStream2/obj/src/arstream2_h264.c.o
                0x0000000000029200                ARSTREAM2_H264_AuReset
 *fill*         0x000000000002927f        0x1 
 .text.ARSTREAM2_H264_AuCopy
                0x0000000000029280       0xa0 /home/jose/catkin_ws/build/parrot_arsdk/arsdk/src/ARSDKBuildUtils/out/arsdk-native/build/libARStream2/obj/src/arstream2_h264.c.o
                0x0000000000029280                ARSTREAM2_H264_AuCopy
 .text.ARSTREAM2_H264_NaluFifoInit
                0x0000000000029320      0x17c /home/jose/catkin_ws/build/parrot_arsdk/arsdk/src/ARSDKBuildUtils/out/arsdk-native/build/libARStream2/obj/src/arstream2_h264.c.o
                0x0000000000029320                ARSTREAM2_H264_NaluFifoInit
 *fill*         0x000000000002949c        0x4 
 .text.ARSTREAM2_H264_NaluFifoFree
                0x00000000000294a0       0x5f /home/jose/catkin_ws/build/parrot_arsdk/arsdk/src/ARSDKBuildUtils/out/arsdk-native/build/libARStream2/obj/src/arstream2_h264.c.o
                0x00000000000294a0                ARSTREAM2_H264_NaluFifoFree
 *fill*         0x00000000000294ff        0x1 
 .text.ARSTREAM2_H264_NaluFifoPopFreeItem
                0x0000000000029500       0xd0 /home/jose/catkin_ws/build/parrot_arsdk/arsdk/src/ARSDKBuildUtils/out/arsdk-native/build/libARStream2/obj/src/arstream2_h264.c.o
                0x0000000000029500                ARSTREAM2_H264_NaluFifoPopFreeItem
 .text.ARSTREAM2_H264_NaluFifoPushFreeItem
                0x00000000000295d0       0x9d /home/jose/catkin_ws/build/parrot_arsdk/arsdk/src/ARSDKBuildUtils/out/arsdk-native/build/libARStream2/obj/src/arstream2_h264.c.o
                0x00000000000295d0                ARSTREAM2_H264_NaluFifoPushFreeItem
 *fill*         0x000000000002966d        0x3 
 .text.ARSTREAM2_H264_NaluFifoEnqueueItem
                0x0000000000029670       0xfd /home/jose/catkin_ws/build/parrot_arsdk/arsdk/src/ARSDKBuildUtils/out/arsdk-native/build/libARStream2/obj/src/arstream2_h264.c.o
                0x0000000000029670                ARSTREAM2_H264_NaluFifoEnqueueItem
 *fill*         0x000000000002976d        0x3 
 .text.ARSTREAM2_H264_NaluFifoDequeueItem
                0x0000000000029770       0xe3 /home/jose/catkin_ws/build/parrot_arsdk/arsdk/src/ARSDKBuildUtils/out/arsdk-native/build/libARStream2/obj/src/arstream2_h264.c.o
                0x0000000000029770                ARSTREAM2_H264_NaluFifoDequeueItem
 *fill*         0x0000000000029853        0xd 
 .text.ARSTREAM2_H264_NaluFifoFlush
                0x0000000000029860       0x77 /home/jose/catkin_ws/build/parrot_arsdk/arsdk/src/ARSDKBuildUtils/out/arsdk-native/build/libARStream2/obj/src/arstream2_h264.c.o
                0x0000000000029860                ARSTREAM2_H264_NaluFifoFlush
 *fill*         0x00000000000298d7        0x9 
 .text.ARSTREAM2_H264_AuFifoAddQueue
                0x00000000000298e0       0xf1 /home/jose/catkin_ws/build/parrot_arsdk/arsdk/src/ARSDKBuildUtils/out/arsdk-native/build/libARStream2/obj/src/arstream2_h264.c.o
                0x00000000000298e0                ARSTREAM2_H264_AuFifoAddQueue
 *fill*         0x00000000000299d1        0xf 
 .text.ARSTREAM2_H264_AuFifoRemoveQueue
                0x00000000000299e0       0xcd /home/jose/catkin_ws/build/parrot_arsdk/arsdk/src/ARSDKBuildUtils/out/arsdk-native/build/libARStream2/obj/src/arstream2_h264.c.o
                0x00000000000299e0                ARSTREAM2_H264_AuFifoRemoveQueue
 *fill*         0x0000000000029aad        0x3 
 .text.ARSTREAM2_H264_AuFifoGetBuffer
                0x0000000000029ab0       0xd0 /home/jose/catkin_ws/build/parrot_arsdk/arsdk/src/ARSDKBuildUtils/out/arsdk-native/build/libARStream2/obj/src/arstream2_h264.c.o
                0x0000000000029ab0                ARSTREAM2_H264_AuFifoGetBuffer
 .text.ARSTREAM2_H264_AuFifoBufferAddRef
                0x0000000000029b80       0x60 /home/jose/catkin_ws/build/parrot_arsdk/arsdk/src/ARSDKBuildUtils/out/arsdk-native/build/libARStream2/obj/src/arstream2_h264.c.o
                0x0000000000029b80                ARSTREAM2_H264_AuFifoBufferAddRef
 .text.ARSTREAM2_H264_AuFifoUnrefBuffer
                0x0000000000029be0       0xdd /home/jose/catkin_ws/build/parrot_arsdk/arsdk/src/ARSDKBuildUtils/out/arsdk-native/build/libARStream2/obj/src/arstream2_h264.c.o
                0x0000000000029be0                ARSTREAM2_H264_AuFifoUnrefBuffer
 *fill*         0x0000000000029cbd        0x3 
 .text.ARSTREAM2_H264_AuFifoPopFreeItem
                0x0000000000029cc0       0xd0 /home/jose/catkin_ws/build/parrot_arsdk/arsdk/src/ARSDKBuildUtils/out/arsdk-native/build/libARStream2/obj/src/arstream2_h264.c.o
                0x0000000000029cc0                ARSTREAM2_H264_AuFifoPopFreeItem
 .text.ARSTREAM2_H264_AuFifoEnqueueItem
                0x0000000000029d90       0xb5 /home/jose/catkin_ws/build/parrot_arsdk/arsdk/src/ARSDKBuildUtils/out/arsdk-native/build/libARStream2/obj/src/arstream2_h264.c.o
                0x0000000000029d90                ARSTREAM2_H264_AuFifoEnqueueItem
 *fill*         0x0000000000029e45        0xb 
 .text.ARSTREAM2_H264_AuFifoDequeueItem
                0x0000000000029e50       0xe3 /home/jose/catkin_ws/build/parrot_arsdk/arsdk/src/ARSDKBuildUtils/out/arsdk-native/build/libARStream2/obj/src/arstream2_h264.c.o
                0x0000000000029e50                ARSTREAM2_H264_AuFifoDequeueItem
 *fill*         0x0000000000029f33        0xd 
 .text.ARSTREAM2_H264_AuNaluFifoInit
                0x0000000000029f40      0x110 /home/jose/catkin_ws/build/parrot_arsdk/arsdk/src/ARSDKBuildUtils/out/arsdk-native/build/libARStream2/obj/src/arstream2_h264.c.o
                0x0000000000029f40                ARSTREAM2_H264_AuNaluFifoInit
 .text.ARSTREAM2_H264_AuNaluFifoFree
                0x000000000002a050       0x73 /home/jose/catkin_ws/build/parrot_arsdk/arsdk/src/ARSDKBuildUtils/out/arsdk-native/build/libARStream2/obj/src/arstream2_h264.c.o
                0x000000000002a050                ARSTREAM2_H264_AuNaluFifoFree
 *fill*         0x000000000002a0c3        0xd 
 .text.ARSTREAM2_H264_AuFifoFree
                0x000000000002a0d0      0x18f /home/jose/catkin_ws/build/parrot_arsdk/arsdk/src/ARSDKBuildUtils/out/arsdk-native/build/libARStream2/obj/src/arstream2_h264.c.o
                0x000000000002a0d0                ARSTREAM2_H264_AuFifoFree
 *fill*         0x000000000002a25f        0x1 
 .text.ARSTREAM2_H264_AuFifoInit
                0x000000000002a260      0x48a /home/jose/catkin_ws/build/parrot_arsdk/arsdk/src/ARSDKBuildUtils/out/arsdk-native/build/libARStream2/obj/src/arstream2_h264.c.o
                0x000000000002a260                ARSTREAM2_H264_AuFifoInit
 *fill*         0x000000000002a6ea        0x6 
 .text.ARSTREAM2_H264_AuNaluFifoPopFreeItem
                0x000000000002a6f0       0xab /home/jose/catkin_ws/build/parrot_arsdk/arsdk/src/ARSDKBuildUtils/out/arsdk-native/build/libARStream2/obj/src/arstream2_h264.c.o
                0x000000000002a6f0                ARSTREAM2_H264_AuNaluFifoPopFreeItem
 *fill*         0x000000000002a79b        0x5 
 .text.ARSTREAM2_H264_AuNaluFifoPushFreeItem
                0x000000000002a7a0       0x81 /home/jose/catkin_ws/build/parrot_arsdk/arsdk/src/ARSDKBuildUtils/out/arsdk-native/build/libARStream2/obj/src/arstream2_h264.c.o
                0x000000000002a7a0                ARSTREAM2_H264_AuNaluFifoPushFreeItem
 *fill*         0x000000000002a821        0xf 
 .text.ARSTREAM2_H264_AuEnqueueNalu
                0x000000000002a830       0xe1 /home/jose/catkin_ws/build/parrot_arsdk/arsdk/src/ARSDKBuildUtils/out/arsdk-native/build/libARStream2/obj/src/arstream2_h264.c.o
                0x000000000002a830                ARSTREAM2_H264_AuEnqueueNalu
 *fill*         0x000000000002a911        0xf 
 .text.ARSTREAM2_H264_AuEnqueueNaluBefore
                0x000000000002a920       0xa1 /home/jose/catkin_ws/build/parrot_arsdk/arsdk/src/ARSDKBuildUtils/out/arsdk-native/build/libARStream2/obj/src/arstream2_h264.c.o
                0x000000000002a920                ARSTREAM2_H264_AuEnqueueNaluBefore
 *fill*         0x000000000002a9c1        0xf 
 .text.ARSTREAM2_H264_AuDequeueNalu
                0x000000000002a9d0       0xb9 /home/jose/catkin_ws/build/parrot_arsdk/arsdk/src/ARSDKBuildUtils/out/arsdk-native/build/libARStream2/obj/src/arstream2_h264.c.o
                0x000000000002a9d0                ARSTREAM2_H264_AuDequeueNalu
 *fill*         0x000000000002aa89        0x7 
 .text.ARSTREAM2_H264_AuNaluFifoFlush
                0x000000000002aa90       0x9c /home/jose/catkin_ws/build/parrot_arsdk/arsdk/src/ARSDKBuildUtils/out/arsdk-native/build/libARStream2/obj/src/arstream2_h264.c.o
                0x000000000002aa90                ARSTREAM2_H264_AuNaluFifoFlush
 *fill*         0x000000000002ab2c        0x4 
 .text.ARSTREAM2_H264_AuFifoPushFreeItem
                0x000000000002ab30       0xf4 /home/jose/catkin_ws/build/parrot_arsdk/arsdk/src/ARSDKBuildUtils/out/arsdk-native/build/libARStream2/obj/src/arstream2_h264.c.o
                0x000000000002ab30                ARSTREAM2_H264_AuFifoPushFreeItem
 *fill*         0x000000000002ac24        0xc 
 .text.ARSTREAM2_H264_AuFifoFlushQueue
                0x000000000002ac30      0x113 /home/jose/catkin_ws/build/parrot_arsdk/arsdk/src/ARSDKBuildUtils/out/arsdk-native/build/libARStream2/obj/src/arstream2_h264.c.o
                0x000000000002ac30                ARSTREAM2_H264_AuFifoFlushQueue
 *fill*         0x000000000002ad43        0xd 
 .text.ARSTREAM2_H264_AuFifoFlush
                0x000000000002ad50      0x11b /home/jose/catkin_ws/build/parrot_arsdk/arsdk/src/ARSDKBuildUtils/out/arsdk-native/build/libARStream2/obj/src/arstream2_h264.c.o
                0x000000000002ad50                ARSTREAM2_H264_AuFifoFlush
 *fill*         0x000000000002ae6b        0x5 
 .text.ARSTREAM2_H264_AuFifoDuplicateItem
                0x000000000002ae70      0x1fb /home/jose/catkin_ws/build/parrot_arsdk/arsdk/src/ARSDKBuildUtils/out/arsdk-native/build/libARStream2/obj/src/arstream2_h264.c.o
                0x000000000002ae70                ARSTREAM2_H264_AuFifoDuplicateItem
 *fill*         0x000000000002b06b        0x5 
 .text.ARSTREAM2_H264_AuCheckSizeRealloc
                0x000000000002b070      0x142 /home/jose/catkin_ws/build/parrot_arsdk/arsdk/src/ARSDKBuildUtils/out/arsdk-native/build/libARStream2/obj/src/arstream2_h264.c.o
                0x000000000002b070                ARSTREAM2_H264_AuCheckSizeRealloc
 *fill*         0x000000000002b1b2        0xe 
 .text.ARSTREAM2_H264_AuMbStatusCheckSizeRealloc
                0x000000000002b1c0       0xcc /home/jose/catkin_ws/build/parrot_arsdk/arsdk/src/ARSDKBuildUtils/out/arsdk-native/build/libARStream2/obj/src/arstream2_h264.c.o
                0x000000000002b1c0                ARSTREAM2_H264_AuMbStatusCheckSizeRealloc
 *fill*         0x000000000002b28c        0x4 
 .text.ARSTREAM2_RtpReceiver_ControlMuxTeardown
                0x000000000002b290       0x44 /home/jose/catkin_ws/build/parrot_arsdk/arsdk/src/ARSDKBuildUtils/out/arsdk-native/build/libARStream2/obj/src/arstream2_rtp_receiver.c.o
 *fill*         0x000000000002b2d4        0xc 
 .text.ARSTREAM2_RtpReceiver_StreamMuxTeardown
                0x000000000002b2e0       0x44 /home/jose/catkin_ws/build/parrot_arsdk/arsdk/src/ARSDKBuildUtils/out/arsdk-native/build/libARStream2/obj/src/arstream2_rtp_receiver.c.o
 *fill*         0x000000000002b324        0xc 
 .text.ARSTREAM2_RtpReceiver_MuxReadControlData
                0x000000000002b330       0xe0 /home/jose/catkin_ws/build/parrot_arsdk/arsdk/src/ARSDKBuildUtils/out/arsdk-native/build/libARStream2/obj/src/arstream2_rtp_receiver.c.o
 .text.ARSTREAM2_RtpReceiver_MuxSendControlData
                0x000000000002b410       0x70 /home/jose/catkin_ws/build/parrot_arsdk/arsdk/src/ARSDKBuildUtils/out/arsdk-native/build/libARStream2/obj/src/arstream2_rtp_receiver.c.o
 .text.ARSTREAM2_RtpReceiver_ControlMuxSetup
                0x000000000002b480       0xcb /home/jose/catkin_ws/build/parrot_arsdk/arsdk/src/ARSDKBuildUtils/out/arsdk-native/build/libARStream2/obj/src/arstream2_rtp_receiver.c.o
 *fill*         0x000000000002b54b        0x5 
 .text.ARSTREAM2_RtpReceiver_StreamMuxSetup
                0x000000000002b550       0xcb /home/jose/catkin_ws/build/parrot_arsdk/arsdk/src/ARSDKBuildUtils/out/arsdk-native/build/libARStream2/obj/src/arstream2_rtp_receiver.c.o
 *fill*         0x000000000002b61b        0x5 
 .text.ARSTREAM2_RtpReceiver_MuxRecvMmsg
                0x000000000002b620      0x1ea /home/jose/catkin_ws/build/parrot_arsdk/arsdk/src/ARSDKBuildUtils/out/arsdk-native/build/libARStream2/obj/src/arstream2_rtp_receiver.c.o
 *fill*         0x000000000002b80a        0x6 
 .text.ARSTREAM2_RtpReceiver_ControlSocketTeardown
                0x000000000002b810       0x48 /home/jose/catkin_ws/build/parrot_arsdk/arsdk/src/ARSDKBuildUtils/out/arsdk-native/build/libARStream2/obj/src/arstream2_rtp_receiver.c.o
 *fill*         0x000000000002b858        0x8 
 .text.ARSTREAM2_RtpReceiver_StreamSocketTeardown
                0x000000000002b860       0x48 /home/jose/catkin_ws/build/parrot_arsdk/arsdk/src/ARSDKBuildUtils/out/arsdk-native/build/libARStream2/obj/src/arstream2_rtp_receiver.c.o
 *fill*         0x000000000002b8a8        0x8 
 .text.ARSTREAM2_RtpReceiver_NetReadControlData
                0x000000000002b8b0      0x105 /home/jose/catkin_ws/build/parrot_arsdk/arsdk/src/ARSDKBuildUtils/out/arsdk-native/build/libARStream2/obj/src/arstream2_rtp_receiver.c.o
 *fill*         0x000000000002b9b5        0xb 
 .text.ARSTREAM2_RtpReceiver_StreamSocketSetup
                0x000000000002b9c0      0x3fa /home/jose/catkin_ws/build/parrot_arsdk/arsdk/src/ARSDKBuildUtils/out/arsdk-native/build/libARStream2/obj/src/arstream2_rtp_receiver.c.o
 *fill*         0x000000000002bdba        0x6 
 .text.ARSTREAM2_RtpReceiver_NetSendControlData
                0x000000000002bdc0       0x8b /home/jose/catkin_ws/build/parrot_arsdk/arsdk/src/ARSDKBuildUtils/out/arsdk-native/build/libARStream2/obj/src/arstream2_rtp_receiver.c.o
 *fill*         0x000000000002be4b        0x5 
 .text.ARSTREAM2_RtpReceiver_NetRecvMmsg
                0x000000000002be50       0xe4 /home/jose/catkin_ws/build/parrot_arsdk/arsdk/src/ARSDKBuildUtils/out/arsdk-native/build/libARStream2/obj/src/arstream2_rtp_receiver.c.o
 *fill*         0x000000000002bf34        0xc 
 .text.ARSTREAM2_RtpReceiver_ControlSocketSetup
                0x000000000002bf40      0x603 /home/jose/catkin_ws/build/parrot_arsdk/arsdk/src/ARSDKBuildUtils/out/arsdk-native/build/libARStream2/obj/src/arstream2_rtp_receiver.c.o
 *fill*         0x000000000002c543        0xd 
 .text.ARSTREAM2_RtpReceiver_Stop
                0x000000000002c550       0xd0 /home/jose/catkin_ws/build/parrot_arsdk/arsdk/src/ARSDKBuildUtils/out/arsdk-native/build/libARStream2/obj/src/arstream2_rtp_receiver.c.o
                0x000000000002c550                ARSTREAM2_RtpReceiver_Stop
 .text.ARSTREAM2_RtpReceiver_New
                0x000000000002c620      0xb14 /home/jose/catkin_ws/build/parrot_arsdk/arsdk/src/ARSDKBuildUtils/out/arsdk-native/build/libARStream2/obj/src/arstream2_rtp_receiver.c.o
                0x000000000002c620                ARSTREAM2_RtpReceiver_New
 *fill*         0x000000000002d134        0xc 
 .text.ARSTREAM2_RtpReceiver_Delete
                0x000000000002d140      0x197 /home/jose/catkin_ws/build/parrot_arsdk/arsdk/src/ARSDKBuildUtils/out/arsdk-native/build/libARStream2/obj/src/arstream2_rtp_receiver.c.o
                0x000000000002d140                ARSTREAM2_RtpReceiver_Delete
 *fill*         0x000000000002d2d7        0x9 
 .text.ARSTREAM2_RtpReceiver_GetSelectParams
                0x000000000002d2e0      0x1c2 /home/jose/catkin_ws/build/parrot_arsdk/arsdk/src/ARSDKBuildUtils/out/arsdk-native/build/libARStream2/obj/src/arstream2_rtp_receiver.c.o
                0x000000000002d2e0                ARSTREAM2_RtpReceiver_GetSelectParams
 *fill*         0x000000000002d4a2        0xe 
 .text.ARSTREAM2_RtpReceiver_ProcessRtp
                0x000000000002d4b0      0x30c /home/jose/catkin_ws/build/parrot_arsdk/arsdk/src/ARSDKBuildUtils/out/arsdk-native/build/libARStream2/obj/src/arstream2_rtp_receiver.c.o
                0x000000000002d4b0                ARSTREAM2_RtpReceiver_ProcessRtp
 *fill*         0x000000000002d7bc        0x4 
 .text.ARSTREAM2_RtpReceiver_ProcessRtcp
                0x000000000002d7c0      0x7eb /home/jose/catkin_ws/build/parrot_arsdk/arsdk/src/ARSDKBuildUtils/out/arsdk-native/build/libARStream2/obj/src/arstream2_rtp_receiver.c.o
                0x000000000002d7c0                ARSTREAM2_RtpReceiver_ProcessRtcp
 *fill*         0x000000000002dfab        0x5 
 .text.ARSTREAM2_RtpReceiver_ProcessEnd
                0x000000000002dfb0       0x4c /home/jose/catkin_ws/build/parrot_arsdk/arsdk/src/ARSDKBuildUtils/out/arsdk-native/build/libARStream2/obj/src/arstream2_rtp_receiver.c.o
                0x000000000002dfb0                ARSTREAM2_RtpReceiver_ProcessEnd
 *fill*         0x000000000002dffc        0x4 
 .text.ARSTREAM2_RtpReceiver_UpdateVideoStats
                0x000000000002e000       0x66 /home/jose/catkin_ws/build/parrot_arsdk/arsdk/src/ARSDKBuildUtils/out/arsdk-native/build/libARStream2/obj/src/arstream2_rtp_receiver.c.o
                0x000000000002e000                ARSTREAM2_RtpReceiver_UpdateVideoStats
 *fill*         0x000000000002e066        0xa 
 .text.ARSTREAM2_RtpReceiver_GetSdesItem
                0x000000000002e070      0x185 /home/jose/catkin_ws/build/parrot_arsdk/arsdk/src/ARSDKBuildUtils/out/arsdk-native/build/libARStream2/obj/src/arstream2_rtp_receiver.c.o
                0x000000000002e070                ARSTREAM2_RtpReceiver_GetSdesItem
 *fill*         0x000000000002e1f5        0xb 
 .text.ARSTREAM2_RtpReceiver_SetSdesItem
                0x000000000002e200      0x26b /home/jose/catkin_ws/build/parrot_arsdk/arsdk/src/ARSDKBuildUtils/out/arsdk-native/build/libARStream2/obj/src/arstream2_rtp_receiver.c.o
                0x000000000002e200                ARSTREAM2_RtpReceiver_SetSdesItem
 *fill*         0x000000000002e46b        0x5 
 .text.ARSTREAM2_RtpReceiver_GetPeerSdesItem
                0x000000000002e470      0x124 /home/jose/catkin_ws/build/parrot_arsdk/arsdk/src/ARSDKBuildUtils/out/arsdk-native/build/libARStream2/obj/src/arstream2_rtp_receiver.c.o
                0x000000000002e470                ARSTREAM2_RtpReceiver_GetPeerSdesItem
 *fill*         0x000000000002e594        0xc 
 .text.ARSTREAM2_RtpReceiver_GetMonitoring
                0x000000000002e5a0      0x497 /home/jose/catkin_ws/build/parrot_arsdk/arsdk/src/ARSDKBuildUtils/out/arsdk-native/build/libARStream2/obj/src/arstream2_rtp_receiver.c.o
                0x000000000002e5a0                ARSTREAM2_RtpReceiver_GetMonitoring
 *fill*         0x000000000002ea37        0x9 
 .text.ARSTREAM2_RtpSender_RtpStatsCallback
                0x000000000002ea40      0x20d /home/jose/catkin_ws/build/parrot_arsdk/arsdk/src/ARSDKBuildUtils/out/arsdk-native/build/libARStream2/obj/src/arstream2_rtp_sender.c.o
 *fill*         0x000000000002ec4d        0x3 
 .text.ARSTREAM2_RtpSender_UpdateMonitoring
                0x000000000002ec50      0x1cf /home/jose/catkin_ws/build/parrot_arsdk/arsdk/src/ARSDKBuildUtils/out/arsdk-native/build/libARStream2/obj/src/arstream2_rtp_sender.c.o
 *fill*         0x000000000002ee1f        0x1 
 .text.ARSTREAM2_RtpSender_SetSocketSendBufferSize.isra.0
                0x000000000002ee20      0x170 /home/jose/catkin_ws/build/parrot_arsdk/arsdk/src/ARSDKBuildUtils/out/arsdk-native/build/libARStream2/obj/src/arstream2_rtp_sender.c.o
 .text.ARSTREAM2_RtpSender_New
                0x000000000002ef90     0x1322 /home/jose/catkin_ws/build/parrot_arsdk/arsdk/src/ARSDKBuildUtils/out/arsdk-native/build/libARStream2/obj/src/arstream2_rtp_sender.c.o
                0x000000000002ef90                ARSTREAM2_RtpSender_New
 *fill*         0x00000000000302b2        0xe 
 .text.ARSTREAM2_RtpSender_Delete
                0x00000000000302c0      0x15a /home/jose/catkin_ws/build/parrot_arsdk/arsdk/src/ARSDKBuildUtils/out/arsdk-native/build/libARStream2/obj/src/arstream2_rtp_sender.c.o
                0x00000000000302c0                ARSTREAM2_RtpSender_Delete
 *fill*         0x000000000003041a        0x6 
 .text.ARSTREAM2_RtpSender_FlushNaluQueue
                0x0000000000030420       0x94 /home/jose/catkin_ws/build/parrot_arsdk/arsdk/src/ARSDKBuildUtils/out/arsdk-native/build/libARStream2/obj/src/arstream2_rtp_sender.c.o
                0x0000000000030420                ARSTREAM2_RtpSender_FlushNaluQueue
 *fill*         0x00000000000304b4        0xc 
 .text.ARSTREAM2_RtpSender_GetSelectParams
                0x00000000000304c0      0x1da /home/jose/catkin_ws/build/parrot_arsdk/arsdk/src/ARSDKBuildUtils/out/arsdk-native/build/libARStream2/obj/src/arstream2_rtp_sender.c.o
                0x00000000000304c0                ARSTREAM2_RtpSender_GetSelectParams
 *fill*         0x000000000003069a        0x6 
 .text.ARSTREAM2_RtpSender_ProcessRtp
                0x00000000000306a0      0x6dd /home/jose/catkin_ws/build/parrot_arsdk/arsdk/src/ARSDKBuildUtils/out/arsdk-native/build/libARStream2/obj/src/arstream2_rtp_sender.c.o
                0x00000000000306a0                ARSTREAM2_RtpSender_ProcessRtp
 *fill*         0x0000000000030d7d        0x3 
 .text.ARSTREAM2_RtpSender_ProcessRtcp
                0x0000000000030d80      0x5ca /home/jose/catkin_ws/build/parrot_arsdk/arsdk/src/ARSDKBuildUtils/out/arsdk-native/build/libARStream2/obj/src/arstream2_rtp_sender.c.o
                0x0000000000030d80                ARSTREAM2_RtpSender_ProcessRtcp
 *fill*         0x000000000003134a        0x6 
 .text.ARSTREAM2_RtpSender_ProcessEnd
                0x0000000000031350       0xd2 /home/jose/catkin_ws/build/parrot_arsdk/arsdk/src/ARSDKBuildUtils/out/arsdk-native/build/libARStream2/obj/src/arstream2_rtp_sender.c.o
                0x0000000000031350                ARSTREAM2_RtpSender_ProcessEnd
 *fill*         0x0000000000031422        0xe 
 .text.ARSTREAM2_RtpSender_GetDynamicConfig
                0x0000000000031430       0x36 /home/jose/catkin_ws/build/parrot_arsdk/arsdk/src/ARSDKBuildUtils/out/arsdk-native/build/libARStream2/obj/src/arstream2_rtp_sender.c.o
                0x0000000000031430                ARSTREAM2_RtpSender_GetDynamicConfig
 *fill*         0x0000000000031466        0xa 
 .text.ARSTREAM2_RtpSender_SetDynamicConfig
                0x0000000000031470       0xb6 /home/jose/catkin_ws/build/parrot_arsdk/arsdk/src/ARSDKBuildUtils/out/arsdk-native/build/libARStream2/obj/src/arstream2_rtp_sender.c.o
                0x0000000000031470                ARSTREAM2_RtpSender_SetDynamicConfig
 *fill*         0x0000000000031526        0xa 
 .text.ARSTREAM2_RtpSender_GetSdesItem
                0x0000000000031530      0x185 /home/jose/catkin_ws/build/parrot_arsdk/arsdk/src/ARSDKBuildUtils/out/arsdk-native/build/libARStream2/obj/src/arstream2_rtp_sender.c.o
                0x0000000000031530                ARSTREAM2_RtpSender_GetSdesItem
 *fill*         0x00000000000316b5        0xb 
 .text.ARSTREAM2_RtpSender_SetSdesItem
                0x00000000000316c0      0x26b /home/jose/catkin_ws/build/parrot_arsdk/arsdk/src/ARSDKBuildUtils/out/arsdk-native/build/libARStream2/obj/src/arstream2_rtp_sender.c.o
                0x00000000000316c0                ARSTREAM2_RtpSender_SetSdesItem
 *fill*         0x000000000003192b        0x5 
 .text.ARSTREAM2_RtpSender_GetPeerSdesItem
                0x0000000000031930      0x124 /home/jose/catkin_ws/build/parrot_arsdk/arsdk/src/ARSDKBuildUtils/out/arsdk-native/build/libARStream2/obj/src/arstream2_rtp_sender.c.o
                0x0000000000031930                ARSTREAM2_RtpSender_GetPeerSdesItem
 *fill*         0x0000000000031a54        0xc 
 .text.ARSTREAM2_RtpSender_GetMonitoring
                0x0000000000031a60      0x687 /home/jose/catkin_ws/build/parrot_arsdk/arsdk/src/ARSDKBuildUtils/out/arsdk-native/build/libARStream2/obj/src/arstream2_rtp_sender.c.o
                0x0000000000031a60                ARSTREAM2_RtpSender_GetMonitoring
 *fill*         0x00000000000320e7        0x9 
 .text.ARSTREAM2_RTP_PacketReset
                0x00000000000320f0       0x8f /home/jose/catkin_ws/build/parrot_arsdk/arsdk/src/ARSDKBuildUtils/out/arsdk-native/build/libARStream2/obj/src/arstream2_rtp.c.o
                0x00000000000320f0                ARSTREAM2_RTP_PacketReset
 *fill*         0x000000000003217f        0x1 
 .text.ARSTREAM2_RTP_PacketCopy
                0x0000000000032180       0xab /home/jose/catkin_ws/build/parrot_arsdk/arsdk/src/ARSDKBuildUtils/out/arsdk-native/build/libARStream2/obj/src/arstream2_rtp.c.o
                0x0000000000032180                ARSTREAM2_RTP_PacketCopy
 *fill*         0x000000000003222b        0x5 
 .text.ARSTREAM2_RTP_PacketFifoFree
                0x0000000000032230       0xb8 /home/jose/catkin_ws/build/parrot_arsdk/arsdk/src/ARSDKBuildUtils/out/arsdk-native/build/libARStream2/obj/src/arstream2_rtp.c.o
                0x0000000000032230                ARSTREAM2_RTP_PacketFifoFree
 *fill*         0x00000000000322e8        0x8 
 .text.ARSTREAM2_RTP_PacketFifoInit
                0x00000000000322f0      0x30c /home/jose/catkin_ws/build/parrot_arsdk/arsdk/src/ARSDKBuildUtils/out/arsdk-native/build/libARStream2/obj/src/arstream2_rtp.c.o
                0x00000000000322f0                ARSTREAM2_RTP_PacketFifoInit
 *fill*         0x00000000000325fc        0x4 
 .text.ARSTREAM2_RTP_PacketFifoAddQueue
                0x0000000000032600       0x7b /home/jose/catkin_ws/build/parrot_arsdk/arsdk/src/ARSDKBuildUtils/out/arsdk-native/build/libARStream2/obj/src/arstream2_rtp.c.o
                0x0000000000032600                ARSTREAM2_RTP_PacketFifoAddQueue
 *fill*         0x000000000003267b        0x5 
 .text.ARSTREAM2_RTP_PacketFifoRemoveQueue
                0x0000000000032680       0x9a /home/jose/catkin_ws/build/parrot_arsdk/arsdk/src/ARSDKBuildUtils/out/arsdk-native/build/libARStream2/obj/src/arstream2_rtp.c.o
                0x0000000000032680                ARSTREAM2_RTP_PacketFifoRemoveQueue
 *fill*         0x000000000003271a        0x6 
 .text.ARSTREAM2_RTP_PacketFifoGetBuffer
                0x0000000000032720       0xab /home/jose/catkin_ws/build/parrot_arsdk/arsdk/src/ARSDKBuildUtils/out/arsdk-native/build/libARStream2/obj/src/arstream2_rtp.c.o
                0x0000000000032720                ARSTREAM2_RTP_PacketFifoGetBuffer
 *fill*         0x00000000000327cb        0x5 
 .text.ARSTREAM2_RTP_PacketFifoBufferAddRef
                0x00000000000327d0       0x44 /home/jose/catkin_ws/build/parrot_arsdk/arsdk/src/ARSDKBuildUtils/out/arsdk-native/build/libARStream2/obj/src/arstream2_rtp.c.o
                0x00000000000327d0                ARSTREAM2_RTP_PacketFifoBufferAddRef
 *fill*         0x0000000000032814        0xc 
 .text.ARSTREAM2_RTP_PacketFifoUnrefBuffer
                0x0000000000032820       0xc8 /home/jose/catkin_ws/build/parrot_arsdk/arsdk/src/ARSDKBuildUtils/out/arsdk-native/build/libARStream2/obj/src/arstream2_rtp.c.o
                0x0000000000032820                ARSTREAM2_RTP_PacketFifoUnrefBuffer
 *fill*         0x00000000000328e8        0x8 
 .text.ARSTREAM2_RTP_PacketFifoPopFreeItem
                0x00000000000328f0       0xab /home/jose/catkin_ws/build/parrot_arsdk/arsdk/src/ARSDKBuildUtils/out/arsdk-native/build/libARStream2/obj/src/arstream2_rtp.c.o
                0x00000000000328f0                ARSTREAM2_RTP_PacketFifoPopFreeItem
 *fill*         0x000000000003299b        0x5 
 .text.ARSTREAM2_RTP_PacketFifoPushFreeItem
                0x00000000000329a0       0x81 /home/jose/catkin_ws/build/parrot_arsdk/arsdk/src/ARSDKBuildUtils/out/arsdk-native/build/libARStream2/obj/src/arstream2_rtp.c.o
                0x00000000000329a0                ARSTREAM2_RTP_PacketFifoPushFreeItem
 *fill*         0x0000000000032a21        0xf 
 .text.ARSTREAM2_RTP_PacketFifoEnqueueItem
                0x0000000000032a30       0x9c /home/jose/catkin_ws/build/parrot_arsdk/arsdk/src/ARSDKBuildUtils/out/arsdk-native/build/libARStream2/obj/src/arstream2_rtp.c.o
                0x0000000000032a30                ARSTREAM2_RTP_PacketFifoEnqueueItem
 *fill*         0x0000000000032acc        0x4 
 .text.ARSTREAM2_RTP_PacketFifoEnqueueItemOrderedByPriority
                0x0000000000032ad0      0x11c /home/jose/catkin_ws/build/parrot_arsdk/arsdk/src/ARSDKBuildUtils/out/arsdk-native/build/libARStream2/obj/src/arstream2_rtp.c.o
                0x0000000000032ad0                ARSTREAM2_RTP_PacketFifoEnqueueItemOrderedByPriority
 *fill*         0x0000000000032bec        0x4 
 .text.ARSTREAM2_RTP_PacketFifoEnqueueItemOrderedBySeqNum
                0x0000000000032bf0      0x134 /home/jose/catkin_ws/build/parrot_arsdk/arsdk/src/ARSDKBuildUtils/out/arsdk-native/build/libARStream2/obj/src/arstream2_rtp.c.o
                0x0000000000032bf0                ARSTREAM2_RTP_PacketFifoEnqueueItemOrderedBySeqNum
 *fill*         0x0000000000032d24        0xc 
 .text.ARSTREAM2_RTP_PacketFifoDequeueItem
                0x0000000000032d30       0xa9 /home/jose/catkin_ws/build/parrot_arsdk/arsdk/src/ARSDKBuildUtils/out/arsdk-native/build/libARStream2/obj/src/arstream2_rtp.c.o
                0x0000000000032d30                ARSTREAM2_RTP_PacketFifoDequeueItem
 *fill*         0x0000000000032dd9        0x7 
 .text.ARSTREAM2_RTP_PacketFifoPeekItem
                0x0000000000032de0       0x59 /home/jose/catkin_ws/build/parrot_arsdk/arsdk/src/ARSDKBuildUtils/out/arsdk-native/build/libARStream2/obj/src/arstream2_rtp.c.o
                0x0000000000032de0                ARSTREAM2_RTP_PacketFifoPeekItem
 *fill*         0x0000000000032e39        0x7 
 .text.ARSTREAM2_RTP_PacketFifoDuplicateItem
                0x0000000000032e40       0xac /home/jose/catkin_ws/build/parrot_arsdk/arsdk/src/ARSDKBuildUtils/out/arsdk-native/build/libARStream2/obj/src/arstream2_rtp.c.o
                0x0000000000032e40                ARSTREAM2_RTP_PacketFifoDuplicateItem
 *fill*         0x0000000000032eec        0x4 
 .text.ARSTREAM2_RTP_Sender_PacketFifoFillMsgVec
                0x0000000000032ef0       0xd5 /home/jose/catkin_ws/build/parrot_arsdk/arsdk/src/ARSDKBuildUtils/out/arsdk-native/build/libARStream2/obj/src/arstream2_rtp.c.o
                0x0000000000032ef0                ARSTREAM2_RTP_Sender_PacketFifoFillMsgVec
 *fill*         0x0000000000032fc5        0xb 
 .text.ARSTREAM2_RTP_Sender_GeneratePacket
                0x0000000000032fd0      0x1e4 /home/jose/catkin_ws/build/parrot_arsdk/arsdk/src/ARSDKBuildUtils/out/arsdk-native/build/libARStream2/obj/src/arstream2_rtp.c.o
                0x0000000000032fd0                ARSTREAM2_RTP_Sender_GeneratePacket
 *fill*         0x00000000000331b4        0xc 
 .text.ARSTREAM2_RTP_Sender_FinishPacket
                0x00000000000331c0      0x14a /home/jose/catkin_ws/build/parrot_arsdk/arsdk/src/ARSDKBuildUtils/out/arsdk-native/build/libARStream2/obj/src/arstream2_rtp.c.o
                0x00000000000331c0                ARSTREAM2_RTP_Sender_FinishPacket
 *fill*         0x000000000003330a        0x6 
 .text.ARSTREAM2_RTP_Sender_PacketFifoCleanFromMsgVec
                0x0000000000033310      0x255 /home/jose/catkin_ws/build/parrot_arsdk/arsdk/src/ARSDKBuildUtils/out/arsdk-native/build/libARStream2/obj/src/arstream2_rtp.c.o
                0x0000000000033310                ARSTREAM2_RTP_Sender_PacketFifoCleanFromMsgVec
 *fill*         0x0000000000033565        0xb 
 .text.ARSTREAM2_RTP_Sender_PacketFifoCleanFromTimeout
                0x0000000000033570      0x26a /home/jose/catkin_ws/build/parrot_arsdk/arsdk/src/ARSDKBuildUtils/out/arsdk-native/build/libARStream2/obj/src/arstream2_rtp.c.o
                0x0000000000033570                ARSTREAM2_RTP_Sender_PacketFifoCleanFromTimeout
 *fill*         0x00000000000337da        0x6 
 .text.ARSTREAM2_RTP_Sender_PacketFifoRandomDrop
                0x00000000000337e0      0x236 /home/jose/catkin_ws/build/parrot_arsdk/arsdk/src/ARSDKBuildUtils/out/arsdk-native/build/libARStream2/obj/src/arstream2_rtp.c.o
                0x00000000000337e0                ARSTREAM2_RTP_Sender_PacketFifoRandomDrop
 *fill*         0x0000000000033a16        0xa 
 .text.ARSTREAM2_RTP_Sender_PacketFifoFlushQueue
                0x0000000000033a20      0x194 /home/jose/catkin_ws/build/parrot_arsdk/arsdk/src/ARSDKBuildUtils/out/arsdk-native/build/libARStream2/obj/src/arstream2_rtp.c.o
                0x0000000000033a20                ARSTREAM2_RTP_Sender_PacketFifoFlushQueue
 *fill*         0x0000000000033bb4        0xc 
 .text.ARSTREAM2_RTP_Sender_PacketFifoFlush
                0x0000000000033bc0      0x1ac /home/jose/catkin_ws/build/parrot_arsdk/arsdk/src/ARSDKBuildUtils/out/arsdk-native/build/libARStream2/obj/src/arstream2_rtp.c.o
                0x0000000000033bc0                ARSTREAM2_RTP_Sender_PacketFifoFlush
 *fill*         0x0000000000033d6c        0x4 
 .text.ARSTREAM2_RTP_Receiver_PacketFifoAddFromMsgVec
                0x0000000000033d70      0xb30 /home/jose/catkin_ws/build/parrot_arsdk/arsdk/src/ARSDKBuildUtils/out/arsdk-native/build/libARStream2/obj/src/arstream2_rtp.c.o
                0x0000000000033d70                ARSTREAM2_RTP_Receiver_PacketFifoAddFromMsgVec
 .text.ARSTREAM2_RTP_Receiver_PacketFifoFlushQueue
                0x00000000000348a0      0x113 /home/jose/catkin_ws/build/parrot_arsdk/arsdk/src/ARSDKBuildUtils/out/arsdk-native/build/libARStream2/obj/src/arstream2_rtp.c.o
                0x00000000000348a0                ARSTREAM2_RTP_Receiver_PacketFifoFlushQueue
 *fill*         0x00000000000349b3        0xd 
 .text.ARSTREAM2_RTP_Receiver_PacketFifoFlush
                0x00000000000349c0      0x11b /home/jose/catkin_ws/build/parrot_arsdk/arsdk/src/ARSDKBuildUtils/out/arsdk-native/build/libARStream2/obj/src/arstream2_rtp.c.o
                0x00000000000349c0                ARSTREAM2_RTP_Receiver_PacketFifoFlush
 *fill*         0x0000000000034adb        0x5 
 .text.ARSTREAM2_RTP_Receiver_PacketFifoFillMsgVec
                0x0000000000034ae0      0x163 /home/jose/catkin_ws/build/parrot_arsdk/arsdk/src/ARSDKBuildUtils/out/arsdk-native/build/libARStream2/obj/src/arstream2_rtp.c.o
                0x0000000000034ae0                ARSTREAM2_RTP_Receiver_PacketFifoFillMsgVec
 *fill*         0x0000000000034c43        0xd 
 .text.ARSTREAM2_RTPH264_Sender_FinishStapAPacket
                0x0000000000034c50      0x110 /home/jose/catkin_ws/build/parrot_arsdk/arsdk/src/ARSDKBuildUtils/out/arsdk-native/build/libARStream2/obj/src/arstream2_rtp_h264.c.o
 .text.ARSTREAM2_RTPH264_FifoDequeueNalu
                0x0000000000034d60       0xee /home/jose/catkin_ws/build/parrot_arsdk/arsdk/src/ARSDKBuildUtils/out/arsdk-native/build/libARStream2/obj/src/arstream2_rtp_h264.c.o
 *fill*         0x0000000000034e4e        0x2 
 .text.ARSTREAM2_RTPH264_Receiver_DropFuAPackets
                0x0000000000034e50       0x80 /home/jose/catkin_ws/build/parrot_arsdk/arsdk/src/ARSDKBuildUtils/out/arsdk-native/build/libARStream2/obj/src/arstream2_rtp_h264.c.o
 .text.ARSTREAM2_RTPH264_Sender_NaluDrop
                0x0000000000034ed0      0x153 /home/jose/catkin_ws/build/parrot_arsdk/arsdk/src/ARSDKBuildUtils/out/arsdk-native/build/libARStream2/obj/src/arstream2_rtp_h264.c.o
                0x0000000000034ed0                ARSTREAM2_RTPH264_Sender_NaluDrop
 *fill*         0x0000000000035023        0xd 
 .text.ARSTREAM2_RTPH264_Sender_NaluFifoToPacketFifo
                0x0000000000035030     0x1187 /home/jose/catkin_ws/build/parrot_arsdk/arsdk/src/ARSDKBuildUtils/out/arsdk-native/build/libARStream2/obj/src/arstream2_rtp_h264.c.o
                0x0000000000035030                ARSTREAM2_RTPH264_Sender_NaluFifoToPacketFifo
 *fill*         0x00000000000361b7        0x9 
 .text.ARSTREAM2_RTPH264_Sender_FifoFlush
                0x00000000000361c0      0x13b /home/jose/catkin_ws/build/parrot_arsdk/arsdk/src/ARSDKBuildUtils/out/arsdk-native/build/libARStream2/obj/src/arstream2_rtp_h264.c.o
                0x00000000000361c0                ARSTREAM2_RTPH264_Sender_FifoFlush
 *fill*         0x00000000000362fb        0x5 
 .text.ARSTREAM2_RTPH264_Receiver_PacketFifoToAuFifo
                0x0000000000036300     0x13fe /home/jose/catkin_ws/build/parrot_arsdk/arsdk/src/ARSDKBuildUtils/out/arsdk-native/build/libARStream2/obj/src/arstream2_rtp_h264.c.o
                0x0000000000036300                ARSTREAM2_RTPH264_Receiver_PacketFifoToAuFifo
 *fill*         0x00000000000376fe        0x2 
 .text.ARSTREAM2_RTCP_GetPacketType
                0x0000000000037700      0x14c /home/jose/catkin_ws/build/parrot_arsdk/arsdk/src/ARSDKBuildUtils/out/arsdk-native/build/libARStream2/obj/src/arstream2_rtcp.c.o
                0x0000000000037700                ARSTREAM2_RTCP_GetPacketType
 *fill*         0x000000000003784c        0x4 
 .text.ARSTREAM2_RTCP_Sender_ProcessReceiverReport
                0x0000000000037850      0x2da /home/jose/catkin_ws/build/parrot_arsdk/arsdk/src/ARSDKBuildUtils/out/arsdk-native/build/libARStream2/obj/src/arstream2_rtcp.c.o
                0x0000000000037850                ARSTREAM2_RTCP_Sender_ProcessReceiverReport
 *fill*         0x0000000000037b2a        0x6 
 .text.ARSTREAM2_RTCP_Sender_GenerateSenderReport
                0x0000000000037b30      0x139 /home/jose/catkin_ws/build/parrot_arsdk/arsdk/src/ARSDKBuildUtils/out/arsdk-native/build/libARStream2/obj/src/arstream2_rtcp.c.o
                0x0000000000037b30                ARSTREAM2_RTCP_Sender_GenerateSenderReport
 *fill*         0x0000000000037c69        0x7 
 .text.ARSTREAM2_RTCP_Receiver_ProcessSenderReport
                0x0000000000037c70      0x341 /home/jose/catkin_ws/build/parrot_arsdk/arsdk/src/ARSDKBuildUtils/out/arsdk-native/build/libARStream2/obj/src/arstream2_rtcp.c.o
                0x0000000000037c70                ARSTREAM2_RTCP_Receiver_ProcessSenderReport
 *fill*         0x0000000000037fb1        0xf 
 .text.ARSTREAM2_RTCP_Receiver_GenerateReceiverReport
                0x0000000000037fc0      0x1f7 /home/jose/catkin_ws/build/parrot_arsdk/arsdk/src/ARSDKBuildUtils/out/arsdk-native/build/libARStream2/obj/src/arstream2_rtcp.c.o
                0x0000000000037fc0                ARSTREAM2_RTCP_Receiver_GenerateReceiverReport
 *fill*         0x00000000000381b7        0x9 
 .text.ARSTREAM2_RTCP_GenerateSourceDescription
                0x00000000000381c0      0x386 /home/jose/catkin_ws/build/parrot_arsdk/arsdk/src/ARSDKBuildUtils/out/arsdk-native/build/libARStream2/obj/src/arstream2_rtcp.c.o
                0x00000000000381c0                ARSTREAM2_RTCP_GenerateSourceDescription
 *fill*         0x0000000000038546        0xa 
 .text.ARSTREAM2_RTCP_ProcessSourceDescription
                0x0000000000038550      0x608 /home/jose/catkin_ws/build/parrot_arsdk/arsdk/src/ARSDKBuildUtils/out/arsdk-native/build/libARStream2/obj/src/arstream2_rtcp.c.o
                0x0000000000038550                ARSTREAM2_RTCP_ProcessSourceDescription
 *fill*         0x0000000000038b58        0x8 
 .text.ARSTREAM2_RTCP_LossReportReset
                0x0000000000038b60       0x76 /home/jose/catkin_ws/build/parrot_arsdk/arsdk/src/ARSDKBuildUtils/out/arsdk-native/build/libARStream2/obj/src/arstream2_rtcp.c.o
                0x0000000000038b60                ARSTREAM2_RTCP_LossReportReset
 *fill*         0x0000000000038bd6        0xa 
 .text.ARSTREAM2_RTCP_LossReportSet
                0x0000000000038be0      0x1ba /home/jose/catkin_ws/build/parrot_arsdk/arsdk/src/ARSDKBuildUtils/out/arsdk-native/build/libARStream2/obj/src/arstream2_rtcp.c.o
                0x0000000000038be0                ARSTREAM2_RTCP_LossReportSet
 *fill*         0x0000000000038d9a        0x6 
 .text.ARSTREAM2_RTCP_GenerateExtendedReport
                0x0000000000038da0      0x577 /home/jose/catkin_ws/build/parrot_arsdk/arsdk/src/ARSDKBuildUtils/out/arsdk-native/build/libARStream2/obj/src/arstream2_rtcp.c.o
                0x0000000000038da0                ARSTREAM2_RTCP_GenerateExtendedReport
 *fill*         0x0000000000039317        0x9 
 .text.ARSTREAM2_RTCP_ProcessExtendedReport
                0x0000000000039320      0x6e1 /home/jose/catkin_ws/build/parrot_arsdk/arsdk/src/ARSDKBuildUtils/out/arsdk-native/build/libARStream2/obj/src/arstream2_rtcp.c.o
                0x0000000000039320                ARSTREAM2_RTCP_ProcessExtendedReport
 *fill*         0x0000000000039a01        0xf 
 .text.ARSTREAM2_RTCP_GetApplicationPacketSubtype
                0x0000000000039a10      0x15d /home/jose/catkin_ws/build/parrot_arsdk/arsdk/src/ARSDKBuildUtils/out/arsdk-native/build/libARStream2/obj/src/arstream2_rtcp.c.o
                0x0000000000039a10                ARSTREAM2_RTCP_GetApplicationPacketSubtype
 *fill*         0x0000000000039b6d        0x3 
 .text.ARSTREAM2_RTCP_GenerateApplicationClockDelta
                0x0000000000039b70       0xa3 /home/jose/catkin_ws/build/parrot_arsdk/arsdk/src/ARSDKBuildUtils/out/arsdk-native/build/libARStream2/obj/src/arstream2_rtcp.c.o
                0x0000000000039b70                ARSTREAM2_RTCP_GenerateApplicationClockDelta
 *fill*         0x0000000000039c13        0xd 
 .text.ARSTREAM2_RTCP_ProcessApplicationClockDelta
                0x0000000000039c20      0x4aa /home/jose/catkin_ws/build/parrot_arsdk/arsdk/src/ARSDKBuildUtils/out/arsdk-native/build/libARStream2/obj/src/arstream2_rtcp.c.o
                0x0000000000039c20                ARSTREAM2_RTCP_ProcessApplicationClockDelta
 *fill*         0x000000000003a0ca        0x6 
 .text.ARSTREAM2_RTCP_GenerateApplicationVideoStats
                0x000000000003a0d0      0x258 /home/jose/catkin_ws/build/parrot_arsdk/arsdk/src/ARSDKBuildUtils/out/arsdk-native/build/libARStream2/obj/src/arstream2_rtcp.c.o
                0x000000000003a0d0                ARSTREAM2_RTCP_GenerateApplicationVideoStats
 *fill*         0x000000000003a328        0x8 
 .text.ARSTREAM2_RTCP_ProcessApplicationVideoStats
                0x000000000003a330      0x423 /home/jose/catkin_ws/build/parrot_arsdk/arsdk/src/ARSDKBuildUtils/out/arsdk-native/build/libARStream2/obj/src/arstream2_rtcp.c.o
                0x000000000003a330                ARSTREAM2_RTCP_ProcessApplicationVideoStats
 *fill*         0x000000000003a753        0xd 
 .text.ARSTREAM2_RTCP_Sender_GenerateCompoundPacket
                0x000000000003a760      0x2d3 /home/jose/catkin_ws/build/parrot_arsdk/arsdk/src/ARSDKBuildUtils/out/arsdk-native/build/libARStream2/obj/src/arstream2_rtcp.c.o
                0x000000000003a760                ARSTREAM2_RTCP_Sender_GenerateCompoundPacket
 *fill*         0x000000000003aa33        0xd 
 .text.ARSTREAM2_RTCP_Receiver_GenerateCompoundPacket
                0x000000000003aa40      0x3d4 /home/jose/catkin_ws/build/parrot_arsdk/arsdk/src/ARSDKBuildUtils/out/arsdk-native/build/libARStream2/obj/src/arstream2_rtcp.c.o
                0x000000000003aa40                ARSTREAM2_RTCP_Receiver_GenerateCompoundPacket
 *fill*         0x000000000003ae14        0xc 
 .text.ARSTREAM2_RTCP_Sender_ProcessCompoundPacket
                0x000000000003ae20      0x320 /home/jose/catkin_ws/build/parrot_arsdk/arsdk/src/ARSDKBuildUtils/out/arsdk-native/build/libARStream2/obj/src/arstream2_rtcp.c.o
                0x000000000003ae20                ARSTREAM2_RTCP_Sender_ProcessCompoundPacket
 .text.ARSTREAM2_RTCP_Receiver_ProcessCompoundPacket
                0x000000000003b140      0x214 /home/jose/catkin_ws/build/parrot_arsdk/arsdk/src/ARSDKBuildUtils/out/arsdk-native/build/libARStream2/obj/src/arstream2_rtcp.c.o
                0x000000000003b140                ARSTREAM2_RTCP_Receiver_ProcessCompoundPacket
 *fill*         0x000000000003b354        0xc 
 .text.ARSTREAM2_StreamRecorder_Init
                0x000000000003b360      0x4f4 /home/jose/catkin_ws/build/parrot_arsdk/arsdk/src/ARSDKBuildUtils/out/arsdk-native/build/libARStream2/obj/src/arstream2_stream_recorder.c.o
                0x000000000003b360                ARSTREAM2_StreamRecorder_Init
 *fill*         0x000000000003b854        0xc 
 .text.ARSTREAM2_StreamRecorder_Free
                0x000000000003b860      0x121 /home/jose/catkin_ws/build/parrot_arsdk/arsdk/src/ARSDKBuildUtils/out/arsdk-native/build/libARStream2/obj/src/arstream2_stream_recorder.c.o
                0x000000000003b860                ARSTREAM2_StreamRecorder_Free
 *fill*         0x000000000003b981        0xf 
 .text.ARSTREAM2_StreamRecorder_Stop
                0x000000000003b990       0x8e /home/jose/catkin_ws/build/parrot_arsdk/arsdk/src/ARSDKBuildUtils/out/arsdk-native/build/libARStream2/obj/src/arstream2_stream_recorder.c.o
                0x000000000003b990                ARSTREAM2_StreamRecorder_Stop
 *fill*         0x000000000003ba1e        0x2 
 .text.ARSTREAM2_StreamRecorder_SetUntimedMetadata
                0x000000000003ba20      0x321 /home/jose/catkin_ws/build/parrot_arsdk/arsdk/src/ARSDKBuildUtils/out/arsdk-native/build/libARStream2/obj/src/arstream2_stream_recorder.c.o
                0x000000000003ba20                ARSTREAM2_StreamRecorder_SetUntimedMetadata
 *fill*         0x000000000003bd41        0xf 
 .text.ARSTREAM2_StreamRecorder_RunThread
                0x000000000003bd50      0x9ce /home/jose/catkin_ws/build/parrot_arsdk/arsdk/src/ARSDKBuildUtils/out/arsdk-native/build/libARStream2/obj/src/arstream2_stream_recorder.c.o
                0x000000000003bd50                ARSTREAM2_StreamRecorder_RunThread
 *fill*         0x000000000003c71e        0x2 
 .text.ARSTREAM2_StreamStats_VideoStatsFileOpen
                0x000000000003c720      0x2cd /home/jose/catkin_ws/build/parrot_arsdk/arsdk/src/ARSDKBuildUtils/out/arsdk-native/build/libARStream2/obj/src/arstream2_stream_stats.c.o
                0x000000000003c720                ARSTREAM2_StreamStats_VideoStatsFileOpen
 *fill*         0x000000000003c9ed        0x3 
 .text.ARSTREAM2_StreamStats_VideoStatsFileClose
                0x000000000003c9f0       0x20 /home/jose/catkin_ws/build/parrot_arsdk/arsdk/src/ARSDKBuildUtils/out/arsdk-native/build/libARStream2/obj/src/arstream2_stream_stats.c.o
                0x000000000003c9f0                ARSTREAM2_StreamStats_VideoStatsFileClose
 .text.ARSTREAM2_StreamStats_VideoStatsFileWrite
                0x000000000003ca10      0x189 /home/jose/catkin_ws/build/parrot_arsdk/arsdk/src/ARSDKBuildUtils/out/arsdk-native/build/libARStream2/obj/src/arstream2_stream_stats.c.o
                0x000000000003ca10                ARSTREAM2_StreamStats_VideoStatsFileWrite
 *fill*         0x000000000003cb99        0x7 
 .text.ARSTREAM2_StreamStats_RtpStatsFileOpen
                0x000000000003cba0      0x30e /home/jose/catkin_ws/build/parrot_arsdk/arsdk/src/ARSDKBuildUtils/out/arsdk-native/build/libARStream2/obj/src/arstream2_stream_stats.c.o
                0x000000000003cba0                ARSTREAM2_StreamStats_RtpStatsFileOpen
 *fill*         0x000000000003ceae        0x2 
 .text.ARSTREAM2_StreamStats_RtpStatsFileClose
                0x000000000003ceb0       0x20 /home/jose/catkin_ws/build/parrot_arsdk/arsdk/src/ARSDKBuildUtils/out/arsdk-native/build/libARStream2/obj/src/arstream2_stream_stats.c.o
                0x000000000003ceb0                ARSTREAM2_StreamStats_RtpStatsFileClose
 .text.ARSTREAM2_StreamStats_RtpStatsFileWrite
                0x000000000003ced0      0x38a /home/jose/catkin_ws/build/parrot_arsdk/arsdk/src/ARSDKBuildUtils/out/arsdk-native/build/libARStream2/obj/src/arstream2_stream_stats.c.o
                0x000000000003ced0                ARSTREAM2_StreamStats_RtpStatsFileWrite
 *fill*         0x000000000003d25a        0x6 
 .text.ARSTREAM2_StreamStats_RtpLossFileOpen
                0x000000000003d260      0x22d /home/jose/catkin_ws/build/parrot_arsdk/arsdk/src/ARSDKBuildUtils/out/arsdk-native/build/libARStream2/obj/src/arstream2_stream_stats.c.o
                0x000000000003d260                ARSTREAM2_StreamStats_RtpLossFileOpen
 *fill*         0x000000000003d48d        0x3 
 .text.ARSTREAM2_StreamStats_RtpLossFileClose
                0x000000000003d490       0x1e /home/jose/catkin_ws/build/parrot_arsdk/arsdk/src/ARSDKBuildUtils/out/arsdk-native/build/libARStream2/obj/src/arstream2_stream_stats.c.o
                0x000000000003d490                ARSTREAM2_StreamStats_RtpLossFileClose
 *fill*         0x000000000003d4ae        0x2 
 .text.ARSTREAM2_StreamStats_RtpLossFileWrite
                0x000000000003d4b0      0x171 /home/jose/catkin_ws/build/parrot_arsdk/arsdk/src/ARSDKBuildUtils/out/arsdk-native/build/libARStream2/obj/src/arstream2_stream_stats.c.o
                0x000000000003d4b0                ARSTREAM2_StreamStats_RtpLossFileWrite
 *fill*         0x000000000003d621        0xf 
 .text.ARSTREAM2_StreamSender_VideoStatsCallback
                0x000000000003d630      0x2d5 /home/jose/catkin_ws/build/parrot_arsdk/arsdk/src/ARSDKBuildUtils/out/arsdk-native/build/libARStream2/obj/src/arstream2_stream_sender.c.o
 *fill*         0x000000000003d905        0xb 
 .text.ARSTREAM2_StreamSender_RtpStatsCallback.part.0
                0x000000000003d910      0x2e5 /home/jose/catkin_ws/build/parrot_arsdk/arsdk/src/ARSDKBuildUtils/out/arsdk-native/build/libARStream2/obj/src/arstream2_stream_sender.c.o
 *fill*         0x000000000003dbf5        0xb 
 .text.ARSTREAM2_StreamSender_RtpStatsCallback
                0x000000000003dc00       0x19 /home/jose/catkin_ws/build/parrot_arsdk/arsdk/src/ARSDKBuildUtils/out/arsdk-native/build/libARStream2/obj/src/arstream2_stream_sender.c.o
 *fill*         0x000000000003dc19        0x7 
 .text.ARSTREAM2_StreamSender_Init
                0x000000000003dc20      0x8ea /home/jose/catkin_ws/build/parrot_arsdk/arsdk/src/ARSDKBuildUtils/out/arsdk-native/build/libARStream2/obj/src/arstream2_stream_sender.c.o
                0x000000000003dc20                ARSTREAM2_StreamSender_Init
 *fill*         0x000000000003e50a        0x6 
 .text.ARSTREAM2_StreamSender_Stop
                0x000000000003e510       0xa9 /home/jose/catkin_ws/build/parrot_arsdk/arsdk/src/ARSDKBuildUtils/out/arsdk-native/build/libARStream2/obj/src/arstream2_stream_sender.c.o
                0x000000000003e510                ARSTREAM2_StreamSender_Stop
 *fill*         0x000000000003e5b9        0x7 
 .text.ARSTREAM2_StreamSender_Free
                0x000000000003e5c0      0x209 /home/jose/catkin_ws/build/parrot_arsdk/arsdk/src/ARSDKBuildUtils/out/arsdk-native/build/libARStream2/obj/src/arstream2_stream_sender.c.o
                0x000000000003e5c0                ARSTREAM2_StreamSender_Free
 *fill*         0x000000000003e7c9        0x7 
 .text.ARSTREAM2_StreamSender_SendNNewNalu
                0x000000000003e7d0      0x2cc /home/jose/catkin_ws/build/parrot_arsdk/arsdk/src/ARSDKBuildUtils/out/arsdk-native/build/libARStream2/obj/src/arstream2_stream_sender.c.o
                0x000000000003e7d0                ARSTREAM2_StreamSender_SendNNewNalu
 *fill*         0x000000000003ea9c        0x4 
 .text.ARSTREAM2_StreamSender_SendNewNalu
                0x000000000003eaa0       0x11 /home/jose/catkin_ws/build/parrot_arsdk/arsdk/src/ARSDKBuildUtils/out/arsdk-native/build/libARStream2/obj/src/arstream2_stream_sender.c.o
                0x000000000003eaa0                ARSTREAM2_StreamSender_SendNewNalu
 *fill*         0x000000000003eab1        0xf 
 .text.ARSTREAM2_StreamSender_FlushNaluQueue
                0x000000000003eac0       0x45 /home/jose/catkin_ws/build/parrot_arsdk/arsdk/src/ARSDKBuildUtils/out/arsdk-native/build/libARStream2/obj/src/arstream2_stream_sender.c.o
                0x000000000003eac0                ARSTREAM2_StreamSender_FlushNaluQueue
 *fill*         0x000000000003eb05        0xb 
 .text.ARSTREAM2_StreamSender_RunThread
                0x000000000003eb10      0x6a7 /home/jose/catkin_ws/build/parrot_arsdk/arsdk/src/ARSDKBuildUtils/out/arsdk-native/build/libARStream2/obj/src/arstream2_stream_sender.c.o
                0x000000000003eb10                ARSTREAM2_StreamSender_RunThread
 *fill*         0x000000000003f1b7        0x9 
 .text.ARSTREAM2_StreamSender_GetDynamicConfig
                0x000000000003f1c0      0x115 /home/jose/catkin_ws/build/parrot_arsdk/arsdk/src/ARSDKBuildUtils/out/arsdk-native/build/libARStream2/obj/src/arstream2_stream_sender.c.o
                0x000000000003f1c0                ARSTREAM2_StreamSender_GetDynamicConfig
 *fill*         0x000000000003f2d5        0xb 
 .text.ARSTREAM2_StreamSender_SetDynamicConfig
                0x000000000003f2e0      0x228 /home/jose/catkin_ws/build/parrot_arsdk/arsdk/src/ARSDKBuildUtils/out/arsdk-native/build/libARStream2/obj/src/arstream2_stream_sender.c.o
                0x000000000003f2e0                ARSTREAM2_StreamSender_SetDynamicConfig
 *fill*         0x000000000003f508        0x8 
 .text.ARSTREAM2_StreamSender_GetUntimedMetadata
                0x000000000003f510      0x558 /home/jose/catkin_ws/build/parrot_arsdk/arsdk/src/ARSDKBuildUtils/out/arsdk-native/build/libARStream2/obj/src/arstream2_stream_sender.c.o
                0x000000000003f510                ARSTREAM2_StreamSender_GetUntimedMetadata
 *fill*         0x000000000003fa68        0x8 
 .text.ARSTREAM2_StreamSender_SetUntimedMetadata
                0x000000000003fa70      0xa76 /home/jose/catkin_ws/build/parrot_arsdk/arsdk/src/ARSDKBuildUtils/out/arsdk-native/build/libARStream2/obj/src/arstream2_stream_sender.c.o
                0x000000000003fa70                ARSTREAM2_StreamSender_SetUntimedMetadata
 *fill*         0x00000000000404e6        0xa 
 .text.ARSTREAM2_StreamSender_GetPeerUntimedMetadata
                0x00000000000404f0      0x3a7 /home/jose/catkin_ws/build/parrot_arsdk/arsdk/src/ARSDKBuildUtils/out/arsdk-native/build/libARStream2/obj/src/arstream2_stream_sender.c.o
                0x00000000000404f0                ARSTREAM2_StreamSender_GetPeerUntimedMetadata
 *fill*         0x0000000000040897        0x9 
 .text.ARSTREAM2_StreamSender_GetMonitoring
                0x00000000000408a0       0x76 /home/jose/catkin_ws/build/parrot_arsdk/arsdk/src/ARSDKBuildUtils/out/arsdk-native/build/libARStream2/obj/src/arstream2_stream_sender.c.o
                0x00000000000408a0                ARSTREAM2_StreamSender_GetMonitoring
 *fill*         0x0000000000040916        0xa 
 .text.ARSTREAM2_StreamReceiver_AppOutputAuEnqueue
                0x0000000000040920      0x183 /home/jose/catkin_ws/build/parrot_arsdk/arsdk/src/ARSDKBuildUtils/out/arsdk-native/build/libARStream2/obj/src/arstream2_stream_receiver.c.o
 *fill*         0x0000000000040aa3        0xd 
 .text.ARSTREAM2_StreamReceiver_RecorderAuEnqueue
                0x0000000000040ab0      0x183 /home/jose/catkin_ws/build/parrot_arsdk/arsdk/src/ARSDKBuildUtils/out/arsdk-native/build/libARStream2/obj/src/arstream2_stream_receiver.c.o
 *fill*         0x0000000000040c33        0xd 
 .text.ARSTREAM2_StreamReceiver_RtpReceiverAuCallback
                0x0000000000040c40      0x952 /home/jose/catkin_ws/build/parrot_arsdk/arsdk/src/ARSDKBuildUtils/out/arsdk-native/build/libARStream2/obj/src/arstream2_stream_receiver.c.o
 *fill*         0x0000000000041592        0xe 
 .text.ARSTREAM2_StreamReceiver_StreamRecorderInit
                0x00000000000415a0      0x2ef /home/jose/catkin_ws/build/parrot_arsdk/arsdk/src/ARSDKBuildUtils/out/arsdk-native/build/libARStream2/obj/src/arstream2_stream_receiver.c.o
 *fill*         0x000000000004188f        0x1 
 .text.ARSTREAM2_StreamReceiver_H264FilterSpsPpsCallback
                0x0000000000041890      0x273 /home/jose/catkin_ws/build/parrot_arsdk/arsdk/src/ARSDKBuildUtils/out/arsdk-native/build/libARStream2/obj/src/arstream2_stream_receiver.c.o
 *fill*         0x0000000000041b03        0xd 
 .text.ARSTREAM2_StreamReceiver_RtpReceiverStatsCallback
                0x0000000000041b10      0x16d /home/jose/catkin_ws/build/parrot_arsdk/arsdk/src/ARSDKBuildUtils/out/arsdk-native/build/libARStream2/obj/src/arstream2_stream_receiver.c.o
 *fill*         0x0000000000041c7d        0x3 
 .text.ARSTREAM2_StreamReceiver_StreamRecorderFree
                0x0000000000041c80      0x1c1 /home/jose/catkin_ws/build/parrot_arsdk/arsdk/src/ARSDKBuildUtils/out/arsdk-native/build/libARStream2/obj/src/arstream2_stream_receiver.c.o
 *fill*         0x0000000000041e41        0xf 
 .text.ARSTREAM2_StreamReceiver_Init
                0x0000000000041e50     0x115d /home/jose/catkin_ws/build/parrot_arsdk/arsdk/src/ARSDKBuildUtils/out/arsdk-native/build/libARStream2/obj/src/arstream2_stream_receiver.c.o
                0x0000000000041e50                ARSTREAM2_StreamReceiver_Init
 *fill*         0x0000000000042fad        0x3 
 .text.ARSTREAM2_StreamReceiver_Free
                0x0000000000042fb0      0x3b9 /home/jose/catkin_ws/build/parrot_arsdk/arsdk/src/ARSDKBuildUtils/out/arsdk-native/build/libARStream2/obj/src/arstream2_stream_receiver.c.o
                0x0000000000042fb0                ARSTREAM2_StreamReceiver_Free
 *fill*         0x0000000000043369        0x7 
 .text.ARSTREAM2_StreamReceiver_RunAppOutputThread
                0x0000000000043370      0xb15 /home/jose/catkin_ws/build/parrot_arsdk/arsdk/src/ARSDKBuildUtils/out/arsdk-native/build/libARStream2/obj/src/arstream2_stream_receiver.c.o
                0x0000000000043370                ARSTREAM2_StreamReceiver_RunAppOutputThread
 *fill*         0x0000000000043e85        0xb 
 .text.ARSTREAM2_StreamReceiver_RunNetworkThread
                0x0000000000043e90      0xab9 /home/jose/catkin_ws/build/parrot_arsdk/arsdk/src/ARSDKBuildUtils/out/arsdk-native/build/libARStream2/obj/src/arstream2_stream_receiver.c.o
                0x0000000000043e90                ARSTREAM2_StreamReceiver_RunNetworkThread
 *fill*         0x0000000000044949        0x7 
 .text.ARSTREAM2_StreamReceiver_StartAppOutput
                0x0000000000044950      0x2e6 /home/jose/catkin_ws/build/parrot_arsdk/arsdk/src/ARSDKBuildUtils/out/arsdk-native/build/libARStream2/obj/src/arstream2_stream_receiver.c.o
                0x0000000000044950                ARSTREAM2_StreamReceiver_StartAppOutput
 *fill*         0x0000000000044c36        0xa 
 .text.ARSTREAM2_StreamReceiver_StopAppOutput
                0x0000000000044c40      0x15f /home/jose/catkin_ws/build/parrot_arsdk/arsdk/src/ARSDKBuildUtils/out/arsdk-native/build/libARStream2/obj/src/arstream2_stream_receiver.c.o
                0x0000000000044c40                ARSTREAM2_StreamReceiver_StopAppOutput
 *fill*         0x0000000000044d9f        0x1 
 .text.ARSTREAM2_StreamReceiver_GetSpsPps
                0x0000000000044da0      0x13c /home/jose/catkin_ws/build/parrot_arsdk/arsdk/src/ARSDKBuildUtils/out/arsdk-native/build/libARStream2/obj/src/arstream2_stream_receiver.c.o
                0x0000000000044da0                ARSTREAM2_StreamReceiver_GetSpsPps
 *fill*         0x0000000000044edc        0x4 
 .text.ARSTREAM2_StreamReceiver_GetUntimedMetadata
                0x0000000000044ee0      0x590 /home/jose/catkin_ws/build/parrot_arsdk/arsdk/src/ARSDKBuildUtils/out/arsdk-native/build/libARStream2/obj/src/arstream2_stream_receiver.c.o
                0x0000000000044ee0                ARSTREAM2_StreamReceiver_GetUntimedMetadata
 .text.ARSTREAM2_StreamReceiver_SetUntimedMetadata
                0x0000000000045470      0xaca /home/jose/catkin_ws/build/parrot_arsdk/arsdk/src/ARSDKBuildUtils/out/arsdk-native/build/libARStream2/obj/src/arstream2_stream_receiver.c.o
                0x0000000000045470                ARSTREAM2_StreamReceiver_SetUntimedMetadata
 *fill*         0x0000000000045f3a        0x6 
 .text.ARSTREAM2_StreamReceiver_GetPeerUntimedMetadata
                0x0000000000045f40      0x3f5 /home/jose/catkin_ws/build/parrot_arsdk/arsdk/src/ARSDKBuildUtils/out/arsdk-native/build/libARStream2/obj/src/arstream2_stream_receiver.c.o
                0x0000000000045f40                ARSTREAM2_StreamReceiver_GetPeerUntimedMetadata
 *fill*         0x0000000000046335        0xb 
 .text.ARSTREAM2_StreamReceiver_StreamRecorderStop.part.0
                0x0000000000046340      0x2a3 /home/jose/catkin_ws/build/parrot_arsdk/arsdk/src/ARSDKBuildUtils/out/arsdk-native/build/libARStream2/obj/src/arstream2_stream_receiver.c.o
 *fill*         0x00000000000465e3        0xd 
 .text.ARSTREAM2_StreamReceiver_Stop
                0x00000000000465f0      0x133 /home/jose/catkin_ws/build/parrot_arsdk/arsdk/src/ARSDKBuildUtils/out/arsdk-native/build/libARStream2/obj/src/arstream2_stream_receiver.c.o
                0x00000000000465f0                ARSTREAM2_StreamReceiver_Stop
 *fill*         0x0000000000046723        0xd 
 .text.ARSTREAM2_StreamReceiver_StartResender
                0x0000000000046730      0x528 /home/jose/catkin_ws/build/parrot_arsdk/arsdk/src/ARSDKBuildUtils/out/arsdk-native/build/libARStream2/obj/src/arstream2_stream_receiver.c.o
                0x0000000000046730                ARSTREAM2_StreamReceiver_StartResender
 *fill*         0x0000000000046c58        0x8 
 .text.ARSTREAM2_StreamReceiver_StopResender
                0x0000000000046c60      0x309 /home/jose/catkin_ws/build/parrot_arsdk/arsdk/src/ARSDKBuildUtils/out/arsdk-native/build/libARStream2/obj/src/arstream2_stream_receiver.c.o
                0x0000000000046c60                ARSTREAM2_StreamReceiver_StopResender
 *fill*         0x0000000000046f69        0x7 
 .text.ARSTREAM2_StreamReceiver_StartRecorder
                0x0000000000046f70      0x145 /home/jose/catkin_ws/build/parrot_arsdk/arsdk/src/ARSDKBuildUtils/out/arsdk-native/build/libARStream2/obj/src/arstream2_stream_receiver.c.o
                0x0000000000046f70                ARSTREAM2_StreamReceiver_StartRecorder
 *fill*         0x00000000000470b5        0xb 
 .text.ARSTREAM2_StreamReceiver_StopRecorder
                0x00000000000470c0      0x131 /home/jose/catkin_ws/build/parrot_arsdk/arsdk/src/ARSDKBuildUtils/out/arsdk-native/build/libARStream2/obj/src/arstream2_stream_receiver.c.o
                0x00000000000470c0                ARSTREAM2_StreamReceiver_StopRecorder
 *(.gnu.warning)

.fini           0x00000000000471f4        0xd
 *(SORT_NONE(.fini))
 .fini          0x00000000000471f4        0x8 /usr/lib/gcc/x86_64-linux-gnu/9/../../../x86_64-linux-gnu/crti.o
                0x00000000000471f4                _fini
 .fini          0x00000000000471fc        0x5 /usr/lib/gcc/x86_64-linux-gnu/9/../../../x86_64-linux-gnu/crtn.o
                [!provide]                        PROVIDE (__etext = .)
                [!provide]                        PROVIDE (_etext = .)
                [!provide]                        PROVIDE (etext = .)
                0x0000000000048000                . = ALIGN (CONSTANT (MAXPAGESIZE))
                0x0000000000048000                . = SEGMENT_START ("rodata-segment", (ALIGN (CONSTANT (MAXPAGESIZE)) + (. & (CONSTANT (MAXPAGESIZE) - 0x1))))

.rodata         0x0000000000048000     0x95de
 *(.rodata .rodata.* .gnu.linkonce.r.*)
 .rodata.str1.1
                0x0000000000048000       0xc1 /home/jose/catkin_ws/build/parrot_arsdk/arsdk/src/ARSDKBuildUtils/out/arsdk-native/build/libARStream2/obj/gen/Sources/arstream2_error.c.o
 *fill*         0x00000000000480c1        0x7 
 .rodata.str1.8
                0x00000000000480c8       0x2a /home/jose/catkin_ws/build/parrot_arsdk/arsdk/src/ARSDKBuildUtils/out/arsdk-native/build/libARStream2/obj/gen/Sources/arstream2_error.c.o
 *fill*         0x00000000000480f2        0x2 
 .rodata        0x00000000000480f4       0x2c /home/jose/catkin_ws/build/parrot_arsdk/arsdk/src/ARSDKBuildUtils/out/arsdk-native/build/libARStream2/obj/gen/Sources/arstream2_error.c.o
 .rodata.str1.1
                0x0000000000048120       0xc0 /home/jose/catkin_ws/build/parrot_arsdk/arsdk/src/ARSDKBuildUtils/out/arsdk-native/build/libARStream2/obj/src/arstream2_h264_filter.c.o
 .rodata.str1.8
                0x00000000000481e0      0x4e8 /home/jose/catkin_ws/build/parrot_arsdk/arsdk/src/ARSDKBuildUtils/out/arsdk-native/build/libARStream2/obj/src/arstream2_h264_filter.c.o
 *fill*         0x00000000000486c8        0x8 
 .rodata        0x00000000000486d0       0xaf /home/jose/catkin_ws/build/parrot_arsdk/arsdk/src/ARSDKBuildUtils/out/arsdk-native/build/libARStream2/obj/src/arstream2_h264_filter.c.o
 *fill*         0x000000000004877f        0x1 
 .rodata.cst4   0x0000000000048780        0x4 /home/jose/catkin_ws/build/parrot_arsdk/arsdk/src/ARSDKBuildUtils/out/arsdk-native/build/libARStream2/obj/src/arstream2_h264_filter.c.o
 .rodata.str1.1
                0x0000000000048784       0xa6 /home/jose/catkin_ws/build/parrot_arsdk/arsdk/src/ARSDKBuildUtils/out/arsdk-native/build/libARStream2/obj/src/arstream2_h264_filter_error.c.o
                                         0xc4 (size before relaxing)
 *fill*         0x000000000004882a        0x6 
 .rodata.str1.8
                0x0000000000048830      0x24b /home/jose/catkin_ws/build/parrot_arsdk/arsdk/src/ARSDKBuildUtils/out/arsdk-native/build/libARStream2/obj/src/arstream2_h264_filter_error.c.o
                                        0x283 (size before relaxing)
 *fill*         0x0000000000048a7b        0x5 
 .rodata        0x0000000000048a80       0xaf /home/jose/catkin_ws/build/parrot_arsdk/arsdk/src/ARSDKBuildUtils/out/arsdk-native/build/libARStream2/obj/src/arstream2_h264_filter_error.c.o
 .rodata.str1.1
                0x0000000000048b2f      0x919 /home/jose/catkin_ws/build/parrot_arsdk/arsdk/src/ARSDKBuildUtils/out/arsdk-native/build/libARStream2/obj/src/arstream2_h264_parser.c.o
                                        0x98d (size before relaxing)
 .rodata.str1.8
                0x0000000000049448     0x1933 /home/jose/catkin_ws/build/parrot_arsdk/arsdk/src/ARSDKBuildUtils/out/arsdk-native/build/libARStream2/obj/src/arstream2_h264_parser.c.o
 *fill*         0x000000000004ad7b        0x5 
 .rodata        0x000000000004ad80      0x660 /home/jose/catkin_ws/build/parrot_arsdk/arsdk/src/ARSDKBuildUtils/out/arsdk-native/build/libARStream2/obj/src/arstream2_h264_parser.c.o
 .rodata.cst8   0x000000000004b3e0       0x18 /home/jose/catkin_ws/build/parrot_arsdk/arsdk/src/ARSDKBuildUtils/out/arsdk-native/build/libARStream2/obj/src/arstream2_h264_parser.c.o
 *fill*         0x000000000004b3f8        0x8 
 .rodata.cst16  0x000000000004b400       0x10 /home/jose/catkin_ws/build/parrot_arsdk/arsdk/src/ARSDKBuildUtils/out/arsdk-native/build/libARStream2/obj/src/arstream2_h264_parser.c.o
 .rodata.str1.1
                0x000000000004b410       0x7d /home/jose/catkin_ws/build/parrot_arsdk/arsdk/src/ARSDKBuildUtils/out/arsdk-native/build/libARStream2/obj/src/arstream2_h264_writer.c.o
 *fill*         0x000000000004b48d        0x3 
 .rodata.str1.8
                0x000000000004b490       0xb3 /home/jose/catkin_ws/build/parrot_arsdk/arsdk/src/ARSDKBuildUtils/out/arsdk-native/build/libARStream2/obj/src/arstream2_h264_writer.c.o
 *fill*         0x000000000004b543       0x1d 