
Merging program properties


As-needed library included to satisfy reference by file (symbol)

libz.so.1                     /home/jose/catkin_ws/build/parrot_arsdk/arsdk/src/ARSDKBuildUtils/out/arsdk-native/build/libpuf/obj/src/libpuf_tar.c.o (gzread)
libtar.so                     /home/jose/catkin_ws/build/parrot_arsdk/arsdk/src/ARSDKBuildUtils/out/arsdk-native/build/libpuf/obj/src/libpuf_tar.c.o (tar_close)
libpthread.so.0               /home/jose/catkin_ws/build/parrot_arsdk/arsdk/src/ARSDKBuildUtils/out/arsdk-native/build/libpuf/obj/src/libpuf_tar.c.o (__errno_location@@GLIBC_2.2.5)
libc.so.6                     /home/jose/catkin_ws/build/parrot_arsdk/arsdk/src/ARSDKBuildUtils/out/arsdk-native/build/libpuf/obj/src/libpuf_tar.c.o (fchmod@@GLIBC_2.2.5)

Discarded input sections

 .text          0x0000000000000000        0x0 /usr/lib/gcc/x86_64-linux-gnu/9/../../../x86_64-linux-gnu/crti.o
 .data          0x0000000000000000        0x0 /usr/lib/gcc/x86_64-linux-gnu/9/../../../x86_64-linux-gnu/crti.o
 .bss           0x0000000000000000        0x0 /usr/lib/gcc/x86_64-linux-gnu/9/../../../x86_64-linux-gnu/crti.o
 .note.GNU-stack
                0x0000000000000000        0x0 /usr/lib/gcc/x86_64-linux-gnu/9/../../../x86_64-linux-gnu/crti.o
 .data          0x0000000000000000        0x0 /usr/lib/gcc/x86_64-linux-gnu/9/crtbeginS.o
 .note.GNU-stack
                0x0000000000000000        0x0 /usr/lib/gcc/x86_64-linux-gnu/9/crtbeginS.o
 .note.gnu.property
                0x0000000000000000       0x20 /usr/lib/gcc/x86_64-linux-gnu/9/crtbeginS.o
 .text          0x0000000000000000        0x0 /home/jose/catkin_ws/build/parrot_arsdk/arsdk/src/ARSDKBuildUtils/out/arsdk-native/build/libpuf/obj/src/libpuf.c.o
 .data          0x0000000000000000        0x0 /home/jose/catkin_ws/build/parrot_arsdk/arsdk/src/ARSDKBuildUtils/out/arsdk-native/build/libpuf/obj/src/libpuf.c.o
 .bss           0x0000000000000000        0x0 /home/jose/catkin_ws/build/parrot_arsdk/arsdk/src/ARSDKBuildUtils/out/arsdk-native/build/libpuf/obj/src/libpuf.c.o
 .data.rel.local
                0x0000000000000000       0x20 /home/jose/catkin_ws/build/parrot_arsdk/arsdk/src/ARSDKBuildUtils/out/arsdk-native/build/libpuf/obj/src/libpuf.c.o
 .note.GNU-stack
                0x0000000000000000        0x0 /home/jose/catkin_ws/build/parrot_arsdk/arsdk/src/ARSDKBuildUtils/out/arsdk-native/build/libpuf/obj/src/libpuf.c.o
 .note.gnu.property
                0x0000000000000000       0x20 /home/jose/catkin_ws/build/parrot_arsdk/arsdk/src/ARSDKBuildUtils/out/arsdk-native/build/libpuf/obj/src/libpuf.c.o
 .text          0x0000000000000000        0x0 /home/jose/catkin_ws/build/parrot_arsdk/arsdk/src/ARSDKBuildUtils/out/arsdk-native/build/libpuf/obj/src/libpuf_plf.c.o
 .data          0x0000000000000000        0x0 /home/jose/catkin_ws/build/parrot_arsdk/arsdk/src/ARSDKBuildUtils/out/arsdk-native/build/libpuf/obj/src/libpuf_plf.c.o
 .bss           0x0000000000000000        0x0 /home/jose/catkin_ws/build/parrot_arsdk/arsdk/src/ARSDKBuildUtils/out/arsdk-native/build/libpuf/obj/src/libpuf_plf.c.o
 .note.GNU-stack
                0x0000000000000000        0x0 /home/jose/catkin_ws/build/parrot_arsdk/arsdk/src/ARSDKBuildUtils/out/arsdk-native/build/libpuf/obj/src/libpuf_plf.c.o
 .note.gnu.property
                0x0000000000000000       0x20 /home/jose/catkin_ws/build/parrot_arsdk/arsdk/src/ARSDKBuildUtils/out/arsdk-native/build/libpuf/obj/src/libpuf_plf.c.o
 .text          0x0000000000000000        0x0 /home/jose/catkin_ws/build/parrot_arsdk/arsdk/src/ARSDKBuildUtils/out/arsdk-native/build/libpuf/obj/src/libpuf_tar.c.o
 .data          0x0000000000000000        0x0 /home/jose/catkin_ws/build/parrot_arsdk/arsdk/src/ARSDKBuildUtils/out/arsdk-native/build/libpuf/obj/src/libpuf_tar.c.o
 .bss           0x0000000000000000        0x0 /home/jose/catkin_ws/build/parrot_arsdk/arsdk/src/ARSDKBuildUtils/out/arsdk-native/build/libpuf/obj/src/libpuf_tar.c.o
 .note.GNU-stack
                0x0000000000000000        0x0 /home/jose/catkin_ws/build/parrot_arsdk/arsdk/src/ARSDKBuildUtils/out/arsdk-native/build/libpuf/obj/src/libpuf_tar.c.o
 .note.gnu.property
                0x0000000000000000       0x20 /home/jose/catkin_ws/build/parrot_arsdk/arsdk/src/ARSDKBuildUtils/out/arsdk-native/build/libpuf/obj/src/libpuf_tar.c.o
 .text          0x0000000000000000        0x0 /usr/lib/gcc/x86_64-linux-gnu/9/crtendS.o
 .data          0x0000000000000000        0x0 /usr/lib/gcc/x86_64-linux-gnu/9/crtendS.o
 .bss           0x0000000000000000        0x0 /usr/lib/gcc/x86_64-linux-gnu/9/crtendS.o
 .note.GNU-stack
                0x0000000000000000        0x0 /usr/lib/gcc/x86_64-linux-gnu/9/crtendS.o
 .note.gnu.property
                0x0000000000000000       0x20 /usr/lib/gcc/x86_64-linux-gnu/9/crtendS.o
 .text          0x0000000000000000        0x0 /usr/lib/gcc/x86_64-linux-gnu/9/../../../x86_64-linux-gnu/crtn.o
 .data          0x0000000000000000        0x0 /usr/lib/gcc/x86_64-linux-gnu/9/../../../x86_64-linux-gnu/crtn.o
 .bss           0x0000000000000000        0x0 /usr/lib/gcc/x86_64-linux-gnu/9/../../../x86_64-linux-gnu/crtn.o
 .note.gnu.property
                0x0000000000000000       0x20 /usr/lib/gcc/x86_64-linux-gnu/9/../../../x86_64-linux-gnu/crtn.o
 .note.GNU-stack
                0x0000000000000000        0x0 /usr/lib/gcc/x86_64-linux-gnu/9/../../../x86_64-linux-gnu/crtn.o

Memory Configuration

Name             Origin             Length             Attributes
*default*        0x0000000000000000 0xffffffffffffffff

Linker script and memory map

LOAD /usr/lib/gcc/x86_64-linux-gnu/9/../../../x86_64-linux-gnu/crti.o
LOAD /usr/lib/gcc/x86_64-linux-gnu/9/crtbeginS.o
LOAD /home/jose/catkin_ws/build/parrot_arsdk/arsdk/src/ARSDKBuildUtils/out/arsdk-native/build/libpuf/obj/src/libpuf.c.o
LOAD /home/jose/catkin_ws/build/parrot_arsdk/arsdk/src/ARSDKBuildUtils/out/arsdk-native/build/libpuf/obj/src/libpuf_plf.c.o
LOAD /home/jose/catkin_ws/build/parrot_arsdk/arsdk/src/ARSDKBuildUtils/out/arsdk-native/build/libpuf/obj/src/libpuf_tar.c.o
LOAD /home/jose/catkin_ws/build/parrot_arsdk/arsdk/src/ARSDKBuildUtils/out/arsdk-native/staging/usr/lib/libulog.so
LOAD /usr/lib/gcc/x86_64-linux-gnu/9/../../../x86_64-linux-gnu/libz.so
LOAD /home/jose/catkin_ws/build/parrot_arsdk/arsdk/src/ARSDKBuildUtils/out/arsdk-native/staging/usr/lib/libtar.so
LOAD /usr/lib/gcc/x86_64-linux-gnu/9/../../../x86_64-linux-gnu/librt.so
LOAD /usr/lib/gcc/x86_64-linux-gnu/9/libstdc++.so
LOAD /usr/lib/gcc/x86_64-linux-gnu/9/../../../x86_64-linux-gnu/libm.so
START GROUP
LOAD /lib/x86_64-linux-gnu/libm.so.6
LOAD /lib/x86_64-linux-gnu/libmvec.so.1
END GROUP
LOAD /usr/lib/gcc/x86_64-linux-gnu/9/libgcc_s.so
START GROUP
LOAD /usr/lib/gcc/x86_64-linux-gnu/9/../../../x86_64-linux-gnu/libgcc_s.so.1
LOAD /usr/lib/gcc/x86_64-linux-gnu/9/libgcc.a
END GROUP
LOAD /usr/lib/gcc/x86_64-linux-gnu/9/../../../x86_64-linux-gnu/libpthread.so
LOAD /usr/lib/gcc/x86_64-linux-gnu/9/../../../x86_64-linux-gnu/libc.so
START GROUP
LOAD /lib/x86_64-linux-gnu/libc.so.6
LOAD /usr/lib/x86_64-linux-gnu/libc_nonshared.a
LOAD /lib/x86_64-linux-gnu/ld-linux-x86-64.so.2
END GROUP
LOAD /usr/lib/gcc/x86_64-linux-gnu/9/libgcc_s.so
START GROUP
LOAD /usr/lib/gcc/x86_64-linux-gnu/9/../../../x86_64-linux-gnu/libgcc_s.so.1
LOAD /usr/lib/gcc/x86_64-linux-gnu/9/libgcc.a
END GROUP
LOAD /usr/lib/gcc/x86_64-linux-gnu/9/crtendS.o
LOAD /usr/lib/gcc/x86_64-linux-gnu/9/../../../x86_64-linux-gnu/crtn.o
                0x00000000000002a8                . = (SEGMENT_START ("text-segment", 0x0) + SIZEOF_HEADERS)

.note.gnu.property
                0x00000000000002a8       0x20
 .note.gnu.property
                0x00000000000002a8       0x20 /usr/lib/gcc/x86_64-linux-gnu/9/../../../x86_64-linux-gnu/crti.o

.note.gnu.build-id
                0x00000000000002c8       0x24
 *(.note.gnu.build-id)
 .note.gnu.build-id
                0x00000000000002c8       0x24 /usr/lib/gcc/x86_64-linux-gnu/9/../../../x86_64-linux-gnu/crti.o

.hash
 *(.hash)

.gnu.hash       0x00000000000002f0       0x50
 *(.gnu.hash)
 .gnu.hash      0x00000000000002f0       0x50 /usr/lib/gcc/x86_64-linux-gnu/9/../../../x86_64-linux-gnu/crti.o

.dynsym         0x0000000000000340      0x450
 *(.dynsym)
 .dynsym        0x0000000000000340      0x450 /usr/lib/gcc/x86_64-linux-gnu/9/../../../x86_64-linux-gnu/crti.o

.dynstr         0x0000000000000790      0x2ae
 *(.dynstr)
 .dynstr        0x0000000000000790      0x2ae /usr/lib/gcc/x86_64-linux-gnu/9/../../../x86_64-linux-gnu/crti.o

.gnu.version    0x0000000000000a3e       0x5c
 *(.gnu.version)
 .gnu.version   0x0000000000000a3e       0x5c /usr/lib/gcc/x86_64-linux-gnu/9/../../../x86_64-linux-gnu/crti.o

.gnu.version_d  0x0000000000000aa0        0x0
 *(.gnu.version_d)
 .gnu.version_d
                0x0000000000000aa0        0x0 /usr/lib/gcc/x86_64-linux-gnu/9/../../../x86_64-linux-gnu/crti.o

.gnu.version_r  0x0000000000000aa0       0x90
 *(.gnu.version_r)
 .gnu.version_r
                0x0000000000000aa0       0x90 /usr/lib/gcc/x86_64-linux-gnu/9/../../../x86_64-linux-gnu/crti.o

.rela.dyn       0x0000000000000b30      0x108
 *(.rela.init)
 *(.rela.text .rela.text.* .rela.gnu.linkonce.t.*)
 .rela.text     0x0000000000000b30        0x0 /usr/lib/gcc/x86_64-linux-gnu/9/../../../x86_64-linux-gnu/crti.o
 *(.rela.fini)
 *(.rela.rodata .rela.rodata.* .rela.gnu.linkonce.r.*)
 *(.rela.data .rela.data.* .rela.gnu.linkonce.d.*)
 .rela.data.rel.local
                0x0000000000000b30       0x18 /usr/lib/gcc/x86_64-linux-gnu/9/../../../x86_64-linux-gnu/crti.o
 .rela.data.rel
                0x0000000000000b48       0x60 /usr/lib/gcc/x86_64-linux-gnu/9/../../../x86_64-linux-gnu/crti.o
 *(.rela.tdata .rela.tdata.* .rela.gnu.linkonce.td.*)
 *(.rela.tbss .rela.tbss.* .rela.gnu.linkonce.tb.*)
 *(.rela.ctors)
 *(.rela.dtors)
 *(.rela.got)
 .rela.got      0x0000000000000ba8       0x60 /usr/lib/gcc/x86_64-linux-gnu/9/../../../x86_64-linux-gnu/crti.o
 *(.rela.bss .rela.bss.* .rela.gnu.linkonce.b.*)
 *(.rela.ldata .rela.ldata.* .rela.gnu.linkonce.l.*)
 *(.rela.lbss .rela.lbss.* .rela.gnu.linkonce.lb.*)
 *(.rela.lrodata .rela.lrodata.* .rela.gnu.linkonce.lr.*)
 *(.rela.ifunc)
 .rela.ifunc    0x0000000000000c08        0x0 /usr/lib/gcc/x86_64-linux-gnu/9/../../../x86_64-linux-gnu/crti.o
 .rela.fini_array
                0x0000000000000c08       0x18 /usr/lib/gcc/x86_64-linux-gnu/9/../../../x86_64-linux-gnu/crti.o
 .rela.init_array
                0x0000000000000c20       0x18 /usr/lib/gcc/x86_64-linux-gnu/9/../../../x86_64-linux-gnu/crti.o

.rela.plt       0x0000000000000c38      0x2a0
 *(.rela.plt)
 .rela.plt      0x0000000000000c38      0x2a0 /usr/lib/gcc/x86_64-linux-gnu/9/../../../x86_64-linux-gnu/crti.o
 *(.rela.iplt)
                0x0000000000001000                . = ALIGN (CONSTANT (MAXPAGESIZE))

.init           0x0000000000001000       0x1b
 *(SORT_NONE(.init))
 .init          0x0000000000001000       0x16 /usr/lib/gcc/x86_64-linux-gnu/9/../../../x86_64-linux-gnu/crti.o
                0x0000000000001000                _init
 .init          0x0000000000001016        0x5 /usr/lib/gcc/x86_64-linux-gnu/9/../../../x86_64-linux-gnu/crtn.o

.plt            0x0000000000001020      0x1d0
 *(.plt)
 .plt           0x0000000000001020      0x1d0 /usr/lib/gcc/x86_64-linux-gnu/9/../../../x86_64-linux-gnu/crti.o
 *(.iplt)

.plt.got        0x00000000000011f0       0x10
 *(.plt.got)
 .plt.got       0x00000000000011f0       0x10 /usr/lib/gcc/x86_64-linux-gnu/9/../../../x86_64-linux-gnu/crti.o

.plt.sec        0x0000000000001200      0x1c0
 *(.plt.sec)
 .plt.sec       0x0000000000001200      0x1c0 /usr/lib/gcc/x86_64-linux-gnu/9/../../../x86_64-linux-gnu/crti.o

.text           0x00000000000013c0     0x122a
 *(.text.unlikely .text.*_unlikely .text.unlikely.*)
 .text.unlikely.puf_version_tostring
                0x00000000000013c0        0xa /home/jose/catkin_ws/build/parrot_arsdk/arsdk/src/ARSDKBuildUtils/out/arsdk-native/build/libpuf/obj/src/libpuf.c.o
 *(.text.exit .text.exit.*)
 *(.text.startup .text.startup.*)
 *(.text.hot .text.hot.*)
 *(SORT_BY_NAME(.text.sorted.*))
 *(.text .stub .text.* .gnu.linkonce.t.*)
 *fill*         0x00000000000013ca        0x6 
 .text          0x00000000000013d0       0xb9 /usr/lib/gcc/x86_64-linux-gnu/9/crtbeginS.o
 *fill*         0x0000000000001489        0x7 
 .text.puf_destroy
                0x0000000000001490       0x39 /home/jose/catkin_ws/build/parrot_arsdk/arsdk/src/ARSDKBuildUtils/out/arsdk-native/build/libpuf/obj/src/libpuf.c.o
                0x0000000000001490                puf_destroy
 *fill*         0x00000000000014c9        0x7 
 .text.puf_new  0x00000000000014d0      0x16c /home/jose/catkin_ws/build/parrot_arsdk/arsdk/src/ARSDKBuildUtils/out/arsdk-native/build/libpuf/obj/src/libpuf.c.o
                0x00000000000014d0                puf_new
 *fill*         0x000000000000163c        0x4 
 .text.puf_get_version
                0x0000000000001640       0x36 /home/jose/catkin_ws/build/parrot_arsdk/arsdk/src/ARSDKBuildUtils/out/arsdk-native/build/libpuf/obj/src/libpuf.c.o
                0x0000000000001640                puf_get_version
 *fill*         0x0000000000001676        0xa 
 .text.puf_get_app_id
                0x0000000000001680       0x36 /home/jose/catkin_ws/build/parrot_arsdk/arsdk/src/ARSDKBuildUtils/out/arsdk-native/build/libpuf/obj/src/libpuf.c.o
                0x0000000000001680                puf_get_app_id
 *fill*         0x00000000000016b6        0xa 
 .text.puf_get_target_id
                0x00000000000016c0       0x36 /home/jose/catkin_ws/build/parrot_arsdk/arsdk/src/ARSDKBuildUtils/out/arsdk-native/build/libpuf/obj/src/libpuf.c.o
                0x00000000000016c0                puf_get_target_id
 *fill*         0x00000000000016f6        0xa 
 .text.puf_get_file_size
                0x0000000000001700       0x36 /home/jose/catkin_ws/build/parrot_arsdk/arsdk/src/ARSDKBuildUtils/out/arsdk-native/build/libpuf/obj/src/libpuf.c.o
                0x0000000000001700                puf_get_file_size
 *fill*         0x0000000000001736        0xa 
 .text.puf_extract_to_buf
                0x0000000000001740       0x46 /home/jose/catkin_ws/build/parrot_arsdk/arsdk/src/ARSDKBuildUtils/out/arsdk-native/build/libpuf/obj/src/libpuf.c.o
                0x0000000000001740                puf_extract_to_buf
 *fill*         0x0000000000001786        0xa 
 .text.puf_extract_to_file
                0x0000000000001790       0x46 /home/jose/catkin_ws/build/parrot_arsdk/arsdk/src/ARSDKBuildUtils/out/arsdk-native/build/libpuf/obj/src/libpuf.c.o
                0x0000000000001790                puf_extract_to_file
 *fill*         0x00000000000017d6        0xa 
 .text.puf_compare_version
                0x00000000000017e0       0x83 /home/jose/catkin_ws/build/parrot_arsdk/arsdk/src/ARSDKBuildUtils/out/arsdk-native/build/libpuf/obj/src/libpuf.c.o
                0x00000000000017e0                puf_compare_version
 *fill*         0x0000000000001863        0xd 
 .text.puf_version_tostring
                0x0000000000001870      0x107 /home/jose/catkin_ws/build/parrot_arsdk/arsdk/src/ARSDKBuildUtils/out/arsdk-native/build/libpuf/obj/src/libpuf.c.o
                0x0000000000001870                puf_version_tostring
 *fill*         0x0000000000001977        0x9 
 .text.puf_version_fromstring
                0x0000000000001980      0x224 /home/jose/catkin_ws/build/parrot_arsdk/arsdk/src/ARSDKBuildUtils/out/arsdk-native/build/libpuf/obj/src/libpuf.c.o
                0x0000000000001980                puf_version_fromstring
 *fill*         0x0000000000001ba4        0xc 
 .text.puf_fill_version_from_header
                0x0000000000001bb0       0xe6 /home/jose/catkin_ws/build/parrot_arsdk/arsdk/src/ARSDKBuildUtils/out/arsdk-native/build/libpuf/obj/src/libpuf_plf.c.o
 *fill*         0x0000000000001c96        0xa 
 .text.puf_plf_new
                0x0000000000001ca0       0x76 /home/jose/catkin_ws/build/parrot_arsdk/arsdk/src/ARSDKBuildUtils/out/arsdk-native/build/libpuf/obj/src/libpuf_plf.c.o
                0x0000000000001ca0                puf_plf_new
 *fill*         0x0000000000001d16        0xa 
 .text.puf_plf_destroy
                0x0000000000001d20       0x11 /home/jose/catkin_ws/build/parrot_arsdk/arsdk/src/ARSDKBuildUtils/out/arsdk-native/build/libpuf/obj/src/libpuf_plf.c.o
                0x0000000000001d20                puf_plf_destroy
 *fill*         0x0000000000001d31        0xf 
 .text.puf_plf_get_version
                0x0000000000001d40       0x1e /home/jose/catkin_ws/build/parrot_arsdk/arsdk/src/ARSDKBuildUtils/out/arsdk-native/build/libpuf/obj/src/libpuf_plf.c.o
                0x0000000000001d40                puf_plf_get_version
 *fill*         0x0000000000001d5e        0x2 
 .text.puf_plf_get_app_id
                0x0000000000001d60       0x26 /home/jose/catkin_ws/build/parrot_arsdk/arsdk/src/ARSDKBuildUtils/out/arsdk-native/build/libpuf/obj/src/libpuf_plf.c.o
                0x0000000000001d60                puf_plf_get_app_id
 *fill*         0x0000000000001d86        0xa 
 .text.puf_plf_get_target_id
                0x0000000000001d90       0x26 /home/jose/catkin_ws/build/parrot_arsdk/arsdk/src/ARSDKBuildUtils/out/arsdk-native/build/libpuf/obj/src/libpuf_plf.c.o
                0x0000000000001d90                puf_plf_get_target_id
 *fill*         0x0000000000001db6        0xa 
 .text.puf_plf_get_file_size
                0x0000000000001dc0        0xa /home/jose/catkin_ws/build/parrot_arsdk/arsdk/src/ARSDKBuildUtils/out/arsdk-native/build/libpuf/obj/src/libpuf_plf.c.o
                0x0000000000001dc0                puf_plf_get_file_size
 *fill*         0x0000000000001dca        0x6 
 .text.puf_plf_extract_to_buf
                0x0000000000001dd0        0xa /home/jose/catkin_ws/build/parrot_arsdk/arsdk/src/ARSDKBuildUtils/out/arsdk-native/build/libpuf/obj/src/libpuf_plf.c.o
                0x0000000000001dd0                puf_plf_extract_to_buf
 *fill*         0x0000000000001dda        0x6 
 .text.puf_plf_extract_to_file
                0x0000000000001de0        0xa /home/jose/catkin_ws/build/parrot_arsdk/arsdk/src/ARSDKBuildUtils/out/arsdk-native/build/libpuf/obj/src/libpuf_plf.c.o
                0x0000000000001de0                puf_plf_extract_to_file
 *fill*         0x0000000000001dea        0x6 
 .text.puf_plf_get_version_from_buffer
                0x0000000000001df0       0x36 /home/jose/catkin_ws/build/parrot_arsdk/arsdk/src/ARSDKBuildUtils/out/arsdk-native/build/libpuf/obj/src/libpuf_plf.c.o
                0x0000000000001df0                puf_plf_get_version_from_buffer
 *fill*         0x0000000000001e26        0xa 
 .text.gzopen_frontend
                0x0000000000001e30       0xc1 /home/jose/catkin_ws/build/parrot_arsdk/arsdk/src/ARSDKBuildUtils/out/arsdk-native/build/libpuf/obj/src/libpuf_tar.c.o
 *fill*         0x0000000000001ef1        0xf 
 .text.puf_tar_destroy
                0x0000000000001f00       0x29 /home/jose/catkin_ws/build/parrot_arsdk/arsdk/src/ARSDKBuildUtils/out/arsdk-native/build/libpuf/obj/src/libpuf_tar.c.o
                0x0000000000001f00                puf_tar_destroy
 *fill*         0x0000000000001f29        0x7 
 .text.puf_tar_get_version
                0x0000000000001f30       0x26 /home/jose/catkin_ws/build/parrot_arsdk/arsdk/src/ARSDKBuildUtils/out/arsdk-native/build/libpuf/obj/src/libpuf_tar.c.o
                0x0000000000001f30                puf_tar_get_version
 *fill*         0x0000000000001f56        0xa 
 .text.puf_tar_get_app_id
                0x0000000000001f60       0x26 /home/jose/catkin_ws/build/parrot_arsdk/arsdk/src/ARSDKBuildUtils/out/arsdk-native/build/libpuf/obj/src/libpuf_tar.c.o
                0x0000000000001f60                puf_tar_get_app_id
 *fill*         0x0000000000001f86        0xa 
 .text.puf_tar_get_target_id
                0x0000000000001f90       0x26 /home/jose/catkin_ws/build/parrot_arsdk/arsdk/src/ARSDKBuildUtils/out/arsdk-native/build/libpuf/obj/src/libpuf_tar.c.o
                0x0000000000001f90                puf_tar_get_target_id
 *fill*         0x0000000000001fb6        0xa 
 .text.puf_tar_get_file_size
                0x0000000000001fc0      0x17e /home/jose/catkin_ws/build/parrot_arsdk/arsdk/src/ARSDKBuildUtils/out/arsdk-native/build/libpuf/obj/src/libpuf_tar.c.o
                0x0000000000001fc0                puf_tar_get_file_size
 *fill*         0x000000000000213e        0x2 
 .text.puf_tar_extract_to_buf
                0x0000000000002140      0x27b /home/jose/catkin_ws/build/parrot_arsdk/arsdk/src/ARSDKBuildUtils/out/arsdk-native/build/libpuf/obj/src/libpuf_tar.c.o
                0x0000000000002140                puf_tar_extract_to_buf
 *fill*         0x00000000000023bb        0x5 
 .text.puf_tar_new
                0x00000000000023c0       0x93 /home/jose/catkin_ws/build/parrot_arsdk/arsdk/src/ARSDKBuildUtils/out/arsdk-native/build/libpuf/obj/src/libpuf_tar.c.o
                0x00000000000023c0                puf_tar_new
 *fill*         0x0000000000002453        0xd 
 .text.puf_tar_extract_to_file
                0x0000000000002460      0x18a /home/jose/catkin_ws/build/parrot_arsdk/arsdk/src/ARSDKBuildUtils/out/arsdk-native/build/libpuf/obj/src/libpuf_tar.c.o
                0x0000000000002460                puf_tar_extract_to_file
 *(.gnu.warning)

.fini           0x00000000000025ec        0xd
 *(SORT_NONE(.fini))
 .fini          0x00000000000025ec        0x8 /usr/lib/gcc/x86_64-linux-gnu/9/../../../x86_64-linux-gnu/crti.o
                0x00000000000025ec                _fini
 .fini          0x00000000000025f4        0x5 /usr/lib/gcc/x86_64-linux-gnu/9/../../../x86_64-linux-gnu/crtn.o
                [!provide]                        PROVIDE (__etext = .)
                [!provide]                        PROVIDE (_etext = .)
                [!provide]                        PROVIDE (etext = .)
                0x0000000000003000                . = ALIGN (CONSTANT (MAXPAGESIZE))
                0x0000000000003000                . = SEGMENT_START ("rodata-segment", (ALIGN (CONSTANT (MAXPAGESIZE)) + (. & (CONSTANT (MAXPAGESIZE) - 0x1))))

.rodata         0x0000000000003000       0x75
 *(.rodata .rodata.* .gnu.linkonce.r.*)
 .rodata.str1.1
                0x0000000000003000       0x53 /home/jose/catkin_ws/build/parrot_arsdk/arsdk/src/ARSDKBuildUtils/out/arsdk-native/build/libpuf/obj/src/libpuf.c.o
 *fill*         0x0000000000003053        0x1 
 .rodata        0x0000000000003054       0x14 /home/jose/catkin_ws/build/parrot_arsdk/arsdk/src/ARSDKBuildUtils/out/arsdk-native/build/libpuf/obj/src/libpuf.c.o
 .rodata.str1.1
                0x0000000000003068        0x3 /home/jose/catkin_ws/build/parrot_arsdk/arsdk/src/ARSDKBuildUtils/out/arsdk-native/build/libpuf/obj/src/libpuf_plf.c.o
 .rodata.str1.1
                0x000000000000306b        0xa /home/jose/catkin_ws/build/parrot_arsdk/arsdk/src/ARSDKBuildUtils/out/arsdk-native/build/libpuf/obj/src/libpuf_tar.c.o
                                          0xd (size before relaxing)

.rodata1
 *(.rodata1)

.eh_frame_hdr   0x0000000000003078      0x11c
 *(.eh_frame_hdr)
 .eh_frame_hdr  0x0000000000003078      0x11c /home/jose/catkin_ws/build/parrot_arsdk/arsdk/src/ARSDKBuildUtils/out/arsdk-native/build/libpuf/obj/src/libpuf.c.o
                0x0000000000003078                __GNU_EH_FRAME_HDR
 *(.eh_frame_entry .eh_frame_entry.*)

.eh_frame       0x0000000000003198      0x4c8
 *(.eh_frame)
 .eh_frame      0x0000000000003198       0x40 /usr/lib/gcc/x86_64-linux-gnu/9/../../../x86_64-linux-gnu/crti.o
 .eh_frame      0x00000000000031d8       0x18 /usr/lib/gcc/x86_64-linux-gnu/9/../../../x86_64-linux-gnu/crti.o
                                         0x30 (size before relaxing)
 .eh_frame      0x00000000000031f0       0x18 /usr/lib/gcc/x86_64-linux-gnu/9/../../../x86_64-linux-gnu/crti.o
                                         0x30 (size before relaxing)
 .eh_frame      0x0000000000003208      0x1e0 /home/jose/catkin_ws/build/parrot_arsdk/arsdk/src/ARSDKBuildUtils/out/arsdk-native/build/libpuf/obj/src/libpuf.c.o
                                        0x1f8 (size before relaxing)
 .eh_frame      0x00000000000033e8       0xe8 /home/jose/catkin_ws/build/parrot_arsdk/arsdk/src/ARSDKBuildUtils/out/arsdk-native/build/libpuf/obj/src/libpuf_plf.c.o
                                        0x100 (size before relaxing)
 .eh_frame      0x00000000000034d0      0x18c /home/jose/catkin_ws/build/parrot_arsdk/arsdk/src/ARSDKBuildUtils/out/arsdk-native/build/libpuf/obj/src/libpuf_tar.c.o
                                        0x1a8 (size before relaxing)
 .eh_frame      0x000000000000365c        0x4 /usr/lib/gcc/x86_64-linux-gnu/9/crtendS.o
 *(.eh_frame.*)

.gcc_except_table
 *(.gcc_except_table .gcc_except_table.*)

.gnu_extab
 *(.gnu_extab*)

.exception_ranges
 *(.exception_ranges*)
                0x0000000000004dd0                . = DATA_SEGMENT_ALIGN (CONSTANT (MAXPAGESIZE), CONSTANT (COMMONPAGESIZE))

.eh_frame
 *(.eh_frame)
 *(.eh_frame.*)

.gnu_extab
 *(.gnu_extab)

.gcc_except_table
 *(.gcc_except_table .gcc_except_table.*)

.exception_ranges
 *(.exception_ranges*)

.tdata
 *(.tdata .tdata.* .gnu.linkonce.td.*)

.tbss
 *(.tbss .tbss.* .gnu.linkonce.tb.*)
 *(.tcommon)

.preinit_array
 *(.preinit_array)

.init_array     0x0000000000004dd0        0x8
 *(SORT_BY_INIT_PRIORITY(.init_array.*) SORT_BY_INIT_PRIORITY(.ctors.*))
 *(.init_array EXCLUDE_FILE(*crtend?.o *crtend.o *crtbegin?.o *crtbegin.o) .ctors)
 .init_array    0x0000000000004dd0        0x8 /usr/lib/gcc/x86_64-linux-gnu/9/crtbeginS.o

.fini_array     0x0000000000004dd8        0x8
 *(SORT_BY_INIT_PRIORITY(.fini_array.*) SORT_BY_INIT_PRIORITY(.dtors.*))
 *(.fini_array EXCLUDE_FILE(*crtend?.o *crtend.o *crtbegin?.o *crtbegin.o) .dtors)
 .fini_array    0x0000000000004dd8        0x8 /usr/lib/gcc/x86_64-linux-gnu/9/crtbeginS.o

.ctors
 *crtbegin.o(.ctors)
 *crtbegin?.o(.ctors)
 *(EXCLUDE_FILE(*crtend?.o *crtend.o) .ctors)
 *(SORT_BY_NAME(.ctors.*))
 *(.ctors)

.dtors
 *crtbegin.o(.dtors)
 *crtbegin?.o(.dtors)
 *(EXCLUDE_FILE(*crtend?.o *crtend.o) .dtors)
 *(SORT_BY_NAME(.dtors.*))
 *(.dtors)

.jcr
 *(.jcr)

.data.rel.ro    0x0000000000004de0        0x0
 *(.data.rel.ro.local* .gnu.linkonce.d.rel.ro.local.*)
 *(.data.rel.ro .data.rel.ro.* .gnu.linkonce.d.rel.ro.*)
 .data.rel.ro   0x0000000000004de0        0x0 /usr/lib/gcc/x86_64-linux-gnu/9/../../../x86_64-linux-gnu/crti.o

.dynamic        0x0000000000004de0      0x200
 *(.dynamic)
 .dynamic       0x0000000000004de0      0x200 /usr/lib/gcc/x86_64-linux-gnu/9/../../../x86_64-linux-gnu/crti.o
                0x0000000000004de0                _DYNAMIC

.got            0x0000000000004fe0       0x20
 *(.got)
 .got           0x0000000000004fe0       0x20 /usr/lib/gcc/x86_64-linux-gnu/9/../../../x86_64-linux-gnu/crti.o
 *(.igot)
                0x0000000000005fe8                . = DATA_SEGMENT_RELRO_END (., (SIZEOF (.got.plt) >= 0x18)?0x18:0x0)

.got.plt        0x0000000000005000       0xf8
 *(.got.plt)
 .got.plt       0x0000000000005000       0xf8 /usr/lib/gcc/x86_64-linux-gnu/9/../../../x86_64-linux-gnu/crti.o
                0x0000000000005000                _GLOBAL_OFFSET_TABLE_
 *(.igot.plt)

.data           0x0000000000005100       0x40
 *(.data .data.* .gnu.linkonce.d.*)
 .data.rel.local
                0x0000000000005100        0x8 /usr/lib/gcc/x86_64-linux-gnu/9/crtbeginS.o
                0x0000000000005100                __dso_handle
 *fill*         0x0000000000005108       0x18 
 .data.rel      0x0000000000005120       0x20 /home/jose/catkin_ws/build/parrot_arsdk/arsdk/src/ARSDKBuildUtils/out/arsdk-native/build/libpuf/obj/src/libpuf_tar.c.o

.tm_clone_table
                0x0000000000005140        0x0
 .tm_clone_table
                0x0000000000005140        0x0 /usr/lib/gcc/x86_64-linux-gnu/9/crtbeginS.o
 .tm_clone_table
                0x0000000000005140        0x0 /usr/lib/gcc/x86_64-linux-gnu/9/crtendS.o

.data1
 *(.data1)
                [!provide]                        PROVIDE (_edata = .)
                [!provide]                        PROVIDE (edata = .)
                0x0000000000005140                . = .
                [!provide]                        PROVIDE (__bss_start = .)

.bss            0x0000000000005140        0x8
 *(.dynbss)
 .dynbss        0x0000000000005140        0x0 /usr/lib/gcc/x86_64-linux-gnu/9/../../../x86_64-linux-gnu/crti.o
 *(.bss .bss.* .gnu.linkonce.b.*)
 .bss           0x0000000000005140        0x1 /usr/lib/gcc/x86_64-linux-gnu/9/crtbeginS.o
 *(COMMON)
                0x0000000000005148                . = ALIGN ((. != 0x0)?0x8:0x1)
 *fill*         0x0000000000005141        0x7 

.lbss
 *(.dynlbss)
 *(.lbss .lbss.* .gnu.linkonce.lb.*)
 *(LARGE_COMMON)
                0x0000000000005148                . = ALIGN (0x8)
                0x0000000000005148                . = SEGMENT_START ("ldata-segment", .)

.lrodata
 *(.lrodata .lrodata.* .gnu.linkonce.lr.*)

.ldata          0x0000000000007148        0x0
 *(.ldata .ldata.* .gnu.linkonce.l.*)
                0x0000000000007148                . = ALIGN ((. != 0x0)?0x8:0x1)
                0x0000000000007148                . = ALIGN (0x8)
                [!provide]                        PROVIDE (_end = .)
                [!provide]                        PROVIDE (end = .)
                0x0000000000007148                . = DATA_SEGMENT_END (.)

.stab
 *(.stab)

.stabstr
 *(.stabstr)

.stab.excl
 *(.stab.excl)

.stab.exclstr
 *(.stab.exclstr)

.stab.index
 *(.stab.index)

.stab.indexstr
 *(.stab.indexstr)

.comment        0x0000000000000000       0x2b
 *(.comment)
 .comment       0x0000000000000000       0x2b /usr/lib/gcc/x86_64-linux-gnu/9/crtbeginS.o
                                         0x2c (size before relaxing)
 .comment       0x000000000000002b       0x2c /home/jose/catkin_ws/build/parrot_arsdk/arsdk/src/ARSDKBuildUtils/out/arsdk-native/build/libpuf/obj/src/libpuf.c.o
 .comment       0x000000000000002b       0x2c /home/jose/catkin_ws/build/parrot_arsdk/arsdk/src/ARSDKBuildUtils/out/arsdk-native/build/libpuf/obj/src/libpuf_plf.c.o
 .comment       0x000000000000002b       0x2c /home/jose/catkin_ws/build/parrot_arsdk/arsdk/src/ARSDKBuildUtils/out/arsdk-native/build/libpuf/obj/src/libpuf_tar.c.o
 .comment       0x000000000000002b       0x2c /usr/lib/gcc/x86_64-linux-gnu/9/crtendS.o

.gnu.build.attributes
 *(.gnu.build.attributes .gnu.build.attributes.*)

.debug
 *(.debug)

.line
 *(.line)

.debug_srcinfo
 *(.debug_srcinfo)

.debug_sfnames
 *(.debug_sfnames)

.debug_aranges  0x0000000000000000      0x250
 *(.debug_aranges)
 .debug_aranges
                0x0000000000000000       0xe0 /home/jose/catkin_ws/build/parrot_arsdk/arsdk/src/ARSDKBuildUtils/out/arsdk-native/build/libpuf/obj/src/libpuf.c.o
 .debug_aranges
                0x00000000000000e0       0xc0 /home/jose/catkin_ws/build/parrot_arsdk/arsdk/src/ARSDKBuildUtils/out/arsdk-native/build/libpuf/obj/src/libpuf_plf.c.o
 .debug_aranges
                0x00000000000001a0       0xb0 /home/jose/catkin_ws/build/parrot_arsdk/arsdk/src/ARSDKBuildUtils/out/arsdk-native/build/libpuf/obj/src/libpuf_tar.c.o

.debug_pubnames
 *(.debug_pubnames)

.debug_info     0x0000000000000000     0x3289
 *(.debug_info .gnu.linkonce.wi.*)
 .debug_info    0x0000000000000000     0x12c8 /home/jose/catkin_ws/build/parrot_arsdk/arsdk/src/ARSDKBuildUtils/out/arsdk-native/build/libpuf/obj/src/libpuf.c.o
 .debug_info    0x00000000000012c8      0xa8b /home/jose/catkin_ws/build/parrot_arsdk/arsdk/src/ARSDKBuildUtils/out/arsdk-native/build/libpuf/obj/src/libpuf_plf.c.o
 .debug_info    0x0000000000001d53     0x1536 /home/jose/catkin_ws/build/parrot_arsdk/arsdk/src/ARSDKBuildUtils/out/arsdk-native/build/libpuf/obj/src/libpuf_tar.c.o

.debug_abbrev   0x0000000000000000      0xb34
 *(.debug_abbrev)
 .debug_abbrev  0x0000000000000000      0x441 /home/jose/catkin_ws/build/parrot_arsdk/arsdk/src/ARSDKBuildUtils/out/arsdk-native/build/libpuf/obj/src/libpuf.c.o
 .debug_abbrev  0x0000000000000441      0x342 /home/jose/catkin_ws/build/parrot_arsdk/arsdk/src/ARSDKBuildUtils/out/arsdk-native/build/libpuf/obj/src/libpuf_plf.c.o
 .debug_abbrev  0x0000000000000783      0x3b1 /home/jose/catkin_ws/build/parrot_arsdk/arsdk/src/ARSDKBuildUtils/out/arsdk-native/build/libpuf/obj/src/libpuf_tar.c.o

.debug_line     0x0000000000000000     0x15b9
 *(.debug_line .debug_line.* .debug_line_end)
 .debug_line    0x0000000000000000      0x8f5 /home/jose/catkin_ws/build/parrot_arsdk/arsdk/src/ARSDKBuildUtils/out/arsdk-native/build/libpuf/obj/src/libpuf.c.o
 .debug_line    0x00000000000008f5      0x4c8 /home/jose/catkin_ws/build/parrot_arsdk/arsdk/src/ARSDKBuildUtils/out/arsdk-native/build/libpuf/obj/src/libpuf_plf.c.o
 .debug_line    0x0000000000000dbd      0x7fc /home/jose/catkin_ws/build/parrot_arsdk/arsdk/src/ARSDKBuildUtils/out/arsdk-native/build/libpuf/obj/src/libpuf_tar.c.o

.debug_frame
 *(.debug_frame)

.debug_str      0x0000000000000000      0xbc6
 *(.debug_str)
 .debug_str     0x0000000000000000      0x866 /home/jose/catkin_ws/build/parrot_arsdk/arsdk/src/ARSDKBuildUtils/out/arsdk-native/build/libpuf/obj/src/libpuf.c.o
                                        0x931 (size before relaxing)
 .debug_str     0x0000000000000866       0xb8 /home/jose/catkin_ws/build/parrot_arsdk/arsdk/src/ARSDKBuildUtils/out/arsdk-native/build/libpuf/obj/src/libpuf_plf.c.o
                                        0x6d2 (size before relaxing)
 .debug_str     0x000000000000091e      0x2a8 /home/jose/catkin_ws/build/parrot_arsdk/arsdk/src/ARSDKBuildUtils/out/arsdk-native/build/libpuf/obj/src/libpuf_tar.c.o
                                        0x9d7 (size before relaxing)

.debug_loc      0x0000000000000000     0x2626
 *(.debug_loc)
 .debug_loc     0x0000000000000000     0x128d /home/jose/catkin_ws/build/parrot_arsdk/arsdk/src/ARSDKBuildUtils/out/arsdk-native/build/libpuf/obj/src/libpuf.c.o
 .debug_loc     0x000000000000128d      0x4e8 /home/jose/catkin_ws/build/parrot_arsdk/arsdk/src/ARSDKBuildUtils/out/arsdk-native/build/libpuf/obj/src/libpuf_plf.c.o
 .debug_loc     0x0000000000001775      0xeb1 /home/jose/catkin_ws/build/parrot_arsdk/arsdk/src/ARSDKBuildUtils/out/arsdk-native/build/libpuf/obj/src/libpuf_tar.c.o

.debug_macinfo
 *(.debug_macinfo)

.debug_weaknames
 *(.debug_weaknames)

.debug_funcnames
 *(.debug_funcnames)

.debug_typenames
 *(.debug_typenames)

.debug_varnames
 *(.debug_varnames)

.debug_pubtypes
 *(.debug_pubtypes)

.debug_ranges   0x0000000000000000      0x480
 *(.debug_ranges)
 .debug_ranges  0x0000000000000000      0x1e0 /home/jose/catkin_ws/build/parrot_arsdk/arsdk/src/ARSDKBuildUtils/out/arsdk-native/build/libpuf/obj/src/libpuf.c.o
 .debug_ranges  0x00000000000001e0       0xe0 /home/jose/catkin_ws/build/parrot_arsdk/arsdk/src/ARSDKBuildUtils/out/arsdk-native/build/libpuf/obj/src/libpuf_plf.c.o
 .debug_ranges  0x00000000000002c0      0x1c0 /home/jose/catkin_ws/build/parrot_arsdk/arsdk/src/ARSDKBuildUtils/out/arsdk-native/build/libpuf/obj/src/libpuf_tar.c.o

.debug_macro
 *(.debug_macro)

.debug_addr
 *(.debug_addr)

.gnu.attributes
 *(.gnu.attributes)

/DISCARD/
 *(.note.GNU-stack)
 *(.gnu_debuglink)
 *(.gnu.lto_*)
OUTPUT(out/arsdk-native/build/libpuf/libpuf.so elf64-x86-64)
